Component: ARM Compiler 5.06 update 6 (build 750) Tool: armlink [4d35ed]

==============================================================================

Section Cross References

    main.o(i.main) refers to tasks.o(i.xTaskCreate) for xTaskCreate
    main.o(i.main) refers to tasks.o(i.vTaskStartScheduler) for vTaskStartScheduler
    main.o(i.main) refers to task_init.o(.data) for StartTaskHandler
    main.o(i.main) refers to task_init.o(i.vTaskStart) for vTaskStart
    stm32f4xx_it.o(i.CAN1_RX0_IRQHandler) refers to stm32f4xx_can.o(i.CAN_GetITStatus) for CAN_GetITStatus
    stm32f4xx_it.o(i.CAN1_RX0_IRQHandler) refers to stm32f4xx_can.o(i.CAN_Receive) for CAN_Receive
    stm32f4xx_it.o(i.CAN1_RX0_IRQHandler) refers to queue.o(i.xQueueGenericSendFromISR) for xQueueGenericSendFromISR
    stm32f4xx_it.o(i.CAN1_RX0_IRQHandler) refers to stm32f4xx_can.o(i.CAN_ClearITPendingBit) for CAN_ClearITPendingBit
    stm32f4xx_it.o(i.CAN1_RX0_IRQHandler) refers to task_can.o(.data) for xCan1RxQueue
    stm32f4xx_it.o(i.CAN2_RX0_IRQHandler) refers to stm32f4xx_can.o(i.CAN_GetITStatus) for CAN_GetITStatus
    stm32f4xx_it.o(i.CAN2_RX0_IRQHandler) refers to stm32f4xx_can.o(i.CAN_Receive) for CAN_Receive
    stm32f4xx_it.o(i.CAN2_RX0_IRQHandler) refers to queue.o(i.xQueueGenericSendFromISR) for xQueueGenericSendFromISR
    stm32f4xx_it.o(i.CAN2_RX0_IRQHandler) refers to stm32f4xx_can.o(i.CAN_ClearITPendingBit) for CAN_ClearITPendingBit
    stm32f4xx_it.o(i.CAN2_RX0_IRQHandler) refers to task_can.o(.data) for xCan2RxQueue
    stm32f4xx_it.o(i.TIM6_DAC_IRQHandler) refers to stm32f4xx_tim.o(i.TIM_GetITStatus) for TIM_GetITStatus
    stm32f4xx_it.o(i.TIM6_DAC_IRQHandler) refers to stm32f4xx_tim.o(i.TIM_ClearITPendingBit) for TIM_ClearITPendingBit
    stm32f4xx_it.o(i.TIM6_DAC_IRQHandler) refers to task_init.o(.data) for ulHighFrequencyTimerTicks
    stm32f4xx_it.o(i.UART7_IRQHandler) refers to stm32f4xx_usart.o(i.USART_GetITStatus) for USART_GetITStatus
    stm32f4xx_it.o(i.UART7_IRQHandler) refers to stm32f4xx_dma.o(i.DMA_Cmd) for DMA_Cmd
    stm32f4xx_it.o(i.UART7_IRQHandler) refers to queue.o(i.xQueueGenericSendFromISR) for xQueueGenericSendFromISR
    stm32f4xx_it.o(i.UART7_IRQHandler) refers to camera.o(.bss) for Camera
    stm32f4xx_it.o(i.UART7_IRQHandler) refers to task_usart.o(.data) for xUart7RxQueue
    stm32f4xx_it.o(i.USART1_IRQHandler) refers to stm32f4xx_usart.o(i.USART_GetITStatus) for USART_GetITStatus
    stm32f4xx_it.o(i.USART1_IRQHandler) refers to stm32f4xx_dma.o(i.DMA_Cmd) for DMA_Cmd
    stm32f4xx_it.o(i.USART1_IRQHandler) refers to stm32f4xx_dma.o(i.DMA_GetCurrDataCounter) for DMA_GetCurrDataCounter
    stm32f4xx_it.o(i.USART1_IRQHandler) refers to queue.o(i.xQueueGenericSendFromISR) for xQueueGenericSendFromISR
    stm32f4xx_it.o(i.USART1_IRQHandler) refers to dr16.o(.bss) for DR16
    stm32f4xx_it.o(i.USART1_IRQHandler) refers to task_usart.o(.data) for xUsart1RxQueue
    stm32f4xx_it.o(i.USART2_IRQHandler) refers to stm32f4xx_usart.o(i.USART_GetITStatus) for USART_GetITStatus
    stm32f4xx_it.o(i.USART2_IRQHandler) refers to stm32f4xx_dma.o(i.DMA_Cmd) for DMA_Cmd
    stm32f4xx_it.o(i.USART2_IRQHandler) refers to queue.o(i.xQueueGenericSendFromISR) for xQueueGenericSendFromISR
    stm32f4xx_it.o(i.USART2_IRQHandler) refers to encoder.o(.bss) for Posture
    stm32f4xx_it.o(i.USART2_IRQHandler) refers to task_usart.o(.data) for xUsart2RxQueue
    stm32f4xx_it.o(i.USART3_IRQHandler) refers to stm32f4xx_usart.o(i.USART_GetITStatus) for USART_GetITStatus
    stm32f4xx_it.o(i.USART3_IRQHandler) refers to stm32f4xx_dma.o(i.DMA_Cmd) for DMA_Cmd
    stm32f4xx_it.o(i.USART3_IRQHandler) refers to stm32f4xx_dma.o(i.DMA_GetCurrDataCounter) for DMA_GetCurrDataCounter
    stm32f4xx_it.o(i.USART3_IRQHandler) refers to queue.o(i.xQueueGenericSendFromISR) for xQueueGenericSendFromISR
    stm32f4xx_it.o(i.USART3_IRQHandler) refers to gyro.o(.bss) for GY955
    stm32f4xx_it.o(i.USART3_IRQHandler) refers to task_usart.o(.data) for xUsart3RxQueue
    stm32f4xx_it.o(i.USART6_IRQHandler) refers to stm32f4xx_usart.o(i.USART_GetITStatus) for USART_GetITStatus
    stm32f4xx_it.o(i.USART6_IRQHandler) refers to stm32f4xx_dma.o(i.DMA_Cmd) for DMA_Cmd
    stm32f4xx_it.o(i.USART6_IRQHandler) refers to queue.o(i.xQueueGenericSendFromISR) for xQueueGenericSendFromISR
    stm32f4xx_it.o(i.USART6_IRQHandler) refers to servo.o(.bss) for DigitalServo
    stm32f4xx_it.o(i.USART6_IRQHandler) refers to task_usart.o(.data) for xUsart6RxQueue
    task_ctrl.o(i.ControlTaskCreate) refers to tasks.o(i.xTaskCreate) for xTaskCreate
    task_ctrl.o(i.ControlTaskCreate) refers to task_ctrl.o(.data) for .data
    task_ctrl.o(i.ControlTaskCreate) refers to task_ctrl.o(i.vTaskCtrlChassis) for vTaskCtrlChassis
    task_ctrl.o(i.ControlTaskCreate) refers to task_ctrl.o(i.vTaskCtrlGimbal) for vTaskCtrlGimbal
    task_ctrl.o(i.ControlTaskCreate) refers to task_ctrl.o(i.vTaskCtrlJoint) for vTaskCtrlJoint
[...]
    hipErr                                   0x2000034e   Data           2  joint.o(.data)
    temp                                     0x20000350   Data           2  joint.o(.data)
    temp                                     0x20000354   Data           4  joint.o(.data)
    temp                                     0x20000358   Data           4  joint.o(.data)
    .data                                    0x2000035c   Section       16  curve.o(.data)
    xCoords                                  0x2000035c   Data           4  curve.o(.data)
    yCoords                                  0x20000360   Data           4  curve.o(.data)
    xCoords                                  0x20000364   Data           4  curve.o(.data)
    yCoords                                  0x20000368   Data           4  curve.o(.data)
    .data                                    0x2000036c   Section        2  motor.o(.data)
    targetAngle                              0x2000036c   Data           2  motor.o(.data)
    .data                                    0x2000036e   Section        1  camera.o(.data)
    .data                                    0x20000370   Section        4  bsp_usart.o(.data)
    .data                                    0x20000374   Section       68  tasks.o(.data)
    uxDeletedTasksWaitingCleanUp             0x20000378   Data           4  tasks.o(.data)
    uxCurrentNumberOfTasks                   0x2000037c   Data           4  tasks.o(.data)
    xTickCount                               0x20000380   Data           4  tasks.o(.data)
    uxTopReadyPriority                       0x20000384   Data           4  tasks.o(.data)
    xSchedulerRunning                        0x20000388   Data           4  tasks.o(.data)
    uxPendedTicks                            0x2000038c   Data           4  tasks.o(.data)
    xYieldPending                            0x20000390   Data           4  tasks.o(.data)
    xNumOfOverflows                          0x20000394   Data           4  tasks.o(.data)
    uxTaskNumber                             0x20000398   Data           4  tasks.o(.data)
    xNextTaskUnblockTime                     0x2000039c   Data           4  tasks.o(.data)
    xIdleTaskHandle                          0x200003a0   Data           4  tasks.o(.data)
    uxSchedulerSuspended                     0x200003a4   Data           4  tasks.o(.data)
    ulTaskSwitchedInTime                     0x200003a8   Data           4  tasks.o(.data)
    ulTotalRunTime                           0x200003ac   Data           4  tasks.o(.data)
    pxDelayedTaskList                        0x200003b0   Data           4  tasks.o(.data)
    pxOverflowDelayedTaskList                0x200003b4   Data           4  tasks.o(.data)
    .data                                    0x200003b8   Section       20  timers.o(.data)
    xTimerQueue                              0x200003b8   Data           4  timers.o(.data)
    xTimerTaskHandle                         0x200003bc   Data           4  timers.o(.data)
    xLastTime                                0x200003c0   Data           4  timers.o(.data)
    pxCurrentTimerList                       0x200003c4   Data           4  timers.o(.data)
    pxOverflowTimerList                      0x200003c8   Data           4  timers.o(.data)
    .data                                    0x200003cc   Section       24  heap_4.o(.data)
    pxEnd                                    0x200003cc   Data           4  heap_4.o(.data)
    xFreeBytesRemaining                      0x200003d0   Data           4  heap_4.o(.data)
    xMinimumEverFreeBytesRemaining           0x200003d4   Data           4  heap_4.o(.data)
    xBlockAllocatedBit                       0x200003d8   Data           4  heap_4.o(.data)
    xStart                                   0x200003dc   Data           8  heap_4.o(.data)
    .data                                    0x200003e4   Section       12  port.o(.data)
    ucMaxSysCallPriority                     0x200003e4   Data           1  port.o(.data)
    uxCriticalNesting                        0x200003e8   Data           4  port.o(.data)
    ulMaxPRIGROUPValue                       0x200003ec   Data           4  port.o(.data)
    .data                                    0x200003f0   Section       16  stm32f4xx_rcc.o(.data)
    APBAHBPrescTable                         0x200003f0   Data          16  stm32f4xx_rcc.o(.data)
    .data                                    0x20000400   Section       20  system_stm32f4xx.o(.data)
    .data                                    0x20000414   Section        4  mvars.o(.data)
    .data                                    0x20000418   Section        4  mvars.o(.data)
    .data                                    0x2000041c   Section        4  errno.o(.data)
    _errno                                   0x2000041c   Data           4  errno.o(.data)
    .bss                                     0x20000420   Section      380  chassis.o(.bss)
    .bss                                     0x2000059c   Section      632  joint.o(.bss)
    .bss                                     0x20000814   Section       12  filter.o(.bss)
    .bss                                     0x20000820   Section       52  dr16.o(.bss)
    .bss                                     0x20000854   Section     1292  motor.o(.bss)
    canSendData                              0x20000854   Data          24  motor.o(.bss)
    canSendData                              0x2000086c   Data          24  motor.o(.bss)
    canSendData                              0x20000884   Data          24  motor.o(.bss)
    .bss                                     0x20000d60   Section      512  servo.o(.bss)
    .bss                                     0x20000f60   Section       96  gyro.o(.bss)
    .bss                                     0x20000fc0   Section      264  robomodule.o(.bss)
    canSendData                              0x20000fc0   Data          24  robomodule.o(.bss)
    canSendData                              0x20000fd8   Data          24  robomodule.o(.bss)
    canSendData                              0x20000ff0   Data          24  robomodule.o(.bss)
    canSendData                              0x20001008   Data          24  robomodule.o(.bss)
    canSendData                              0x20001020   Data          24  robomodule.o(.bss)
    canSendData                              0x20001038   Data          24  robomodule.o(.bss)
    canSendData                              0x20001050   Data          24  robomodule.o(.bss)
    canSendData                              0x20001068   Data          24  robomodule.o(.bss)
    canSendData                              0x20001080   Data          24  robomodule.o(.bss)
    canSendData                              0x20001098   Data          24  robomodule.o(.bss)
    canSendData                              0x200010b0   Data          24  robomodule.o(.bss)
    .bss                                     0x200010c8   Section       76  encoder.o(.bss)
    .bss                                     0x20001114   Section       16  camera.o(.bss)
    .bss                                     0x20001124   Section       28  ultrasonic.o(.bss)
    .bss                                     0x20001140   Section       64  queue.o(.bss)
    .bss                                     0x20001180   Section      200  tasks.o(.bss)
    pxReadyTasksLists                        0x20001180   Data         100  tasks.o(.bss)
    xDelayedTaskList1                        0x200011e4   Data          20  tasks.o(.bss)
    xDelayedTaskList2                        0x200011f8   Data          20  tasks.o(.bss)
    xPendingReadyList                        0x2000120c   Data          20  tasks.o(.bss)
    xTasksWaitingTermination                 0x20001220   Data          20  tasks.o(.bss)
    xSuspendedTaskList                       0x20001234   Data          20  tasks.o(.bss)
    .bss                                     0x20001248   Section       40  timers.o(.bss)
    xActiveTimerList1                        0x20001248   Data          20  timers.o(.bss)
    xActiveTimerList2                        0x2000125c   Data          20  timers.o(.bss)
    .bss                                     0x20001270   Section    76800  heap_4.o(.bss)
    ucHeap                                   0x20001270   Data       76800  heap_4.o(.bss)
    HEAP                                     0x20013e70   Section      512  startup_stm32f427_437xx.o(HEAP)
    STACK                                    0x20014070   Section     1024  startup_stm32f427_437xx.o(STACK)

    Global Symbols

    Symbol Name                              Value     Ov Type        Size  Object(Section)

    BuildAttributes$$THM_ISAv4$E$P$D$K$B$S$7EM$VFPi3$EXTD16$VFPS$VFMA$PE$A:L22UL41UL21$X:L11$S22US41US21$IEEE1$IW$USESV6$~STKCKD$USESV7$~SHL$OTIME$ROPI$IEEEX$EBA8$MICROLIB$REQ8$PRES8$EABIv2 0x00000000   Number         0  anon$$obj.o ABSOLUTE
    __ARM_use_no_argv                        0x00000000   Number         0  main.o ABSOLUTE
    __use_no_errno                           0x00000000   Number         0  useno.o ABSOLUTE
    __use_no_exception_handling              0x00000000   Number         0  useno.o ABSOLUTE
    __use_no_fp                              0x00000000   Number         0  useno.o ABSOLUTE
    __use_no_heap                            0x00000000   Number         0  useno.o ABSOLUTE
    __use_no_heap_region                     0x00000000   Number         0  useno.o ABSOLUTE
    __use_no_semihosting                     0x00000000   Number         0  useno.o ABSOLUTE
    __use_no_semihosting_swi                 0x00000000   Number         0  useno.o ABSOLUTE
    __use_no_signal_handling                 0x00000000   Number         0  useno.o ABSOLUTE
    _printf_a                                0x00000000   Number         0  stubs.o ABSOLUTE
    _printf_c                                0x00000000   Number         0  stubs.o ABSOLUTE
    _printf_charcount                        0x00000000   Number         0  stubs.o ABSOLUTE
    _printf_d                                0x00000000   Number         0  stubs.o ABSOLUTE
    _printf_e                                0x00000000   Number         0  stubs.o ABSOLUTE
    _printf_f                                0x00000000   Number         0  stubs.o ABSOLUTE
    _printf_flags                            0x00000000   Number         0  stubs.o ABSOLUTE
    _printf_fp_dec                           0x00000000   Number         0  stubs.o ABSOLUTE
    _printf_fp_hex                           0x00000000   Number         0  stubs.o ABSOLUTE
    _printf_g                                0x00000000   Number         0  stubs.o ABSOLUTE
    _printf_i                                0x00000000   Number         0  stubs.o ABSOLUTE
    _printf_int_dec                          0x00000000   Number         0  stubs.o ABSOLUTE
    _printf_l                                0x00000000   Number         0  stubs.o ABSOLUTE
    _printf_lc                               0x00000000   Number         0  stubs.o ABSOLUTE
    _printf_ll                               0x00000000   Number         0  stubs.o ABSOLUTE
    _printf_lld                              0x00000000   Number         0  stubs.o ABSOLUTE
    _printf_lli                              0x00000000   Number         0  stubs.o ABSOLUTE
    _printf_llo                              0x00000000   Number         0  stubs.o ABSOLUTE
    _printf_llu                              0x00000000   Number         0  stubs.o ABSOLUTE
    _printf_llx                              0x00000000   Number         0  stubs.o ABSOLUTE
    _printf_longlong_dec                     0x00000000   Number         0  stubs.o ABSOLUTE
    _printf_longlong_hex                     0x00000000   Number         0  stubs.o ABSOLUTE
    _printf_longlong_oct                     0x00000000   Number         0  stubs.o ABSOLUTE
    _printf_ls                               0x00000000   Number         0  stubs.o ABSOLUTE
    _printf_mbtowc                           0x00000000   Number         0  stubs.o ABSOLUTE
    _printf_n                                0x00000000   Number         0  stubs.o ABSOLUTE
    _printf_o                                0x00000000   Number         0  stubs.o ABSOLUTE
    _printf_p                                0x00000000   Number         0  stubs.o ABSOLUTE
    _printf_percent                          0x00000000   Number         0  stubs.o ABSOLUTE
    _printf_pre_padding                      0x00000000   Number         0  stubs.o ABSOLUTE
    _printf_return_value                     0x00000000   Number         0  stubs.o ABSOLUTE
    _printf_s                                0x00000000   Number         0  stubs.o ABSOLUTE
    _printf_sizespec                         0x00000000   Number         0  stubs.o ABSOLUTE
    _printf_str                              0x00000000   Number         0  stubs.o ABSOLUTE
    _printf_truncate_signed                  0x00000000   Number         0  stubs.o ABSOLUTE
    _printf_truncate_unsigned                0x00000000   Number         0  stubs.o ABSOLUTE
    _printf_u                                0x00000000   Number         0  stubs.o ABSOLUTE
    _printf_wc                               0x00000000   Number         0  stubs.o ABSOLUTE
    _printf_wctomb                           0x00000000   Number         0  stubs.o ABSOLUTE
    _printf_widthprec                        0x00000000   Number         0  stubs.o ABSOLUTE
    _printf_x                                0x00000000   Number         0  stubs.o ABSOLUTE
    __cpp_initialize__aeabi_                  - Undefined Weak Reference
    __cxa_finalize                            - Undefined Weak Reference
    _clock_init                               - Undefined Weak Reference
    _microlib_exit                            - Undefined Weak Reference
    __Vectors_Size                           0x000001ac   Number         0  startup_stm32f427_437xx.o ABSOLUTE
    __Vectors                                0x08000000   Data           4  startup_stm32f427_437xx.o(RESET)
    __Vectors_End                            0x080001ac   Data           0  startup_stm32f427_437xx.o(RESET)
    __main                                   0x080001ad   Thumb Code     0  entry.o(.ARM.Collect$$$$00000000)
    _main_stk                                0x080001ad   Thumb Code     0  entry2.o(.ARM.Collect$$$$00000001)
    _main_scatterload                        0x080001b1   Thumb Code     0  entry5.o(.ARM.Collect$$$$00000004)
    __main_after_scatterload                 0x080001b5   Thumb Code     0  entry5.o(.ARM.Collect$$$$00000004)
    _main_clock                              0x080001b5   Thumb Code     0  entry7b.o(.ARM.Collect$$$$00000008)
    _main_cpp_init                           0x080001b5   Thumb Code     0  entry8b.o(.ARM.Collect$$$$0000000A)
    _main_init                               0x080001b5   Thumb Code     0  entry9a.o(.ARM.Collect$$$$0000000B)
    __rt_final_cpp                           0x080001bd   Thumb Code     0  entry10a.o(.ARM.Collect$$$$0000000D)
    __rt_final_exit                          0x080001bd   Thumb Code     0  entry11a.o(.ARM.Collect$$$$0000000F)
    SVC_Handler                              0x080001c1   Thumb Code    28  port.o(.emb_text)
    __asm___6_port_c_39a90d8d__prvStartFirstTask 0x080001e1   Thumb Code    36  port.o(.emb_text)
    __asm___6_port_c_39a90d8d__prvEnableVFP  0x08000209   Thumb Code    16  port.o(.emb_text)
    PendSV_Handler                           0x0800021d   Thumb Code    88  port.o(.emb_text)
    vPortGetIPSR                             0x08000279   Thumb Code     6  port.o(.emb_text)
    Reset_Handler                            0x08000281   Thumb Code     8  startup_stm32f427_437xx.o(.text)
    ADC_IRQHandler                           0x0800029b   Thumb Code     0  startup_stm32f427_437xx.o(.text)
    CAN1_RX1_IRQHandler                      0x0800029b   Thumb Code     0  startup_stm32f427_437xx.o(.text)
    CAN1_SCE_IRQHandler                      0x0800029b   Thumb Code     0  startup_stm32f427_437xx.o(.text)
    CAN1_TX_IRQHandler                       0x0800029b   Thumb Code     0  startup_stm32f427_437xx.o(.text)
    CAN2_RX1_IRQHandler                      0x0800029b   Thumb Code     0  startup_stm32f427_437xx.o(.text)
    CAN2_SCE_IRQHandler                      0x0800029b   Thumb Code     0  startup_stm32f427_437xx.o(.text)
    CAN2_TX_IRQHandler                       0x0800029b   Thumb Code     0  startup_stm32f427_437xx.o(.text)
    CRYP_IRQHandler                          0x0800029b   Thumb Code     0  startup_stm32f427_437xx.o(.text)
    DCMI_IRQHandler                          0x0800029b   Thumb Code     0  startup_stm32f427_437xx.o(.text)
    DMA1_Stream0_IRQHandler                  0x0800029b   Thumb Code     0  startup_stm32f427_437xx.o(.text)
    DMA1_Stream1_IRQHandler                  0x0800029b   Thumb Code     0  startup_stm32f427_437xx.o(.text)
    DMA1_Stream2_IRQHandler                  0x0800029b   Thumb Code     0  startup_stm32f427_437xx.o(.text)
    DMA1_Stream3_IRQHandler                  0x0800029b   Thumb Code     0  startup_stm32f427_437xx.o(.text)
    DMA1_Stream4_IRQHandler                  0x0800029b   Thumb Code     0  startup_stm32f427_437xx.o(.text)
    DMA1_Stream5_IRQHandler                  0x0800029b   Thumb Code     0  startup_stm32f427_437xx.o(.text)
    DMA1_Stream6_IRQHandler                  0x0800029b   Thumb Code     0  startup_stm32f427_437xx.o(.text)
    DMA1_Stream7_IRQHandler                  0x0800029b   Thumb Code     0  startup_stm32f427_437xx.o(.text)
    DMA2D_IRQHandler                         0x0800029b   Thumb Code     0  startup_stm32f427_437xx.o(.text)
    DMA2_Stream0_IRQHandler                  0x0800029b   Thumb Code     0  startup_stm32f427_437xx.o(.text)
    DMA2_Stream1_IRQHandler                  0x0800029b   Thumb Code     0  startup_stm32f427_437xx.o(.text)
    DMA2_Stream2_IRQHandler                  0x0800029b   Thumb Code     0  startup_stm32f427_437xx.o(.text)
    DMA2_Stream3_IRQHandler                  0x0800029b   Thumb Code     0  startup_stm32f427_437xx.o(.text)
    DMA2_Stream4_IRQHandler                  0x0800029b   Thumb Code     0  startup_stm32f427_437xx.o(.text)
    DMA2_Stream5_IRQHandler                  0x0800029b   Thumb Code     0  startup_stm32f427_437xx.o(.text)
    DMA2_Stream6_IRQHandler                  0x0800029b   Thumb Code     0  startup_stm32f427_437xx.o(.text)
    DMA2_Stream7_IRQHandler                  0x0800029b   Thumb Code     0  startup_stm32f427_437xx.o(.text)
    ETH_IRQHandler                           0x0800029b   Thumb Code     0  startup_stm32f427_437xx.o(.text)
    ETH_WKUP_IRQHandler                      0x0800029b   Thumb Code     0  startup_stm32f427_437xx.o(.text)
    EXTI0_IRQHandler                         0x0800029b   Thumb Code     0  startup_stm32f427_437xx.o(.text)
    EXTI15_10_IRQHandler                     0x0800029b   Thumb Code     0  startup_stm32f427_437xx.o(.text)
    EXTI1_IRQHandler                         0x0800029b   Thumb Code     0  startup_stm32f427_437xx.o(.text)
    EXTI2_IRQHandler                         0x0800029b   Thumb Code     0  startup_stm32f427_437xx.o(.text)
    EXTI3_IRQHandler                         0x0800029b   Thumb Code     0  startup_stm32f427_437xx.o(.text)
    EXTI4_IRQHandler                         0x0800029b   Thumb Code     0  startup_stm32f427_437xx.o(.text)
    EXTI9_5_IRQHandler                       0x0800029b   Thumb Code     0  startup_stm32f427_437xx.o(.text)
    FLASH_IRQHandler                         0x0800029b   Thumb Code     0  startup_stm32f427_437xx.o(.text)
    FMC_IRQHandler                           0x0800029b   Thumb Code     0  startup_stm32f427_437xx.o(.text)
    FPU_IRQHandler                           0x0800029b   Thumb Code     0  startup_stm32f427_437xx.o(.text)
    HASH_RNG_IRQHandler                      0x0800029b   Thumb Code     0  startup_stm32f427_437xx.o(.text)
    I2C1_ER_IRQHandler                       0x0800029b   Thumb Code     0  startup_stm32f427_437xx.o(.text)
    I2C1_EV_IRQHandler                       0x0800029b   Thumb Code     0  startup_stm32f427_437xx.o(.text)
    I2C2_ER_IRQHandler                       0x0800029b   Thumb Code     0  startup_stm32f427_437xx.o(.text)
    I2C2_EV_IRQHandler                       0x0800029b   Thumb Code     0  startup_stm32f427_437xx.o(.text)
    I2C3_ER_IRQHandler                       0x0800029b   Thumb Code     0  startup_stm32f427_437xx.o(.text)
    I2C3_EV_IRQHandler                       0x0800029b   Thumb Code     0  startup_stm32f427_437xx.o(.text)
    OTG_FS_IRQHandler                        0x0800029b   Thumb Code     0  startup_stm32f427_437xx.o(.text)
    OTG_FS_WKUP_IRQHandler                   0x0800029b   Thumb Code     0  startup_stm32f427_437xx.o(.text)
    OTG_HS_EP1_IN_IRQHandler                 0x0800029b   Thumb Code     0  startup_stm32f427_437xx.o(.text)
    OTG_HS_EP1_OUT_IRQHandler                0x0800029b   Thumb Code     0  startup_stm32f427_437xx.o(.text)
    OTG_HS_IRQHandler                        0x0800029b   Thumb Code     0  startup_stm32f427_437xx.o(.text)
    OTG_HS_WKUP_IRQHandler                   0x0800029b   Thumb Code     0  startup_stm32f427_437xx.o(.text)
    PVD_IRQHandler                           0x0800029b   Thumb Code     0  startup_stm32f427_437xx.o(.text)
    RCC_IRQHandler                           0x0800029b   Thumb Code     0  startup_stm32f427_437xx.o(.text)
    RTC_Alarm_IRQHandler                     0x0800029b   Thumb Code     0  startup_stm32f427_437xx.o(.text)
    RTC_WKUP_IRQHandler                      0x0800029b   Thumb Code     0  startup_stm32f427_437xx.o(.text)
    SAI1_IRQHandler                          0x0800029b   Thumb Code     0  startup_stm32f427_437xx.o(.text)
    SDIO_IRQHandler                          0x0800029b   Thumb Code     0  startup_stm32f427_437xx.o(.text)
    SPI1_IRQHandler                          0x0800029b   Thumb Code     0  startup_stm32f427_437xx.o(.text)
    SPI2_IRQHandler                          0x0800029b   Thumb Code     0  startup_stm32f427_437xx.o(.text)
    SPI3_IRQHandler                          0x0800029b   Thumb Code     0  startup_stm32f427_437xx.o(.text)
    SPI4_IRQHandler                          0x0800029b   Thumb Code     0  startup_stm32f427_437xx.o(.text)
    SPI5_IRQHandler                          0x0800029b   Thumb Code     0  startup_stm32f427_437xx.o(.text)
    SPI6_IRQHandler                          0x0800029b   Thumb Code     0  startup_stm32f427_437xx.o(.text)
    TAMP_STAMP_IRQHandler                    0x0800029b   Thumb Code     0  startup_stm32f427_437xx.o(.text)
    TIM1_BRK_TIM9_IRQHandler                 0x0800029b   Thumb Code     0  startup_stm32f427_437xx.o(.text)
    TIM1_CC_IRQHandler                       0x0800029b   Thumb Code     0  startup_stm32f427_437xx.o(.text)
    TIM1_TRG_COM_TIM11_IRQHandler            0x0800029b   Thumb Code     0  startup_stm32f427_437xx.o(.text)
    TIM1_UP_TIM10_IRQHandler                 0x0800029b   Thumb Code     0  startup_stm32f427_437xx.o(.text)
    TIM2_IRQHandler                          0x0800029b   Thumb Code     0  startup_stm32f427_437xx.o(.text)
    TIM3_IRQHandler                          0x0800029b   Thumb Code     0  startup_stm32f427_437xx.o(.text)
    TIM4_IRQHandler                          0x0800029b   Thumb Code     0  startup_stm32f427_437xx.o(.text)
    TIM5_IRQHandler                          0x0800029b   Thumb Code     0  startup_stm32f427_437xx.o(.text)
    TIM7_IRQHandler                          0x0800029b   Thumb Code     0  startup_stm32f427_437xx.o(.text)
    TIM8_BRK_TIM12_IRQHandler                0x0800029b   Thumb Code     0  startup_stm32f427_437xx.o(.text)
    TIM8_CC_IRQHandler                       0x0800029b   Thumb Code     0  startup_stm32f427_437xx.o(.text)
    TIM8_TRG_COM_TIM14_IRQHandler            0x0800029b   Thumb Code     0  startup_stm32f427_437xx.o(.text)
    TIM8_UP_TIM13_IRQHandler                 0x0800029b   Thumb Code     0  startup_stm32f427_437xx.o(.text)
    UART4_IRQHandler                         0x0800029b   Thumb Code     0  startup_stm32f427_437xx.o(.text)
    UART5_IRQHandler                         0x0800029b   Thumb Code     0  startup_stm32f427_437xx.o(.text)
    UART8_IRQHandler                         0x0800029b   Thumb Code     0  startup_stm32f427_437xx.o(.text)
    WWDG_IRQHandler                          0x0800029b   Thumb Code     0  startup_stm32f427_437xx.o(.text)
    __aeabi_memcpy                           0x080002a5   Thumb Code    36  memcpya.o(.text)
    __aeabi_memcpy4                          0x080002a5   Thumb Code     0  memcpya.o(.text)
    __aeabi_memcpy8                          0x080002a5   Thumb Code     0  memcpya.o(.text)
    __aeabi_memset                           0x080002c9   Thumb Code    14  memseta.o(.text)
    __aeabi_memset4                          0x080002c9   Thumb Code     0  memseta.o(.text)
    __aeabi_memset8                          0x080002c9   Thumb Code     0  memseta.o(.text)
    __aeabi_memclr                           0x080002d7   Thumb Code     4  memseta.o(.text)
    __aeabi_memclr4                          0x080002d7   Thumb Code     0  memseta.o(.text)
    __aeabi_memclr8                          0x080002d7   Thumb Code     0  memseta.o(.text)
    memset                                   0x080002db   Thumb Code    18  memseta.o(.text)
    strlen                                   0x080002ed   Thumb Code    14  strlen.o(.text)
    strcpy                                   0x080002fb   Thumb Code    18  strcpy.o(.text)
    __aeabi_dadd                             0x0800030d   Thumb Code   322  dadd.o(.text)
    __aeabi_dsub                             0x0800044f   Thumb Code     6  dadd.o(.text)
    __aeabi_drsub                            0x08000455   Thumb Code     6  dadd.o(.text)
    __aeabi_dmul                             0x0800045b   Thumb Code   228  dmul.o(.text)
    __aeabi_i2d                              0x0800053f   Thumb Code    34  dflti.o(.text)
    __aeabi_d2iz                             0x08000561   Thumb Code    62  dfixi.o(.text)
    __aeabi_f2d                              0x0800059f   Thumb Code    38  f2d.o(.text)
    __aeabi_d2f                              0x080005c5   Thumb Code    56  d2f.o(.text)
    __aeabi_uidiv                            0x080005fd   Thumb Code     0  uidiv.o(.text)
    __aeabi_uidivmod                         0x080005fd   Thumb Code    44  uidiv.o(.text)
    __aeabi_llsl                             0x08000629   Thumb Code    30  llshl.o(.text)
    _ll_shift_l                              0x08000629   Thumb Code     0  llshl.o(.text)
    __aeabi_llsr                             0x08000647   Thumb Code    32  llushr.o(.text)
    _ll_ushift_r                             0x08000647   Thumb Code     0  llushr.o(.text)
    __aeabi_lasr                             0x08000667   Thumb Code    36  llsshr.o(.text)
    _ll_sshift_r                             0x08000667   Thumb Code     0  llsshr.o(.text)
    __I$use$fp                               0x0800068b   Thumb Code     0  iusefp.o(.text)
    _float_round                             0x0800068b   Thumb Code    18  fepilogue.o(.text)
    _float_epilogue                          0x0800069d   Thumb Code    92  fepilogue.o(.text)
    _double_round                            0x080006f9   Thumb Code    30  depilogue.o(.text)
    _double_epilogue                         0x08000717   Thumb Code   156  depilogue.o(.text)
    __aeabi_ddiv                             0x080007b3   Thumb Code   222  ddiv.o(.text)
    __ARM_scalbn                             0x08000891   Thumb Code    46  dscalb.o(.text)
    scalbn                                   0x08000891   Thumb Code     0  dscalb.o(.text)
    _dsqrt                                   0x080008bf   Thumb Code   162  dsqrt.o(.text)
    __aeabi_cdrcmple                         0x08000961   Thumb Code    48  cdrcmple.o(.text)
    __scatterload                            0x08000991   Thumb Code    28  init.o(.text)
    __scatterload_rt2                        0x08000991   Thumb Code     0  init.o(.text)
    __aeabi_ui2d                             0x080009b5   Thumb Code    26  dfltui.o(.text)
    __decompress                             0x080009cf   Thumb Code     0  __dclz77c.o(.text)
    __decompress2                            0x080009cf   Thumb Code    94  __dclz77c.o(.text)
    BSP_CAN1_Init                            0x08000a2d   Thumb Code   198  bsp_can.o(i.BSP_CAN1_Init)
    BSP_NVIC_Init                            0x08000afd   Thumb Code   270  bsp_nvic.o(i.BSP_NVIC_Init)
    BSP_TIM6Init                             0x08000c0d   Thumb Code    60  bsp_tim.o(i.BSP_TIM6Init)
    BSP_UART7_Init                           0x08000c4d   Thumb Code   158  bsp_usart.o(i.BSP_UART7_Init)
    BSP_UART8_Init                           0x08000cf5   Thumb Code   154  bsp_usart.o(i.BSP_UART8_Init)
    BSP_USART1_Init                          0x08000d99   Thumb Code   158  bsp_usart.o(i.BSP_USART1_Init)
    BSP_USART2_Init                          0x08000e41   Thumb Code   158  bsp_usart.o(i.BSP_USART2_Init)
    BSP_USART3_Init                          0x08000ee9   Thumb Code   158  bsp_usart.o(i.BSP_USART3_Init)
    BSP_USART6_Init                          0x08000f91   Thumb Code   158  bsp_usart.o(i.BSP_USART6_Init)
    BusFault_Handler                         0x08001039   Thumb Code     2  stm32f4xx_it.o(i.BusFault_Handler)
    CAN1_RX0_IRQHandler                      0x0800103d   Thumb Code    78  stm32f4xx_it.o(i.CAN1_RX0_IRQHandler)
    CAN2_RX0_IRQHandler                      0x08001099   Thumb Code    78  stm32f4xx_it.o(i.CAN2_RX0_IRQHandler)
    CAN_ClearITPendingBit                    0x080010f5   Thumb Code   116  stm32f4xx_can.o(i.CAN_ClearITPendingBit)
    CAN_FilterInit                           0x0800116d   Thumb Code   194  stm32f4xx_can.o(i.CAN_FilterInit)
    CAN_GetITStatus                          0x08001239   Thumb Code   162  stm32f4xx_can.o(i.CAN_GetITStatus)
    CAN_ITConfig                             0x080012e1   Thumb Code    16  stm32f4xx_can.o(i.CAN_ITConfig)
    CAN_Init                                 0x080012f1   Thumb Code   232  stm32f4xx_can.o(i.CAN_Init)
    CAN_Receive                              0x080013d9   Thumb Code   144  stm32f4xx_can.o(i.CAN_Receive)
    CAN_Transmit                             0x08001469   Thumb Code   164  stm32f4xx_can.o(i.CAN_Transmit)
    Camera_getMassage                        0x0800150d   Thumb Code   156  camera.o(i.Camera_getMassage)
    CanTaskCreate                            0x080015b1   Thumb Code   104  task_can.o(i.CanTaskCreate)
    Chassis_Ctrl                             0x08001661   Thumb Code   586  chassis.o(i.Chassis_Ctrl)
    Chassis_Init                             0x080018f1   Thumb Code   116  chassis.o(i.Chassis_Init)
    Chassis_MotionModel                      0x08001975   Thumb Code   264  chassis.o(i.Chassis_MotionModel)
    ControlTaskCreate                        0x08001a91   Thumb Code    66  task_ctrl.o(i.ControlTaskCreate)
    Curve_Sin                                0x08001b19   Thumb Code   116  curve.o(i.Curve_Sin)
    Curve_Straight                           0x08001b95   Thumb Code   146  curve.o(i.Curve_Straight)
    Curve_Straight1                          0x08001c39   Thumb Code   154  curve.o(i.Curve_Straight1)
    DMA_Cmd                                  0x08001ce5   Thumb Code    20  stm32f4xx_dma.o(i.DMA_Cmd)
    DMA_DeInit                               0x08001cf9   Thumb Code   272  stm32f4xx_dma.o(i.DMA_DeInit)
    DMA_GetCmdStatus                         0x08001e1d   Thumb Code    14  stm32f4xx_dma.o(i.DMA_GetCmdStatus)
    DMA_GetCurrDataCounter                   0x08001e2b   Thumb Code     6  stm32f4xx_dma.o(i.DMA_GetCurrDataCounter)
    DMA_Init                                 0x08001e31   Thumb Code    80  stm32f4xx_dma.o(i.DMA_Init)
    DMA_UART7RxConfig                        0x08001e85   Thumb Code   120  bsp_dma.o(i.DMA_UART7RxConfig)
    DMA_UART8RxConfig                        0x08001f05   Thumb Code   120  bsp_dma.o(i.DMA_UART8RxConfig)
    DMA_USART1RxConfig                       0x08001f85   Thumb Code   120  bsp_dma.o(i.DMA_USART1RxConfig)
    DMA_USART2RxConfig                       0x08002005   Thumb Code   120  bsp_dma.o(i.DMA_USART2RxConfig)
    DMA_USART3RxConfig                       0x08002085   Thumb Code   120  bsp_dma.o(i.DMA_USART3RxConfig)
    DMA_USART6RxConfig                       0x08002105   Thumb Code   120  bsp_dma.o(i.DMA_USART6RxConfig)
    DR16_Init                                0x08002185   Thumb Code    36  dr16.o(i.DR16_Init)
    DXL1_getMassage                          0x0800223d   Thumb Code    84  servo.o(i.DXL1_getMassage)
    DXL1_setSyncMsg                          0x08002295   Thumb Code   312  servo.o(i.DXL1_setSyncMsg)
    DebugMon_Handler                         0x080023d1   Thumb Code     2  stm32f4xx_it.o(i.DebugMon_Handler)
    Filter_Init                              0x080023e5   Thumb Code    16  filter.o(i.Filter_Init)
    GPIO_Init                                0x0800246f   Thumb Code   162  stm32f4xx_gpio.o(i.GPIO_Init)
    GPIO_PinAFConfig                         0x08002511   Thumb Code    32  stm32f4xx_gpio.o(i.GPIO_PinAFConfig)
    GPIO_ResetBits                           0x08002531   Thumb Code     4  stm32f4xx_gpio.o(i.GPIO_ResetBits)
    GPIO_SetBits                             0x08002535   Thumb Code     4  stm32f4xx_gpio.o(i.GPIO_SetBits)
    GPIO_WriteBit                            0x08002539   Thumb Code    10  stm32f4xx_gpio.o(i.GPIO_WriteBit)
    Gyro_Init                                0x080025c9   Thumb Code     8  gyro.o(i.Gyro_Init)
    HardFault_Handler                        0x080025d9   Thumb Code     2  stm32f4xx_it.o(i.HardFault_Handler)
    Joint_Init                               0x080025dd   Thumb Code   258  joint.o(i.Joint_Init)
    Joint_RobotArmCtrl                       0x080026f5   Thumb Code    24  joint.o(i.Joint_RobotArmCtrl)
    Joint_TrotMotionModel                    0x0800270d   Thumb Code   894  joint.o(i.Joint_TrotMotionModel)
    KEY_Init                                 0x08002c49   Thumb Code    40  key.o(i.KEY_Init)
    LED_Init                                 0x08002c75   Thumb Code   102  led.o(i.LED_Init)
    MemManage_Handler                        0x08003011   Thumb Code     2  stm32f4xx_it.o(i.MemManage_Handler)
    Motor_Init                               0x08003015   Thumb Code   222  motor.o(i.Motor_Init)
    NMI_Handler                              0x08003131   Thumb Code     2  stm32f4xx_it.o(i.NMI_Handler)
    NVIC_Init                                0x08003135   Thumb Code    96  misc.o(i.NVIC_Init)
    NVIC_PriorityGroupConfig                 0x08003199   Thumb Code    10  misc.o(i.NVIC_PriorityGroupConfig)
    OLED_Clear                               0x080031ad   Thumb Code    60  oled.o(i.OLED_Clear)
    OLED_Init                                0x080031e9   Thumb Code   390  oled.o(i.OLED_Init)
    OLED_Set_Pos                             0x0800337d   Thumb Code    44  oled.o(i.OLED_Set_Pos)
    OLED_WR_Byte                             0x080033a9   Thumb Code   104  oled.o(i.OLED_WR_Byte)
    PID_Calc                                 0x08003415   Thumb Code   796  pid.o(i.PID_Calc)
    PID_StructInit                           0x08003739   Thumb Code    16  pid.o(i.PID_StructInit)
    Photoelectric_Init                       0x08003751   Thumb Code    54  photoelectric.o(i.Photoelectric_Init)
    Posture_getMessage                       0x08003791   Thumb Code    36  encoder.o(i.Posture_getMessage)
    RCC_AHB1PeriphClockCmd                   0x080037b9   Thumb Code    18  stm32f4xx_rcc.o(i.RCC_AHB1PeriphClockCmd)
    RCC_APB1PeriphClockCmd                   0x080037d1   Thumb Code    18  stm32f4xx_rcc.o(i.RCC_APB1PeriphClockCmd)
    RCC_APB2PeriphClockCmd                   0x080037e9   Thumb Code    18  stm32f4xx_rcc.o(i.RCC_APB2PeriphClockCmd)
    RCC_GetClocksFreq                        0x08003801   Thumb Code   132  stm32f4xx_rcc.o(i.RCC_GetClocksFreq)
    RoboModule_DRV_Mode_Choice               0x08003895   Thumb Code    72  robomodule.o(i.RoboModule_DRV_Mode_Choice)
    RoboModule_DRV_Reset                     0x080038e5   Thumb Code    70  robomodule.o(i.RoboModule_DRV_Reset)
    RoboModule_DRV_Velocity_Mode             0x08003935   Thumb Code   130  robomodule.o(i.RoboModule_DRV_Velocity_Mode)
    RoboModule_Init                          0x080039c1   Thumb Code    76  robomodule.o(i.RoboModule_Init)
    SpinRuning                               0x08003add   Thumb Code   586  chassis.o(i.SpinRuning)
    SysTick_Handler                          0x08003d45   Thumb Code    38  port.o(i.SysTick_Handler)
    SystemInit                               0x08003d71   Thumb Code    74  system_stm32f4xx.o(i.SystemInit)
    TIM6_DAC_IRQHandler                      0x08003dcd   Thumb Code    38  stm32f4xx_it.o(i.TIM6_DAC_IRQHandler)
    TIM_ClearITPendingBit                    0x08003dfd   Thumb Code     6  stm32f4xx_tim.o(i.TIM_ClearITPendingBit)
    TIM_Cmd                                  0x08003e03   Thumb Code    20  stm32f4xx_tim.o(i.TIM_Cmd)
    TIM_GetITStatus                          0x08003e17   Thumb Code    24  stm32f4xx_tim.o(i.TIM_GetITStatus)
    TIM_ITConfig                             0x08003e2f   Thumb Code    16  stm32f4xx_tim.o(i.TIM_ITConfig)
    TIM_TimeBaseInit                         0x08003e41   Thumb Code    96  stm32f4xx_tim.o(i.TIM_TimeBaseInit)
    UART7_IRQHandler                         0x08003f39   Thumb Code    84  stm32f4xx_it.o(i.UART7_IRQHandler)
    USART1_IRQHandler                        0x08003fa1   Thumb Code    88  stm32f4xx_it.o(i.USART1_IRQHandler)
    USART2_IRQHandler                        0x0800400d   Thumb Code    82  stm32f4xx_it.o(i.USART2_IRQHandler)
    USART3_IRQHandler                        0x08004075   Thumb Code    94  stm32f4xx_it.o(i.USART3_IRQHandler)
    USART6_IRQHandler                        0x080040e9   Thumb Code    84  stm32f4xx_it.o(i.USART6_IRQHandler)
    USART_Cmd                                0x08004151   Thumb Code    20  stm32f4xx_usart.o(i.USART_Cmd)
    USART_DMACmd                             0x08004165   Thumb Code    16  stm32f4xx_usart.o(i.USART_DMACmd)
    USART_GetFlagStatus                      0x08004175   Thumb Code    14  stm32f4xx_usart.o(i.USART_GetFlagStatus)
    USART_GetITStatus                        0x08004183   Thumb Code    62  stm32f4xx_usart.o(i.USART_GetITStatus)
    USART_ITConfig                           0x080041c1   Thumb Code    48  stm32f4xx_usart.o(i.USART_ITConfig)
    USART_Init                               0x080041f1   Thumb Code   164  stm32f4xx_usart.o(i.USART_Init)
    USART_SendData                           0x0800429d   Thumb Code     8  stm32f4xx_usart.o(i.USART_SendData)
    USART_sendChar                           0x080042a5   Thumb Code    22  bsp_usart.o(i.USART_sendChar)
    UsageFault_Handler                       0x080042bb   Thumb Code     2  stm32f4xx_it.o(i.UsageFault_Handler)
    UsartTaskCreate                          0x080042bd   Thumb Code   202  task_usart.o(i.UsartTaskCreate)
    __0printf$3                              0x08004419   Thumb Code    22  printf3.o(i.__0printf$3)
    __1printf$3                              0x08004419   Thumb Code     0  printf3.o(i.__0printf$3)
    __2printf                                0x08004419   Thumb Code     0  printf3.o(i.__0printf$3)
    __0sprintf$3                             0x08004439   Thumb Code    34  printf3.o(i.__0sprintf$3)
    __1sprintf$3                             0x08004439   Thumb Code     0  printf3.o(i.__0sprintf$3)
    __2sprintf                               0x08004439   Thumb Code     0  printf3.o(i.__0sprintf$3)
    __ARM_fpclassify                         0x08004461   Thumb Code    48  fpclassify.o(i.__ARM_fpclassify)
    __hardfp_cos                             0x08004491   Thumb Code   180  cos.o(i.__hardfp_cos)
    __hardfp_pow                             0x08004559   Thumb Code  3072  pow.o(i.__hardfp_pow)
    __hardfp_sin                             0x080051a9   Thumb Code   180  sin.o(i.__hardfp_sin)
    __hardfp_sqrt                            0x08005271   Thumb Code   122  sqrt.o(i.__hardfp_sqrt)
    __ieee754_rem_pio2                       0x080052f1   Thumb Code   938  rred.o(i.__ieee754_rem_pio2)
    __kernel_cos                             0x08005729   Thumb Code   322  cos_i.o(i.__kernel_cos)
    __kernel_poly                            0x08005899   Thumb Code   248  poly.o(i.__kernel_poly)
    __kernel_sin                             0x08005991   Thumb Code   280  sin_i.o(i.__kernel_sin)
    __mathlib_dbl_divzero                    0x08005ac1   Thumb Code    28  dunder.o(i.__mathlib_dbl_divzero)
    __mathlib_dbl_infnan                     0x08005af1   Thumb Code    20  dunder.o(i.__mathlib_dbl_infnan)
    __mathlib_dbl_infnan2                    0x08005b05   Thumb Code    20  dunder.o(i.__mathlib_dbl_infnan2)
    __mathlib_dbl_invalid                    0x08005b19   Thumb Code    24  dunder.o(i.__mathlib_dbl_invalid)
    __mathlib_dbl_overflow                   0x08005b39   Thumb Code    24  dunder.o(i.__mathlib_dbl_overflow)
    __mathlib_dbl_underflow                  0x08005b59   Thumb Code    24  dunder.o(i.__mathlib_dbl_underflow)
    __scatterload_copy                       0x08005b79   Thumb Code    14  handlers.o(i.__scatterload_copy)
    __scatterload_null                       0x08005b87   Thumb Code     2  handlers.o(i.__scatterload_null)
    __scatterload_zeroinit                   0x08005b89   Thumb Code    14  handlers.o(i.__scatterload_zeroinit)
    __set_errno                              0x08005b99   Thumb Code     6  errno.o(i.__set_errno)
    absLimit                                 0x08005d67   Thumb Code    42  pid.o(i.absLimit)
    delay_ms                                 0x08005d91   Thumb Code    26  delay.o(i.delay_ms)
    delay_us                                 0x08005dad   Thumb Code    32  delay.o(i.delay_us)
    eTaskGetState                            0x08005dd9   Thumb Code    94  tasks.o(i.eTaskGetState)
    fabs                                     0x08005e41   Thumb Code    24  fabs.o(i.fabs)
    fputc                                    0x08005e59   Thumb Code    18  bsp_usart.o(i.fputc)
    free                                     0x08005e71   Thumb Code    76  malloc.o(i.free)
    main                                     0x08005ec1   Thumb Code    30  main.o(i.main)
    malloc                                   0x08005ef5   Thumb Code    92  malloc.o(i.malloc)
    pvPortMalloc                             0x080066e9   Thumb Code   210  heap_4.o(i.pvPortMalloc)
    pxPortInitialiseStack                    0x080067c1   Thumb Code    40  port.o(i.pxPortInitialiseStack)
    sqrt                                     0x080067ed   Thumb Code   110  sqrt.o(i.sqrt)
    uxListRemove                             0x0800685b   Thumb Code    38  list.o(i.uxListRemove)
    uxTaskGetSystemState                     0x08006881   Thumb Code   162  tasks.o(i.uxTaskGetSystemState)
    vListInitialise                          0x08006931   Thumb Code    22  list.o(i.vListInitialise)
    vListInitialiseItem                      0x08006947   Thumb Code     6  list.o(i.vListInitialiseItem)
    vListInsert                              0x0800694d   Thumb Code    48  list.o(i.vListInsert)
    vListInsertEnd                           0x0800697d   Thumb Code    24  list.o(i.vListInsertEnd)
    vPortEnterCritical                       0x08006995   Thumb Code    54  port.o(i.vPortEnterCritical)
    vPortExitCritical                        0x080069d5   Thumb Code    34  port.o(i.vPortExitCritical)
    vPortFree                                0x080069fd   Thumb Code    88  heap_4.o(i.vPortFree)
    vPortSetupTimerInterrupt                 0x08006a59   Thumb Code    32  port.o(i.vPortSetupTimerInterrupt)
    vPortValidateInterruptPriority           0x08006a7d   Thumb Code    74  port.o(i.vPortValidateInterruptPriority)
    vQueueAddToRegistry                      0x08006ad1   Thumb Code    34  queue.o(i.vQueueAddToRegistry)
    vQueueWaitForMessageRestricted           0x08006af9   Thumb Code    68  queue.o(i.vQueueWaitForMessageRestricted)
    vTaskDelay                               0x08006ddd   Thumb Code    66  tasks.o(i.vTaskDelay)
    vTaskDelayUntil                          0x08006e29   Thumb Code   132  tasks.o(i.vTaskDelayUntil)
    vTaskDelete                              0x08006eb5   Thumb Code   158  tasks.o(i.vTaskDelete)
    vTaskGetInfo                             0x08006f61   Thumb Code   126  tasks.o(i.vTaskGetInfo)
    vTaskGetRunTimeStats                     0x08006fe5   Thumb Code   150  tasks.o(i.vTaskGetRunTimeStats)
    vTaskInternalSetTimeOutState             0x08007099   Thumb Code    12  tasks.o(i.vTaskInternalSetTimeOutState)
    vTaskList                                0x08007135   Thumb Code   170  tasks.o(i.vTaskList)
    vTaskMissedYield                         0x080071f5   Thumb Code     8  tasks.o(i.vTaskMissedYield)
    vTaskPlaceOnEventList                    0x080072d5   Thumb Code    44  tasks.o(i.vTaskPlaceOnEventList)
    vTaskPlaceOnEventListRestricted          0x08007305   Thumb Code    52  tasks.o(i.vTaskPlaceOnEventListRestricted)
    vTaskStart                               0x0800733d   Thumb Code   182  task_init.o(i.vTaskStart)
    vTaskStartScheduler                      0x08007419   Thumb Code    98  tasks.o(i.vTaskStartScheduler)
    vTaskSuspendAll                          0x08007491   Thumb Code    10  tasks.o(i.vTaskSuspendAll)
    vTaskSwitchContext                       0x080074a1   Thumb Code   108  tasks.o(i.vTaskSwitchContext)
    xPortStartScheduler                      0x08007711   Thumb Code   222  port.o(i.xPortStartScheduler)
    xQueueGenericCreate                      0x08007805   Thumb Code    82  queue.o(i.xQueueGenericCreate)
    xQueueGenericReset                       0x08007859   Thumb Code   132  queue.o(i.xQueueGenericReset)
    xQueueGenericSend                        0x080078e1   Thumb Code   346  queue.o(i.xQueueGenericSend)
    xQueueGenericSendFromISR                 0x08007a41   Thumb Code   188  queue.o(i.xQueueGenericSendFromISR)
    xQueueReceive                            0x08007afd   Thumb Code   308  queue.o(i.xQueueReceive)
    xTaskCheckForTimeOut                     0x08007c35   Thumb Code   112  tasks.o(i.xTaskCheckForTimeOut)
    xTaskCreate                              0x08007ca9   Thumb Code    86  tasks.o(i.xTaskCreate)
    xTaskGetSchedulerState                   0x08007d01   Thumb Code    22  tasks.o(i.xTaskGetSchedulerState)
    xTaskGetTickCount                        0x08007d1d   Thumb Code     6  tasks.o(i.xTaskGetTickCount)
    xTaskIncrementTick                       0x08007d29   Thumb Code   192  tasks.o(i.xTaskIncrementTick)
    xTaskPriorityDisinherit                  0x08007df1   Thumb Code   144  tasks.o(i.xTaskPriorityDisinherit)
    xTaskRemoveFromEventList                 0x08007e89   Thumb Code   108  tasks.o(i.xTaskRemoveFromEventList)
    xTaskResumeAll                           0x08007efd   Thumb Code   182  tasks.o(i.xTaskResumeAll)
    xTimerCreateTimerTask                    0x08007fc1   Thumb Code    58  timers.o(i.xTimerCreateTimerTask)
    xTimerGenericCommand                     0x0800800d   Thumb Code    92  timers.o(i.xTimerGenericCommand)
    __mathlib_zero                           0x08008128   Data           8  qnan.o(.constdata)
    Region$$Table$$Base                      0x08008220   Number         0  anon$$obj.o(Region$$Table)
    Region$$Table$$Limit                     0x08008240   Number         0  anon$$obj.o(Region$$Table)
    StartTaskHandler                         0x2000000c   Data           4  task_init.o(.data)
    ulHighFrequencyTimerTicks                0x2000001c   Data           4  task_init.o(.data)
    xUsart1RxQueue                           0x20000020   Data           4  task_usart.o(.data)
    xUsart2RxQueue                           0x20000024   Data           4  task_usart.o(.data)
    xUsart3RxQueue                           0x20000028   Data           4  task_usart.o(.data)
    xUsart6RxQueue                           0x2000002c   Data           4  task_usart.o(.data)
    xUart7RxQueue                            0x20000030   Data           4  task_usart.o(.data)
    xusartTxQueue                            0x20000034   Data           4  task_usart.o(.data)
    xCanSendQueue                            0x20000050   Data           4  task_can.o(.data)
    xCan1RxQueue                             0x20000054   Data           4  task_can.o(.data)
    xCan2RxQueue                             0x20000058   Data           4  task_can.o(.data)
    ZGyroModuleAngle                         0x20000068   Data           4  task_can.o(.data)
    walk_status_flag                         0x2000036e   Data           1  camera.o(.data)
    __stdout                                 0x20000370   Data           4  bsp_usart.o(.data)
    pxCurrentTCB                             0x20000374   Data           4  tasks.o(.data)
    SystemCoreClock                          0x20000400   Data           4  system_stm32f4xx.o(.data)
    AHBPrescTable                            0x20000404   Data          16  system_stm32f4xx.o(.data)
    __microlib_freelist                      0x20000414   Data           4  mvars.o(.data)
    __microlib_freelist_initialised          0x20000418   Data           4  mvars.o(.data)
    Chassis                                  0x20000420   Data         380  chassis.o(.bss)
    Joint                                    0x2000059c   Data         632  joint.o(.bss)
    Filter                                   0x20000814   Data          12  filter.o(.bss)
    DR16                                     0x20000820   Data          52  dr16.o(.bss)
    Motor                                    0x2000089c   Data        1220  motor.o(.bss)
    DigitalServo                             0x20000d60   Data         512  servo.o(.bss)
    GY955                                    0x20000f60   Data          96  gyro.o(.bss)
    Posture                                  0x200010c8   Data          76  encoder.o(.bss)
    Camera                                   0x20001114   Data          16  camera.o(.bss)
    Ultrasonic                               0x20001124   Data          28  ultrasonic.o(.bss)
    xQueueRegistry                           0x20001140   Data          64  queue.o(.bss)
    __heap_base                              0x20013e70   Data           0  startup_stm32f427_437xx.o(HEAP)
    __heap_limit                             0x20014070   Data           0  startup_stm32f427_437xx.o(HEAP)
    __initial_sp                             0x20014470   Data           0  startup_stm32f427_437xx.o(STACK)



==============================================================================

Memory Map of the image

  Image Entry point : 0x080001ad

  Load Region LR_IROM1 (Base: 0x08000000, Size: 0x00008660, Max: 0x00200000, ABSOLUTE, COMPRESSED[0x00008398])

    Execution Region ER_IROM1 (Exec base: 0x08000000, Load base: 0x08000000, Size: 0x00008240, Max: 0x00200000, ABSOLUTE)

    Exec Addr    Load Addr    Size         Type   Attr      Idx    E Section Name        Object

    0x08000000   0x08000000   0x000001ac   Data   RO         3345    RESET               startup_stm32f427_437xx.o
    0x080001ac   0x080001ac   0x00000000   Code   RO         8461  * .ARM.Collect$$$$00000000  mc_w.l(entry.o)
    0x080001ac   0x080001ac   0x00000004   Code   RO         8818    .ARM.Collect$$$$00000001  mc_w.l(entry2.o)
    0x080001b0   0x080001b0   0x00000004   Code   RO         8821    .ARM.Collect$$$$00000004  mc_w.l(entry5.o)
    0x080001b4   0x080001b4   0x00000000   Code   RO         8823    .ARM.Collect$$$$00000008  mc_w.l(entry7b.o)
    0x080001b4   0x080001b4   0x00000000   Code   RO         8825    .ARM.Collect$$$$0000000A  mc_w.l(entry8b.o)
    0x080001b4   0x080001b4   0x00000008   Code   RO         8826    .ARM.Collect$$$$0000000B  mc_w.l(entry9a.o)
    0x080001bc   0x080001bc   0x00000000   Code   RO         8828    .ARM.Collect$$$$0000000D  mc_w.l(entry10a.o)
    0x080001bc   0x080001bc   0x00000000   Code   RO         8830    .ARM.Collect$$$$0000000F  mc_w.l(entry11a.o)
    0x080001bc   0x080001bc   0x00000004   Code   RO         8819    .ARM.Collect$$$$00002712  mc_w.l(entry2.o)
    0x080001c0   0x080001c0   0x000000be   Code   RO         3266    .emb_text           port.o
    0x0800027e   0x0800027e   0x00000002   PAD
    0x08000280   0x08000280   0x00000024   Code   RO         3346    .text               startup_stm32f427_437xx.o
    0x080002a4   0x080002a4   0x00000024   Code   RO         8466    .text               mc_w.l(memcpya.o)
    0x080002c8   0x080002c8   0x00000024   Code   RO         8470    .text               mc_w.l(memseta.o)
    0x080002ec   0x080002ec   0x0000000e   Code   RO         8472    .text               mc_w.l(strlen.o)
    0x080002fa   0x080002fa   0x00000012   Code   RO         8474    .text               mc_w.l(strcpy.o)
    0x0800030c   0x0800030c   0x0000014e   Code   RO         8767    .text               mf_w.l(dadd.o)
    0x0800045a   0x0800045a   0x000000e4   Code   RO         8769    .text               mf_w.l(dmul.o)
    0x0800053e   0x0800053e   0x00000022   Code   RO         8771    .text               mf_w.l(dflti.o)
    0x08000560   0x08000560   0x0000003e   Code   RO         8773    .text               mf_w.l(dfixi.o)
    0x0800059e   0x0800059e   0x00000026   Code   RO         8775    .text               mf_w.l(f2d.o)
    0x080005c4   0x080005c4   0x00000038   Code   RO         8777    .text               mf_w.l(d2f.o)
    0x080005fc   0x080005fc   0x0000002c   Code   RO         8832    .text               mc_w.l(uidiv.o)
    0x08000628   0x08000628   0x0000001e   Code   RO         8836    .text               mc_w.l(llshl.o)
    0x08000646   0x08000646   0x00000020   Code   RO         8838    .text               mc_w.l(llushr.o)
    0x08000666   0x08000666   0x00000024   Code   RO         8840    .text               mc_w.l(llsshr.o)
    0x0800068a   0x0800068a   0x00000000   Code   RO         8851    .text               mc_w.l(iusefp.o)
    0x0800068a   0x0800068a   0x0000006e   Code   RO         8852    .text               mf_w.l(fepilogue.o)
    0x080006f8   0x080006f8   0x000000ba   Code   RO         8854    .text               mf_w.l(depilogue.o)
    0x080007b2   0x080007b2   0x000000de   Code   RO         8856    .text               mf_w.l(ddiv.o)
    0x08000890   0x08000890   0x0000002e   Code   RO         8860    .text               mf_w.l(dscalb.o)
    0x080008be   0x080008be   0x000000a2   Code   RO         8862    .text               mf_w.l(dsqrt.o)
    0x08000960   0x08000960   0x00000030   Code   RO         8868    .text               mf_w.l(cdrcmple.o)
    0x08000990   0x08000990   0x00000024   Code   RO         8870    .text               mc_w.l(init.o)
    0x080009b4   0x080009b4   0x0000001a   Code   RO         8872    .text               mf_w.l(dfltui.o)
    0x080009ce   0x080009ce   0x0000005e   Code   RO         8882    .text               mc_w.l(__dclz77c.o)
    0x08000a2c   0x08000a2c   0x000000d0   Code   RO         2034    i.BSP_CAN1_Init     bsp_can.o
    0x08000afc   0x08000afc   0x0000010e   Code   RO         2064    i.BSP_NVIC_Init     bsp_nvic.o
    0x08000c0a   0x08000c0a   0x00000002   PAD
    0x08000c0c   0x08000c0c   0x00000040   Code   RO         2179    i.BSP_TIM6Init      bsp_tim.o
    0x08000c4c   0x08000c4c   0x000000a8   Code   RO         1943    i.BSP_UART7_Init    bsp_usart.o
    0x08000cf4   0x08000cf4   0x000000a4   Code   RO         1944    i.BSP_UART8_Init    bsp_usart.o
    0x08000d98   0x08000d98   0x000000a8   Code   RO         1945    i.BSP_USART1_Init   bsp_usart.o
    0x08000e40   0x08000e40   0x000000a8   Code   RO         1947    i.BSP_USART2_Init   bsp_usart.o
    0x08000ee8   0x08000ee8   0x000000a8   Code   RO         1948    i.BSP_USART3_Init   bsp_usart.o
    0x08000f90   0x08000f90   0x000000a8   Code   RO         1949    i.BSP_USART6_Init   bsp_usart.o
    0x08001038   0x08001038   0x00000002   Code   RO          182    i.BusFault_Handler  stm32f4xx_it.o
    0x0800103a   0x0800103a   0x00000002   PAD
    0x0800103c   0x0800103c   0x0000005c   Code   RO          183    i.CAN1_RX0_IRQHandler  stm32f4xx_it.o
    0x08001098   0x08001098   0x0000005c   Code   RO          184    i.CAN2_RX0_IRQHandler  stm32f4xx_it.o
    0x080010f4   0x080010f4   0x00000078   Code   RO         3649    i.CAN_ClearITPendingBit  stm32f4xx_can.o
    0x0800116c   0x0800116c   0x000000cc   Code   RO         3653    i.CAN_FilterInit    stm32f4xx_can.o
    0x08001238   0x08001238   0x000000a8   Code   RO         3655    i.CAN_GetITStatus   stm32f4xx_can.o
    0x080012e0   0x080012e0   0x00000010   Code   RO         3659    i.CAN_ITConfig      stm32f4xx_can.o
    0x080012f0   0x080012f0   0x000000e8   Code   RO         3660    i.CAN_Init          stm32f4xx_can.o
    0x080013d8   0x080013d8   0x00000090   Code   RO         3663    i.CAN_Receive       stm32f4xx_can.o
    0x08001468   0x08001468   0x000000a4   Code   RO         3668    i.CAN_Transmit      stm32f4xx_can.o
    0x0800150c   0x0800150c   0x000000a4   Code   RO         1819    i.Camera_getMassage  camera.o
    0x080015b0   0x080015b0   0x000000b0   Code   RO          763    i.CanTaskCreate     task_can.o
    0x08001660   0x08001660   0x00000290   Code   RO          812    i.Chassis_Ctrl      chassis.o
    0x080018f0   0x080018f0   0x00000084   Code   RO          813    i.Chassis_Init      chassis.o
    0x08001974   0x08001974   0x00000110   Code   RO          814    i.Chassis_MotionModel  chassis.o
    0x08001a84   0x08001a84   0x0000000c   Code   RO         3671    i.CheckITStatus     stm32f4xx_can.o
    0x08001a90   0x08001a90   0x00000088   Code   RO          340    i.ControlTaskCreate  task_ctrl.o
    0x08001b18   0x08001b18   0x0000007c   Code   RO          970    i.Curve_Sin         curve.o
    0x08001b94   0x08001b94   0x000000a4   Code   RO          972    i.Curve_Straight    curve.o
    0x08001c38   0x08001c38   0x000000ac   Code   RO          973    i.Curve_Straight1   curve.o
    0x08001ce4   0x08001ce4   0x00000014   Code   RO         4167    i.DMA_Cmd           stm32f4xx_dma.o
    0x08001cf8   0x08001cf8   0x00000124   Code   RO         4168    i.DMA_DeInit        stm32f4xx_dma.o
    0x08001e1c   0x08001e1c   0x0000000e   Code   RO         4172    i.DMA_GetCmdStatus  stm32f4xx_dma.o
    0x08001e2a   0x08001e2a   0x00000006   Code   RO         4173    i.DMA_GetCurrDataCounter  stm32f4xx_dma.o
    0x08001e30   0x08001e30   0x00000054   Code   RO         4179    i.DMA_Init          stm32f4xx_dma.o
    0x08001e84   0x08001e84   0x00000080   Code   RO         2091    i.DMA_UART7RxConfig  bsp_dma.o
    0x08001f04   0x08001f04   0x00000080   Code   RO         2092    i.DMA_UART8RxConfig  bsp_dma.o
    0x08001f84   0x08001f84   0x00000080   Code   RO         2093    i.DMA_USART1RxConfig  bsp_dma.o
    0x08002004   0x08002004   0x00000080   Code   RO         2094    i.DMA_USART2RxConfig  bsp_dma.o
    0x08002084   0x08002084   0x00000080   Code   RO         2096    i.DMA_USART3RxConfig  bsp_dma.o
    0x08002104   0x08002104   0x00000080   Code   RO         2097    i.DMA_USART6RxConfig  bsp_dma.o
    0x08002184   0x08002184   0x0000002c   Code   RO         1271    i.DR16_Init         dr16.o
    0x080021b0   0x080021b0   0x0000008c   Code   RO         1272    i.DR16_getMessage   dr16.o
    0x0800223c   0x0800223c   0x00000058   Code   RO         1491    i.DXL1_getMassage   servo.o
    0x08002294   0x08002294   0x0000013c   Code   RO         1496    i.DXL1_setSyncMsg   servo.o
    0x080023d0   0x080023d0   0x00000002   Code   RO          185    i.DebugMon_Handler  stm32f4xx_it.o
    0x080023d2   0x080023d2   0x00000010   Code   RO         1175    i.Filter_Absolute   filter.o
    0x080023e2   0x080023e2   0x00000002   PAD
    0x080023e4   0x080023e4   0x00000020   Code   RO         1176    i.Filter_Init       filter.o
    0x08002404   0x08002404   0x00000054   Code   RO         1177    i.Filter_Limit      filter.o
    0x08002458   0x08002458   0x00000016   Code   RO         1178    i.Filter_Lowpass    filter.o
    0x0800246e   0x0800246e   0x000000a2   Code   RO         5012    i.GPIO_Init         stm32f4xx_gpio.o
    0x08002510   0x08002510   0x00000020   Code   RO         5013    i.GPIO_PinAFConfig  stm32f4xx_gpio.o
    0x08002530   0x08002530   0x00000004   Code   RO         5019    i.GPIO_ResetBits    stm32f4xx_gpio.o
    0x08002534   0x08002534   0x00000004   Code   RO         5020    i.GPIO_SetBits      stm32f4xx_gpio.o
    0x08002538   0x08002538   0x0000000a   Code   RO         5024    i.GPIO_WriteBit     stm32f4xx_gpio.o
    0x08002542   0x08002542   0x00000002   PAD
    0x08002544   0x08002544   0x00000084   Code   RO         1627    i.GY955_getMassage  gyro.o
    0x080025c8   0x080025c8   0x00000010   Code   RO         1628    i.Gyro_Init         gyro.o
    0x080025d8   0x080025d8   0x00000002   Code   RO          186    i.HardFault_Handler  stm32f4xx_it.o
    0x080025da   0x080025da   0x00000002   PAD
    0x080025dc   0x080025dc   0x00000118   Code   RO          878    i.Joint_Init        joint.o
    0x080026f4   0x080026f4   0x00000018   Code   RO          879    i.Joint_RobotArmCtrl  joint.o
    0x0800270c   0x0800270c   0x0000039c   Code   RO          881    i.Joint_TrotMotionModel  joint.o
    0x08002aa8   0x08002aa8   0x000000a4   Code   RO          883    i.Joint_getCrusTarAng  joint.o
    0x08002b4c   0x08002b4c   0x0000007c   Code   RO          884    i.Joint_getHipTarAng  joint.o
    0x08002bc8   0x08002bc8   0x00000080   Code   RO          885    i.Joint_getThighTarAng  joint.o
    0x08002c48   0x08002c48   0x0000002c   Code   RO         1235    i.KEY_Init          key.o
    0x08002c74   0x08002c74   0x00000070   Code   RO         1211    i.LED_Init          led.o
    0x08002ce4   0x08002ce4   0x00000040   Code   RO         1306    i.M2006_getMessage  motor.o
    0x08002d24   0x08002d24   0x00000054   Code   RO         1307    i.M2006_setCurrent  motor.o
    0x08002d78   0x08002d78   0x00000040   Code   RO         1308    i.M3508_getMessage  motor.o
    0x08002db8   0x08002db8   0x0000004c   Code   RO         1309    i.M3508_setCurrent  motor.o
    0x08002e04   0x08002e04   0x00000040   Code   RO         1310    i.M6020_getMessage  motor.o
    0x08002e44   0x08002e44   0x00000054   Code   RO         1311    i.M6020_setCurrent  motor.o
    0x08002e98   0x08002e98   0x000000ac   Code   RO         1312    i.M6020_setLimitAngle  motor.o
    0x08002f44   0x08002f44   0x0000009c   Code   RO         1313    i.M6020_setTargetAngle  motor.o
    0x08002fe0   0x08002fe0   0x00000030   Code   RO         1314    i.M6623_getMessage  motor.o
    0x08003010   0x08003010   0x00000002   Code   RO          187    i.MemManage_Handler  stm32f4xx_it.o
    0x08003012   0x08003012   0x00000002   PAD
    0x08003014   0x08003014   0x0000011c   Code   RO         1315    i.Motor_Init        motor.o
    0x08003130   0x08003130   0x00000002   Code   RO          188    i.NMI_Handler       stm32f4xx_it.o
    0x08003132   0x08003132   0x00000002   PAD
    0x08003134   0x08003134   0x00000064   Code   RO         3353    i.NVIC_Init         misc.o
    0x08003198   0x08003198   0x00000014   Code   RO         3354    i.NVIC_PriorityGroupConfig  misc.o
    0x080031ac   0x080031ac   0x0000003c   Code   RO         1388    i.OLED_Clear        oled.o
    0x080031e8   0x080031e8   0x00000194   Code   RO         1392    i.OLED_Init         oled.o
    0x0800337c   0x0800337c   0x0000002c   Code   RO         1393    i.OLED_Set_Pos      oled.o
    0x080033a8   0x080033a8   0x0000006c   Code   RO         1398    i.OLED_WR_Byte      oled.o
    0x08003414   0x08003414   0x00000324   Code   RO         1018    i.PID_Calc          pid.o
    0x08003738   0x08003738   0x00000018   Code   RO         1019    i.PID_StructInit    pid.o
    0x08003750   0x08003750   0x00000040   Code   RO         1887    i.Photoelectric_Init  photoelectric.o
    0x08003790   0x08003790   0x00000028   Code   RO         1759    i.Posture_getMessage  encoder.o
    0x080037b8   0x080037b8   0x00000018   Code   RO         5950    i.RCC_AHB1PeriphClockCmd  stm32f4xx_rcc.o
    0x080037d0   0x080037d0   0x00000018   Code   RO         5959    i.RCC_APB1PeriphClockCmd  stm32f4xx_rcc.o
    0x080037e8   0x080037e8   0x00000018   Code   RO         5962    i.RCC_APB2PeriphClockCmd  stm32f4xx_rcc.o
    0x08003800   0x08003800   0x00000094   Code   RO         5971    i.RCC_GetClocksFreq  stm32f4xx_rcc.o
    0x08003894   0x08003894   0x00000050   Code   RO         1667    i.RoboModule_DRV_Mode_Choice  robomodule.o
    0x080038e4   0x080038e4   0x00000050   Code   RO         1671    i.RoboModule_DRV_Reset  robomodule.o
    0x08003934   0x08003934   0x0000008c   Code   RO         1672    i.RoboModule_DRV_Velocity_Mode  robomodule.o
    0x080039c0   0x080039c0   0x0000004c   Code   RO         1674    i.RoboModule_Init   robomodule.o
    0x08003a0c   0x08003a0c   0x000000d0   Code   RO         8376    i.SetSysClock       system_stm32f4xx.o
    0x08003adc   0x08003adc   0x00000268   Code   RO          815    i.SpinRuning        chassis.o
    0x08003d44   0x08003d44   0x0000002c   Code   RO         3267    i.SysTick_Handler   port.o
    0x08003d70   0x08003d70   0x0000005c   Code   RO         8378    i.SystemInit        system_stm32f4xx.o
    0x08003dcc   0x08003dcc   0x00000030   Code   RO          189    i.TIM6_DAC_IRQHandler  stm32f4xx_it.o
    0x08003dfc   0x08003dfc   0x00000006   Code   RO         7336    i.TIM_ClearITPendingBit  stm32f4xx_tim.o
    0x08003e02   0x08003e02   0x00000014   Code   RO         7341    i.TIM_Cmd           stm32f4xx_tim.o
    0x08003e16   0x08003e16   0x00000018   Code   RO         7362    i.TIM_GetITStatus   stm32f4xx_tim.o
    0x08003e2e   0x08003e2e   0x00000010   Code   RO         7366    i.TIM_ITConfig      stm32f4xx_tim.o
    0x08003e3e   0x08003e3e   0x00000002   PAD
    0x08003e40   0x08003e40   0x0000007c   Code   RO         7413    i.TIM_TimeBaseInit  stm32f4xx_tim.o
    0x08003ebc   0x08003ebc   0x0000007c   Code   RO          402    i.TestTaskCreate    task_init.o
    0x08003f38   0x08003f38   0x00000068   Code   RO          190    i.UART7_IRQHandler  stm32f4xx_it.o
    0x08003fa0   0x08003fa0   0x0000006c   Code   RO          191    i.USART1_IRQHandler  stm32f4xx_it.o
    0x0800400c   0x0800400c   0x00000068   Code   RO          192    i.USART2_IRQHandler  stm32f4xx_it.o
    0x08004074   0x08004074   0x00000074   Code   RO          193    i.USART3_IRQHandler  stm32f4xx_it.o
    0x080040e8   0x080040e8   0x00000068   Code   RO          194    i.USART6_IRQHandler  stm32f4xx_it.o
    0x08004150   0x08004150   0x00000014   Code   RO         7882    i.USART_Cmd         stm32f4xx_usart.o
    0x08004164   0x08004164   0x00000010   Code   RO         7883    i.USART_DMACmd      stm32f4xx_usart.o
    0x08004174   0x08004174   0x0000000e   Code   RO         7885    i.USART_GetFlagStatus  stm32f4xx_usart.o
    0x08004182   0x08004182   0x0000003e   Code   RO         7886    i.USART_GetITStatus  stm32f4xx_usart.o
    0x080041c0   0x080041c0   0x00000030   Code   RO         7888    i.USART_ITConfig    stm32f4xx_usart.o
    0x080041f0   0x080041f0   0x000000ac   Code   RO         7889    i.USART_Init        stm32f4xx_usart.o
    0x0800429c   0x0800429c   0x00000008   Code   RO         7899    i.USART_SendData    stm32f4xx_usart.o
    0x080042a4   0x080042a4   0x00000016   Code   RO         1951    i.USART_sendChar    bsp_usart.o
    0x080042ba   0x080042ba   0x00000002   Code   RO          195    i.UsageFault_Handler  stm32f4xx_it.o
    0x080042bc   0x080042bc   0x0000015c   Code   RO          686    i.UsartTaskCreate   task_usart.o
    0x08004418   0x08004418   0x00000020   Code   RO         8567    i.__0printf$3       mc_w.l(printf3.o)
    0x08004438   0x08004438   0x00000028   Code   RO         8569    i.__0sprintf$3      mc_w.l(printf3.o)
    0x08004460   0x08004460   0x00000030   Code   RO         8802    i.__ARM_fpclassify  m_wm.l(fpclassify.o)
    0x08004490   0x08004490   0x000000c8   Code   RO         8411    i.__hardfp_cos      m_wm.l(cos.o)
    0x08004558   0x08004558   0x00000c50   Code   RO         8423    i.__hardfp_pow      m_wm.l(pow.o)
    0x080051a8   0x080051a8   0x000000c8   Code   RO         8437    i.__hardfp_sin      m_wm.l(sin.o)
    0x08005270   0x08005270   0x0000007a   Code   RO         8449    i.__hardfp_sqrt     m_wm.l(sqrt.o)
    0x080052ea   0x080052ea   0x00000006   PAD
    0x080052f0   0x080052f0   0x00000438   Code   RO         8807    i.__ieee754_rem_pio2  m_wm.l(rred.o)
    0x08005728   0x08005728   0x00000170   Code   RO         8779    i.__kernel_cos      m_wm.l(cos_i.o)
    0x08005898   0x08005898   0x000000f8   Code   RO         8804    i.__kernel_poly     m_wm.l(poly.o)
    0x08005990   0x08005990   0x00000130   Code   RO         8812    i.__kernel_sin      m_wm.l(sin_i.o)
    0x08005ac0   0x08005ac0   0x00000030   Code   RO         8782    i.__mathlib_dbl_divzero  m_wm.l(dunder.o)
    0x08005af0   0x08005af0   0x00000014   Code   RO         8783    i.__mathlib_dbl_infnan  m_wm.l(dunder.o)
    0x08005b04   0x08005b04   0x00000014   Code   RO         8784    i.__mathlib_dbl_infnan2  m_wm.l(dunder.o)
    0x08005b18   0x08005b18   0x00000020   Code   RO         8785    i.__mathlib_dbl_invalid  m_wm.l(dunder.o)
    0x08005b38   0x08005b38   0x00000020   Code   RO         8786    i.__mathlib_dbl_overflow  m_wm.l(dunder.o)
    0x08005b58   0x08005b58   0x00000020   Code   RO         8788    i.__mathlib_dbl_underflow  m_wm.l(dunder.o)
    0x08005b78   0x08005b78   0x0000000e   Code   RO         8876    i.__scatterload_copy  mc_w.l(handlers.o)
    0x08005b86   0x08005b86   0x00000002   Code   RO         8877    i.__scatterload_null  mc_w.l(handlers.o)
    0x08005b88   0x08005b88   0x0000000e   Code   RO         8878    i.__scatterload_zeroinit  mc_w.l(handlers.o)
    0x08005b96   0x08005b96   0x00000002   PAD
    0x08005b98   0x08005b98   0x0000000c   Code   RO         8846    i.__set_errno       mc_w.l(errno.o)
    0x08005ba4   0x08005ba4   0x000001b8   Code   RO         8574    i._printf_core      mc_w.l(printf3.o)
    0x08005d5c   0x08005d5c   0x0000000a   Code   RO         8576    i._sputc            mc_w.l(printf3.o)
    0x08005d66   0x08005d66   0x0000002a   Code   RO         1020    i.absLimit          pid.o
    0x08005d90   0x08005d90   0x0000001a   Code   RO         1143    i.delay_ms          delay.o
    0x08005daa   0x08005daa   0x00000002   PAD
    0x08005dac   0x08005dac   0x0000002c   Code   RO         1144    i.delay_us          delay.o
    0x08005dd8   0x08005dd8   0x00000068   Code   RO         2734    i.eTaskGetState     tasks.o
    0x08005e40   0x08005e40   0x00000018   Code   RO         8798    i.fabs              m_wm.l(fabs.o)
    0x08005e58   0x08005e58   0x00000018   Code   RO         1953    i.fputc             bsp_usart.o
    0x08005e70   0x08005e70   0x00000050   Code   RO         8739    i.free              mc_w.l(malloc.o)
    0x08005ec0   0x08005ec0   0x00000034   Code   RO            4    i.main              main.o
    0x08005ef4   0x08005ef4   0x0000006c   Code   RO         8740    i.malloc            mc_w.l(malloc.o)
    0x08005f60   0x08005f60   0x0000000e   Code   RO         1021    i.pidParamInit      pid.o
    0x08005f6e   0x08005f6e   0x00000006   Code   RO         1022    i.pidReset          pid.o
    0x08005f74   0x08005f74   0x00000070   Code   RO         2736    i.prvAddCurrentTaskToDelayedList  tasks.o
    0x08005fe4   0x08005fe4   0x000000d0   Code   RO         2737    i.prvAddNewTaskToReadyList  tasks.o
    0x080060b4   0x080060b4   0x00000050   Code   RO         3090    i.prvCheckForValidListAndQueue  timers.o
    0x08006104   0x08006104   0x00000026   Code   RO         2391    i.prvCopyDataFromQueue  queue.o
    0x0800612a   0x0800612a   0x0000006c   Code   RO         2392    i.prvCopyDataToQueue  queue.o
    0x08006196   0x08006196   0x00000014   Code   RO         2738    i.prvDeleteTCB      tasks.o
    0x080061aa   0x080061aa   0x00000002   PAD
    0x080061ac   0x080061ac   0x0000004c   Code   RO         3217    i.prvHeapInit       heap_4.o
    0x080061f8   0x080061f8   0x00000060   Code   RO         2739    i.prvIdleTask       tasks.o
    0x08006258   0x08006258   0x0000009e   Code   RO         2740    i.prvInitialiseNewTask  tasks.o
    0x080062f6   0x080062f6   0x00000002   PAD
    0x080062f8   0x080062f8   0x0000004c   Code   RO         3218    i.prvInsertBlockIntoFreeList  heap_4.o
    0x08006344   0x08006344   0x00000038   Code   RO         3091    i.prvInsertTimerInActiveList  timers.o
    0x0800637c   0x0800637c   0x0000001c   Code   RO         2393    i.prvIsQueueEmpty   queue.o
    0x08006398   0x08006398   0x00000058   Code   RO         2741    i.prvListTasksWithinSingleList  tasks.o
    0x080063f0   0x080063f0   0x000000b8   Code   RO         3092    i.prvProcessReceivedCommands  timers.o
    0x080064a8   0x080064a8   0x000000b4   Code   RO         3093    i.prvProcessTimerOrBlockTask  timers.o
    0x0800655c   0x0800655c   0x00000020   Code   RO         2742    i.prvResetNextTaskUnblockTime  tasks.o
    0x0800657c   0x0800657c   0x00000028   Code   RO         3094    i.prvSampleTimeNow  timers.o
    0x080065a4   0x080065a4   0x0000006c   Code   RO         3095    i.prvSwitchTimerLists  timers.o
    0x08006610   0x08006610   0x00000028   Code   RO         3268    i.prvTaskExitError  port.o
    0x08006638   0x08006638   0x00000024   Code   RO         3096    i.prvTimerTask      timers.o
    0x0800665c   0x0800665c   0x0000006a   Code   RO         2394    i.prvUnlockQueue    queue.o
    0x080066c6   0x080066c6   0x00000022   Code   RO         2744    i.prvWriteNameToBuffer  tasks.o
    0x080066e8   0x080066e8   0x000000d8   Code   RO         3219    i.pvPortMalloc      heap_4.o
    0x080067c0   0x080067c0   0x0000002c   Code   RO         3269    i.pxPortInitialiseStack  port.o
    0x080067ec   0x080067ec   0x0000006e   Code   RO         8451    i.sqrt              m_wm.l(sqrt.o)
    0x0800685a   0x0800685a   0x00000026   Code   RO         2351    i.uxListRemove      list.o
    0x08006880   0x08006880   0x000000b0   Code   RO         2748    i.uxTaskGetSystemState  tasks.o
    0x08006930   0x08006930   0x00000016   Code   RO         2352    i.vListInitialise   list.o
    0x08006946   0x08006946   0x00000006   Code   RO         2353    i.vListInitialiseItem  list.o
    0x0800694c   0x0800694c   0x00000030   Code   RO         2354    i.vListInsert       list.o
    0x0800697c   0x0800697c   0x00000018   Code   RO         2355    i.vListInsertEnd    list.o
    0x08006994   0x08006994   0x00000040   Code   RO         3271    i.vPortEnterCritical  port.o
    0x080069d4   0x080069d4   0x00000028   Code   RO         3272    i.vPortExitCritical  port.o
    0x080069fc   0x080069fc   0x0000005c   Code   RO         3220    i.vPortFree         heap_4.o
    0x08006a58   0x08006a58   0x00000024   Code   RO         3273    i.vPortSetupTimerInterrupt  port.o
    0x08006a7c   0x08006a7c   0x00000054   Code   RO         3274    i.vPortValidateInterruptPriority  port.o
    0x08006ad0   0x08006ad0   0x00000028   Code   RO         2400    i.vQueueAddToRegistry  queue.o
    0x08006af8   0x08006af8   0x00000044   Code   RO         2404    i.vQueueWaitForMessageRestricted  queue.o
    0x08006b3c   0x08006b3c   0x000000a4   Code   RO          764    i.vTaskCan1Receive  task_can.o
    0x08006be0   0x08006be0   0x00000028   Code   RO          765    i.vTaskCan2Receive  task_can.o
    0x08006c08   0x08006c08   0x00000040   Code   RO          766    i.vTaskCanSend      task_can.o
    0x08006c48   0x08006c48   0x0000001a   Code   RO          341    i.vTaskCtrlChassis  task_ctrl.o
    0x08006c62   0x08006c62   0x00000010   Code   RO          342    i.vTaskCtrlGimbal   task_ctrl.o
    0x08006c72   0x08006c72   0x00000002   PAD
    0x08006c74   0x08006c74   0x00000168   Code   RO          343    i.vTaskCtrlJoint    task_ctrl.o
    0x08006ddc   0x08006ddc   0x0000004c   Code   RO         2753    i.vTaskDelay        tasks.o
    0x08006e28   0x08006e28   0x0000008c   Code   RO         2754    i.vTaskDelayUntil   tasks.o
    0x08006eb4   0x08006eb4   0x000000ac   Code   RO         2755    i.vTaskDelete       tasks.o
    0x08006f60   0x08006f60   0x00000084   Code   RO         2757    i.vTaskGetInfo      tasks.o
    0x08006fe4   0x08006fe4   0x000000b4   Code   RO         2758    i.vTaskGetRunTimeStats  tasks.o
    0x08007098   0x08007098   0x00000010   Code   RO         2759    i.vTaskInternalSetTimeOutState  tasks.o
    0x080070a8   0x080070a8   0x0000008c   Code   RO          403    i.vTaskLED          task_init.o
    0x08007134   0x08007134   0x000000c0   Code   RO         2760    i.vTaskList         tasks.o
    0x080071f4   0x080071f4   0x0000000c   Code   RO         2761    i.vTaskMissedYield  tasks.o
    0x08007200   0x08007200   0x000000d4   Code   RO          404    i.vTaskMonitor      task_init.o
    0x080072d4   0x080072d4   0x00000030   Code   RO         2763    i.vTaskPlaceOnEventList  tasks.o
    0x08007304   0x08007304   0x00000038   Code   RO         2764    i.vTaskPlaceOnEventListRestricted  tasks.o
    0x0800733c   0x0800733c   0x000000dc   Code   RO          405    i.vTaskStart        task_init.o
    0x08007418   0x08007418   0x00000078   Code   RO         2772    i.vTaskStartScheduler  tasks.o
    0x08007490   0x08007490   0x00000010   Code   RO         2774    i.vTaskSuspendAll   tasks.o
    0x080074a0   0x080074a0   0x00000078   Code   RO         2775    i.vTaskSwitchContext  tasks.o
    0x08007518   0x08007518   0x00000008   Code   RO          406    i.vTaskTest         task_init.o
    0x08007520   0x08007520   0x00000020   Code   RO          688    i.vTaskUart7Receive  task_usart.o
    0x08007540   0x08007540   0x00000034   Code   RO          689    i.vTaskUsart1Receive  task_usart.o
    0x08007574   0x08007574   0x0000002c   Code   RO          690    i.vTaskUsart2Receive  task_usart.o
    0x080075a0   0x080075a0   0x00000024   Code   RO          691    i.vTaskUsart3Receive  task_usart.o
    0x080075c4   0x080075c4   0x00000020   Code   RO          692    i.vTaskUsart6Receive  task_usart.o
    0x080075e4   0x080075e4   0x0000012c   Code   RO          693    i.vTaskUsartSend    task_usart.o
    0x08007710   0x08007710   0x000000f4   Code   RO         3275    i.xPortStartScheduler  port.o
    0x08007804   0x08007804   0x00000052   Code   RO         2407    i.xQueueGenericCreate  queue.o
    0x08007856   0x08007856   0x00000002   PAD
    0x08007858   0x08007858   0x00000088   Code   RO         2408    i.xQueueGenericReset  queue.o
    0x080078e0   0x080078e0   0x00000160   Code   RO         2409    i.xQueueGenericSend  queue.o
    0x08007a40   0x08007a40   0x000000bc   Code   RO         2410    i.xQueueGenericSendFromISR  queue.o
    0x08007afc   0x08007afc   0x00000138   Code   RO         2417    i.xQueueReceive     queue.o
    0x08007c34   0x08007c34   0x00000074   Code   RO         2776    i.xTaskCheckForTimeOut  tasks.o
    0x08007ca8   0x08007ca8   0x00000056   Code   RO         2777    i.xTaskCreate       tasks.o
    0x08007cfe   0x08007cfe   0x00000002   PAD
    0x08007d00   0x08007d00   0x0000001c   Code   RO         2781    i.xTaskGetSchedulerState  tasks.o
    0x08007d1c   0x08007d1c   0x0000000c   Code   RO         2782    i.xTaskGetTickCount  tasks.o
    0x08007d28   0x08007d28   0x000000c8   Code   RO         2784    i.xTaskIncrementTick  tasks.o
    0x08007df0   0x08007df0   0x00000098   Code   RO         2787    i.xTaskPriorityDisinherit  tasks.o
    0x08007e88   0x08007e88   0x00000074   Code   RO         2789    i.xTaskRemoveFromEventList  tasks.o
    0x08007efc   0x08007efc   0x000000c4   Code   RO         2790    i.xTaskResumeAll    tasks.o
    0x08007fc0   0x08007fc0   0x0000004c   Code   RO         3102    i.xTimerCreateTimerTask  timers.o
    0x0800800c   0x0800800c   0x00000060   Code   RO         3103    i.xTimerGenericCommand  timers.o
    0x0800806c   0x0800806c   0x00000004   PAD
    0x08008070   0x08008070   0x00000088   Data   RO         8426    .constdata          m_wm.l(pow.o)
    0x080080f8   0x080080f8   0x00000030   Data   RO         8780    .constdata          m_wm.l(cos_i.o)
    0x08008128   0x08008128   0x00000008   Data   RO         8806    .constdata          m_wm.l(qnan.o)
    0x08008130   0x08008130   0x000000c8   Data   RO         8809    .constdata          m_wm.l(rred.o)
    0x080081f8   0x080081f8   0x00000028   Data   RO         8813    .constdata          m_wm.l(sin_i.o)
    0x08008220   0x08008220   0x00000020   Data   RO         8874    Region$$Table       anon$$obj.o


    Execution Region RW_IRAM1 (Exec base: 0x20000000, Load base: 0x08008240, Size: 0x00014470, Max: 0x00030000, ABSOLUTE, COMPRESSED[0x00000158])

    Exec Addr    Load Addr    Size         Type   Attr      Idx    E Section Name        Object

    0x20000000   COMPRESSED   0x0000000c   Data   RW          344    .data               task_ctrl.o
    0x2000000c   COMPRESSED   0x00000010   Data   RW          407    .data               task_init.o
    0x2000001c   COMPRESSED   0x00000004   Data   RW          408    .data               task_init.o
    0x20000020   COMPRESSED   0x00000030   Data   RW          694    .data               task_usart.o
    0x20000050   COMPRESSED   0x0000001c   Data   RW          767    .data               task_can.o
    0x2000006c   COMPRESSED   0x000002d8   Data   RW          818    .data               chassis.o
    0x20000344   COMPRESSED   0x00000018   Data   RW          888    .data               joint.o
    0x2000035c   COMPRESSED   0x00000010   Data   RW          974    .data               curve.o
    0x2000036c   COMPRESSED   0x00000002   Data   RW         1319    .data               motor.o
    0x2000036e   COMPRESSED   0x00000001   Data   RW         1823    .data               camera.o
    0x2000036f   COMPRESSED   0x00000001   PAD
    0x20000370   COMPRESSED   0x00000004   Data   RW         1954    .data               bsp_usart.o
    0x20000374   COMPRESSED   0x00000044   Data   RW         2793    .data               tasks.o
    0x200003b8   COMPRESSED   0x00000014   Data   RW         3109    .data               timers.o
    0x200003cc   COMPRESSED   0x00000018   Data   RW         3225    .data               heap_4.o
    0x200003e4   COMPRESSED   0x0000000c   Data   RW         3276    .data               port.o
    0x200003f0   COMPRESSED   0x00000010   Data   RW         6003    .data               stm32f4xx_rcc.o
    0x20000400   COMPRESSED   0x00000014   Data   RW         8379    .data               system_stm32f4xx.o
    0x20000414   COMPRESSED   0x00000004   Data   RW         8842    .data               mc_w.l(mvars.o)
    0x20000418   COMPRESSED   0x00000004   Data   RW         8843    .data               mc_w.l(mvars.o)
    0x2000041c   COMPRESSED   0x00000004   Data   RW         8847    .data               mc_w.l(errno.o)
    0x20000420        -       0x0000017c   Zero   RW          816    .bss                chassis.o
    0x2000059c        -       0x00000278   Zero   RW          887    .bss                joint.o
    0x20000814        -       0x0000000c   Zero   RW         1179    .bss                filter.o
    0x20000820        -       0x00000034   Zero   RW         1273    .bss                dr16.o
    0x20000854        -       0x0000050c   Zero   RW         1316    .bss                motor.o
    0x20000d60        -       0x00000200   Zero   RW         1505    .bss                servo.o
    0x20000f60        -       0x00000060   Zero   RW         1629    .bss                gyro.o
    0x20000fc0        -       0x00000108   Zero   RW         1675    .bss                robomodule.o
    0x200010c8        -       0x0000004c   Zero   RW         1760    .bss                encoder.o
    0x20001114        -       0x00000010   Zero   RW         1822    .bss                camera.o
    0x20001124        -       0x0000001c   Zero   RW         1862    .bss                ultrasonic.o
    0x20001140        -       0x00000040   Zero   RW         2421    .bss                queue.o
    0x20001180        -       0x000000c8   Zero   RW         2792    .bss                tasks.o
    0x20001248        -       0x00000028   Zero   RW         3108    .bss                timers.o
    0x20001270        -       0x00012c00   Zero   RW         3224    .bss                heap_4.o
    0x20013e70        -       0x00000200   Zero   RW         3344    HEAP                startup_stm32f427_437xx.o
    0x20014070        -       0x00000400   Zero   RW         3343    STACK               startup_stm32f427_437xx.o


==============================================================================

Image component sizes


      Code (inc. data)   RO Data    RW Data    ZI Data      Debug   Object Name

       208         10          0          0          0        760   bsp_can.o
       768         48          0          0          0       4376   bsp_dma.o
       270          0          0          0          0        712   bsp_nvic.o
        64          4          0          0          0        635   bsp_tim.o
      1050         66          0          4          0       7045   bsp_usart.o
       164          8          0          1         16       1730   camera.o
      1676        124          0        728        380       4206   chassis.o
       460         44          0         16          0       2031   curve.o
        70         12          0          0          0       1674   delay.o
       184         14          0          0         52       2139   dr16.o
        40          4          0          0         76       1723   encoder.o
         0          0          0          0          0      10392   event_groups.o
       154         16          0          0         12       2699   filter.o
       148         18          0          0         96       2156   gyro.o
       460         24          0         24      76800       4519   heap_4.o
      1644        120          0         24        632       5636   joint.o
        44          4          0          0          0        511   key.o
       112         10          0          0          0        571   led.o
       138          0          0          0          0       3302   list.o
        52         22          0          0          0     322603   main.o
       120         14          0          0          0       1703   misc.o
      1096        120          0          2       1292       7926   motor.o
       616         18          0          0          0       4480   oled.o
        64         10          0          0          0        557   photoelectric.o
       890         16          0          0          0       3827   pid.o
       786         82          0         12          0      11549   port.o
      1458         20          0          0         64      13574   queue.o
       376         28          0          0        264       9349   robomodule.o
       404          8          0          0        512       4531   servo.o
        36          8        428          0       1536        940   startup_stm32f427_437xx.o
      1060         20          0          0          0       7370   stm32f4xx_can.o
       416         24          0          0          0       4874   stm32f4xx_dma.o
       212          0          0          0          0       3851   stm32f4xx_gpio.o
       780        142          0          0          0      14498   stm32f4xx_it.o
       220         34          0         16          0       5115   stm32f4xx_rcc.o
       190         28          0          0          0       5085   stm32f4xx_tim.o
       340          8          0          0          0       6072   stm32f4xx_usart.o
       300         36          0         20          0       2225   system_stm32f4xx.o
       444        114          0         28          0       2947   task_can.o
       538         92          0         12          0       3308   task_ctrl.o
       704        242          0         20          0      11258   task_init.o
       844        232          0         48          0       4820   task_usart.o
      3214        272          0         68        200      29341   tasks.o
       856         82          0         20         40      17175   timers.o
         0          0          0          0         28        641   ultrasonic.o

    ----------------------------------------------------------------------
     23704       2202        460       1044      82000     556436   Object Totals
         0          0         32          0          0          0   (incl. Generated)
        34          4          0          1          0          0   (incl. Padding)

    ----------------------------------------------------------------------

      Code (inc. data)   RO Data    RW Data    ZI Data      Debug   Library Member Name

       200         20          0          0          0        164   cos.o
       368         46         48          0          0        200   cos_i.o
       184         44          0          0          0        744   dunder.o
        24          0          0          0          0        124   fabs.o
        48          0          0          0          0        124   fpclassify.o
       248          0          0          0          0        152   poly.o
      3152        296        136          0          0        352   pow.o
         0          0          8          0          0          0   qnan.o
      1080        142        200          0          0        188   rred.o
       200         20          0          0          0        164   sin.o
       304         24         40          0          0        208   sin_i.o
       232          0          0          0          0        296   sqrt.o
        94          0          0          0          0          0   __dclz77c.o
         0          0          0          0          0          0   entry.o
         0          0          0          0          0          0   entry10a.o
         0          0          0          0          0          0   entry11a.o
         8          4          0          0          0          0   entry2.o
         4          0          0          0          0          0   entry5.o
         0          0          0          0          0          0   entry7b.o
         0          0          0          0          0          0   entry8b.o
         8          4          0          0          0          0   entry9a.o
        12          6          0          4          0         68   errno.o
        30          0          0          0          0          0   handlers.o
        36          8          0          0          0         68   init.o
         0          0          0          0          0          0   iusefp.o
        30          0          0          0          0         68   llshl.o
        36          0          0          0          0         68   llsshr.o
        32          0          0          0          0         68   llushr.o
       188         20          0          0          0        160   malloc.o
        36          0          0          0          0         68   memcpya.o
        36          0          0          0          0        108   memseta.o
         0          0          0          8          0          0   mvars.o
       522         20          0          0          0        336   printf3.o
        18          0          0          0          0         68   strcpy.o
        14          0          0          0          0         68   strlen.o
        44          0          0          0          0         80   uidiv.o
        48          0          0          0          0         68   cdrcmple.o
        56          0          0          0          0         88   d2f.o
       334          0          0          0          0        148   dadd.o
       222          0          0          0          0        100   ddiv.o
       186          0          0          0          0        176   depilogue.o
        62          0          0          0          0         80   dfixi.o
        34          0          0          0          0         76   dflti.o
        26          0          0          0          0         76   dfltui.o
       228          0          0          0          0         96   dmul.o
        46          0          0          0          0         80   dscalb.o
       162          0          0          0          0        100   dsqrt.o
        38          0          0          0          0         68   f2d.o
       110          0          0          0          0        168   fepilogue.o

    ----------------------------------------------------------------------
      8748        654        432         12          0       5268   Library Totals
         8          0          0          0          0          0   (incl. Padding)

    ----------------------------------------------------------------------

      Code (inc. data)   RO Data    RW Data    ZI Data      Debug   Library Name

      6040        592        432          0          0       2716   m_wm.l
      1148         62          0         12          0       1228   mc_w.l
      1552          0          0          0          0       1324   mf_w.l

    ----------------------------------------------------------------------
      8748        654        432         12          0       5268   Library Totals

    ----------------------------------------------------------------------

==============================================================================


      Code (inc. data)   RO Data    RW Data    ZI Data      Debug   

     32452       2856        892       1056      82000     538636   Grand Totals
     32452       2856        892        344      82000     538636   ELF Image Totals (compressed)
     32452       2856        892        344          0          0   ROM Totals

==============================================================================

    Total RO  Size (Code + RO Data)                33344 (  32.56kB)
    Total RW  Size (RW Data + ZI Data)             83056 (  81.11kB)
    Total ROM Size (Code + RO Data + RW Data)      33688 (  32.90kB)

==============================================================================

