Component: ARM Compiler 5.06 update 6 (build 750) Tool: armlink [4d35ed]

==============================================================================

Section Cross References

    main.o(i.main) refers to tasks.o(i.xTaskCreate) for xTaskCreate
    main.o(i.main) refers to tasks.o(i.vTaskStartScheduler) for vTaskStartScheduler
    main.o(i.main) refers to task_init.o(.data) for StartTaskHandler
    main.o(i.main) refers to task_init.o(i.vTaskStart) for vTaskStart
    stm32f4xx_it.o(i.CAN1_RX0_IRQHandler) refers to stm32f4xx_can.o(i.CAN_GetITStatus) for CAN_GetITStatus
    stm32f4xx_it.o(i.CAN1_RX0_IRQHandler) refers to stm32f4xx_can.o(i.CAN_Receive) for CAN_Receive
    stm32f4xx_it.o(i.CAN1_RX0_IRQHandler) refers to queue.o(i.xQueueGenericSendFromISR) for xQueueGenericSendFromISR
    stm32f4xx_it.o(i.CAN1_RX0_IRQHandler) refers to stm32f4xx_can.o(i.CAN_ClearITPendingBit) for CAN_ClearITPendingBit
    stm32f4xx_it.o(i.CAN1_RX0_IRQHandler) refers to task_can.o(.data) for xCan1RxQueue
    stm32f4xx_it.o(i.CAN2_RX0_IRQHandler) refers to stm32f4xx_can.o(i.CAN_GetITStatus) for CAN_GetITStatus
    stm32f4xx_it.o(i.CAN2_RX0_IRQHandler) refers to stm32f4xx_can.o(i.CAN_Receive) for CAN_Receive
    stm32f4xx_it.o(i.CAN2_RX0_IRQHandler) refers to queue.o(i.xQueueGenericSendFromISR) for xQueueGenericSendFromISR
    stm32f4xx_it.o(i.CAN2_RX0_IRQHandler) refers to stm32f4xx_can.o(i.CAN_ClearITPendingBit) for CAN_ClearITPendingBit
    stm32f4xx_it.o(i.CAN2_RX0_IRQHandler) refers to task_can.o(.data) for xCan2RxQueue
    stm32f4xx_it.o(i.USART1_IRQHandler) refers to stm32f4xx_usart.o(i.USART_GetITStatus) for USART_GetITStatus
    stm32f4xx_it.o(i.USART1_IRQHandler) refers to stm32f4xx_dma.o(i.DMA_Cmd) for DMA_Cmd
    stm32f4xx_it.o(i.USART1_IRQHandler) refers to stm32f4xx_dma.o(i.DMA_GetCurrDataCounter) for DMA_GetCurrDataCounter
    stm32f4xx_it.o(i.USART1_IRQHandler) refers to queue.o(i.xQueueGenericSendFromISR) for xQueueGenericSendFromISR
    stm32f4xx_it.o(i.USART1_IRQHandler) refers to bsp_usart.o(.bss) for Usart1Buffer
    stm32f4xx_it.o(i.USART1_IRQHandler) refers to task_usart.o(.data) for xUsart1RxQueue
    stm32f4xx_it.o(i.USART2_IRQHandler) refers to stm32f4xx_usart.o(i.USART_GetITStatus) for USART_GetITStatus
    stm32f4xx_it.o(i.USART2_IRQHandler) refers to stm32f4xx_dma.o(i.DMA_Cmd) for DMA_Cmd
    stm32f4xx_it.o(i.USART2_IRQHandler) refers to queue.o(i.xQueueGenericSendFromISR) for xQueueGenericSendFromISR
    stm32f4xx_it.o(i.USART2_IRQHandler) refers to bsp_usart.o(.bss) for Usart2Buffer
    stm32f4xx_it.o(i.USART2_IRQHandler) refers to task_usart.o(.data) for xUsart2RxQueue
    stm32f4xx_it.o(i.USART3_IRQHandler) refers to stm32f4xx_usart.o(i.USART_GetITStatus) for USART_GetITStatus
    stm32f4xx_it.o(i.USART3_IRQHandler) refers to stm32f4xx_dma.o(i.DMA_Cmd) for DMA_Cmd
    stm32f4xx_it.o(i.USART3_IRQHandler) refers to stm32f4xx_dma.o(i.DMA_GetCurrDataCounter) for DMA_GetCurrDataCounter
    stm32f4xx_it.o(i.USART3_IRQHandler) refers to queue.o(i.xQueueGenericSendFromISR) for xQueueGenericSendFromISR
    stm32f4xx_it.o(i.USART3_IRQHandler) refers to bsp_usart.o(.bss) for Usart3Buffer
    stm32f4xx_it.o(i.USART3_IRQHandler) refers to task_usart.o(.data) for xUsart3RxQueue
    task_init.o(i.vTaskLED0) refers to tasks.o(i.vTaskDelay) for vTaskDelay
    task_init.o(i.vTaskLED6) refers to tasks.o(i.vTaskDelay) for vTaskDelay
    task_init.o(i.vTaskStart) refers to port.o(i.vPortEnterCritical) for vPortEnterCritical
    task_init.o(i.vTaskStart) refers to bsp_usart.o(i.BSP_USART1_Init) for BSP_USART1_Init
    task_init.o(i.vTaskStart) refers to bsp_usart.o(i.BSP_USART2_Init) for BSP_USART2_Init
    task_init.o(i.vTaskStart) refers to bsp_usart.o(i.BSP_USART3_Init) for BSP_USART3_Init
    task_init.o(i.vTaskStart) refers to bsp_can.o(i.BSP_CAN1_Init) for BSP_CAN1_Init
    task_init.o(i.vTaskStart) refers to bsp_i2c.o(i.BSP_I2C2_Init) for BSP_I2C2_Init
    task_init.o(i.vTaskStart) refers to bsp_nvic.o(i.BSP_NVIC_Init) for BSP_NVIC_Init
    task_init.o(i.vTaskStart) refers to led.o(i.LED_Init) for LED_Init
    task_init.o(i.vTaskStart) refers to key.o(i.KEY_Init) for KEY_Init
    task_init.o(i.vTaskStart) refers to dr16.o(i.DR16_Init) for DR16_Init
    task_init.o(i.vTaskStart) refers to motor.o(i.MotorParamInit) for MotorParamInit
    task_init.o(i.vTaskStart) refers to task_can.o(i.CanTaskCreate) for CanTaskCreate
    task_init.o(i.vTaskStart) refers to task_usart.o(i.UsartTaskCreate) for UsartTaskCreate
    task_init.o(i.vTaskStart) refers to tasks.o(i.xTaskCreate) for xTaskCreate
    task_init.o(i.vTaskStart) refers to tasks.o(i.vTaskDelay) for vTaskDelay
    task_init.o(i.vTaskStart) refers to task_ctrl.o(i.ControlTaskCreate) for ControlTaskCreate
    task_init.o(i.vTaskStart) refers to tasks.o(i.vTaskDelete) for vTaskDelete
    task_init.o(i.vTaskStart) refers to port.o(i.vPortExitCritical) for vPortExitCritical
    task_init.o(i.vTaskStart) refers to task_init.o(.data) for .data
[...]
    ..\\Libraries\\STM32F4xx_StdPeriph_Driver\\src\\stm32f4xx_flash_ramfunc.c 0x00000000   Number         0  stm32f4xx_flash_ramfunc.o ABSOLUTE
    ..\\Libraries\\STM32F4xx_StdPeriph_Driver\\src\\stm32f4xx_fmc.c 0x00000000   Number         0  stm32f4xx_fmc.o ABSOLUTE
    ..\\Libraries\\STM32F4xx_StdPeriph_Driver\\src\\stm32f4xx_fmpi2c.c 0x00000000   Number         0  stm32f4xx_fmpi2c.o ABSOLUTE
    ..\\Libraries\\STM32F4xx_StdPeriph_Driver\\src\\stm32f4xx_gpio.c 0x00000000   Number         0  stm32f4xx_gpio.o ABSOLUTE
    ..\\Libraries\\STM32F4xx_StdPeriph_Driver\\src\\stm32f4xx_hash.c 0x00000000   Number         0  stm32f4xx_hash.o ABSOLUTE
    ..\\Libraries\\STM32F4xx_StdPeriph_Driver\\src\\stm32f4xx_hash_md5.c 0x00000000   Number         0  stm32f4xx_hash_md5.o ABSOLUTE
    ..\\Libraries\\STM32F4xx_StdPeriph_Driver\\src\\stm32f4xx_hash_sha1.c 0x00000000   Number         0  stm32f4xx_hash_sha1.o ABSOLUTE
    ..\\Libraries\\STM32F4xx_StdPeriph_Driver\\src\\stm32f4xx_i2c.c 0x00000000   Number         0  stm32f4xx_i2c.o ABSOLUTE
    ..\\Libraries\\STM32F4xx_StdPeriph_Driver\\src\\stm32f4xx_iwdg.c 0x00000000   Number         0  stm32f4xx_iwdg.o ABSOLUTE
    ..\\Libraries\\STM32F4xx_StdPeriph_Driver\\src\\stm32f4xx_lptim.c 0x00000000   Number         0  stm32f4xx_lptim.o ABSOLUTE
    ..\\Libraries\\STM32F4xx_StdPeriph_Driver\\src\\stm32f4xx_ltdc.c 0x00000000   Number         0  stm32f4xx_ltdc.o ABSOLUTE
    ..\\Libraries\\STM32F4xx_StdPeriph_Driver\\src\\stm32f4xx_pwr.c 0x00000000   Number         0  stm32f4xx_pwr.o ABSOLUTE
    ..\\Libraries\\STM32F4xx_StdPeriph_Driver\\src\\stm32f4xx_qspi.c 0x00000000   Number         0  stm32f4xx_qspi.o ABSOLUTE
    ..\\Libraries\\STM32F4xx_StdPeriph_Driver\\src\\stm32f4xx_rcc.c 0x00000000   Number         0  stm32f4xx_rcc.o ABSOLUTE
    ..\\Libraries\\STM32F4xx_StdPeriph_Driver\\src\\stm32f4xx_rng.c 0x00000000   Number         0  stm32f4xx_rng.o ABSOLUTE
    ..\\Libraries\\STM32F4xx_StdPeriph_Driver\\src\\stm32f4xx_rtc.c 0x00000000   Number         0  stm32f4xx_rtc.o ABSOLUTE
    ..\\Libraries\\STM32F4xx_StdPeriph_Driver\\src\\stm32f4xx_sai.c 0x00000000   Number         0  stm32f4xx_sai.o ABSOLUTE
    ..\\Libraries\\STM32F4xx_StdPeriph_Driver\\src\\stm32f4xx_sdio.c 0x00000000   Number         0  stm32f4xx_sdio.o ABSOLUTE
    ..\\Libraries\\STM32F4xx_StdPeriph_Driver\\src\\stm32f4xx_spdifrx.c 0x00000000   Number         0  stm32f4xx_spdifrx.o ABSOLUTE
    ..\\Libraries\\STM32F4xx_StdPeriph_Driver\\src\\stm32f4xx_spi.c 0x00000000   Number         0  stm32f4xx_spi.o ABSOLUTE
    ..\\Libraries\\STM32F4xx_StdPeriph_Driver\\src\\stm32f4xx_syscfg.c 0x00000000   Number         0  stm32f4xx_syscfg.o ABSOLUTE
    ..\\Libraries\\STM32F4xx_StdPeriph_Driver\\src\\stm32f4xx_tim.c 0x00000000   Number         0  stm32f4xx_tim.o ABSOLUTE
    ..\\Libraries\\STM32F4xx_StdPeriph_Driver\\src\\stm32f4xx_usart.c 0x00000000   Number         0  stm32f4xx_usart.o ABSOLUTE
    ..\\Libraries\\STM32F4xx_StdPeriph_Driver\\src\\stm32f4xx_wwdg.c 0x00000000   Number         0  stm32f4xx_wwdg.o ABSOLUTE
    ..\\Task\\Task_Can.c                     0x00000000   Number         0  task_can.o ABSOLUTE
    ..\\Task\\Task_Ctrl.c                    0x00000000   Number         0  task_ctrl.o ABSOLUTE
    ..\\Task\\Task_Init.c                    0x00000000   Number         0  task_init.o ABSOLUTE
    ..\\Task\\Task_Usart.c                   0x00000000   Number         0  task_usart.o ABSOLUTE
    ..\\User\\main.c                         0x00000000   Number         0  main.o ABSOLUTE
    ..\\User\\stm32f4xx_it.c                 0x00000000   Number         0  stm32f4xx_it.o ABSOLUTE
    cdcmple.s                                0x00000000   Number         0  cdcmple.o ABSOLUTE
    cdrcmple.s                               0x00000000   Number         0  cdrcmple.o ABSOLUTE
    dc.s                                     0x00000000   Number         0  dc.o ABSOLUTE
    handlers.s                               0x00000000   Number         0  handlers.o ABSOLUTE
    init.s                                   0x00000000   Number         0  init.o ABSOLUTE
    RESET                                    0x08000000   Section      428  startup_stm32f427_437xx.o(RESET)
    .ARM.Collect$$$$00000000                 0x080001ac   Section        0  entry.o(.ARM.Collect$$$$00000000)
    .ARM.Collect$$$$00000001                 0x080001ac   Section        4  entry2.o(.ARM.Collect$$$$00000001)
    .ARM.Collect$$$$00000004                 0x080001b0   Section        4  entry5.o(.ARM.Collect$$$$00000004)
    .ARM.Collect$$$$00000008                 0x080001b4   Section        0  entry7b.o(.ARM.Collect$$$$00000008)
    .ARM.Collect$$$$0000000A                 0x080001b4   Section        0  entry8b.o(.ARM.Collect$$$$0000000A)
    .ARM.Collect$$$$0000000B                 0x080001b4   Section        8  entry9a.o(.ARM.Collect$$$$0000000B)
    .ARM.Collect$$$$0000000D                 0x080001bc   Section        0  entry10a.o(.ARM.Collect$$$$0000000D)
    .ARM.Collect$$$$0000000F                 0x080001bc   Section        0  entry11a.o(.ARM.Collect$$$$0000000F)
    .ARM.Collect$$$$00002712                 0x080001bc   Section        4  entry2.o(.ARM.Collect$$$$00002712)
    __lit__00000000                          0x080001bc   Data           4  entry2.o(.ARM.Collect$$$$00002712)
    .emb_text                                0x080001c0   Section      190  port.o(.emb_text)
    $v0                                      0x080001c0   Number         0  port.o(.emb_text)
    .text                                    0x08000280   Section       36  startup_stm32f427_437xx.o(.text)
    $v0                                      0x08000280   Number         0  startup_stm32f427_437xx.o(.text)
    .text                                    0x080002a4   Section        0  memcpya.o(.text)
    .text                                    0x080002c8   Section        0  memseta.o(.text)
    .text                                    0x080002ec   Section       36  init.o(.text)
    i.BSP_CAN1_Init                          0x08000310   Section        0  bsp_can.o(i.BSP_CAN1_Init)
    i.BSP_I2C2_Init                          0x080003e0   Section        0  bsp_i2c.o(i.BSP_I2C2_Init)
    i.BSP_NVIC_Init                          0x08000470   Section        0  bsp_nvic.o(i.BSP_NVIC_Init)
    i.BSP_USART1_Init                        0x080005a0   Section        0  bsp_usart.o(i.BSP_USART1_Init)
    i.BSP_USART2_Init                        0x08000654   Section        0  bsp_usart.o(i.BSP_USART2_Init)
    i.BSP_USART3_Init                        0x08000704   Section        0  bsp_usart.o(i.BSP_USART3_Init)
    i.BusFault_Handler                       0x080007b8   Section        0  stm32f4xx_it.o(i.BusFault_Handler)
    i.CAN1_RX0_IRQHandler                    0x080007bc   Section        0  stm32f4xx_it.o(i.CAN1_RX0_IRQHandler)
    i.CAN2_RX0_IRQHandler                    0x08000818   Section        0  stm32f4xx_it.o(i.CAN2_RX0_IRQHandler)
    i.CAN_ClearITPendingBit                  0x08000874   Section        0  stm32f4xx_can.o(i.CAN_ClearITPendingBit)
    i.CAN_FilterInit                         0x080008ec   Section        0  stm32f4xx_can.o(i.CAN_FilterInit)
    i.CAN_GetITStatus                        0x080009b8   Section        0  stm32f4xx_can.o(i.CAN_GetITStatus)
    i.CAN_ITConfig                           0x08000a60   Section        0  stm32f4xx_can.o(i.CAN_ITConfig)
    i.CAN_Init                               0x08000a70   Section        0  stm32f4xx_can.o(i.CAN_Init)
    i.CAN_Receive                            0x08000b58   Section        0  stm32f4xx_can.o(i.CAN_Receive)
    i.CAN_Transmit                           0x08000be8   Section        0  stm32f4xx_can.o(i.CAN_Transmit)
    i.CanTaskCreate                          0x08000c8c   Section        0  task_can.o(i.CanTaskCreate)
    i.CheckITStatus                          0x08000d3c   Section        0  stm32f4xx_can.o(i.CheckITStatus)
    CheckITStatus                            0x08000d3d   Thumb Code    12  stm32f4xx_can.o(i.CheckITStatus)
    i.ControlTaskCreate                      0x08000d48   Section        0  task_ctrl.o(i.ControlTaskCreate)
    i.DMA_Cmd                                0x08000dcc   Section        0  stm32f4xx_dma.o(i.DMA_Cmd)
    i.DMA_DeInit                             0x08000de0   Section        0  stm32f4xx_dma.o(i.DMA_DeInit)
    i.DMA_GetCmdStatus                       0x08000f04   Section        0  stm32f4xx_dma.o(i.DMA_GetCmdStatus)
    i.DMA_GetCurrDataCounter                 0x08000f12   Section        0  stm32f4xx_dma.o(i.DMA_GetCurrDataCounter)
    i.DMA_Init                               0x08000f18   Section        0  stm32f4xx_dma.o(i.DMA_Init)
    i.DMA_USART1RxConfig                     0x08000f6c   Section        0  bsp_dma.o(i.DMA_USART1RxConfig)
    i.DMA_USART2RxConfig                     0x08000fec   Section        0  bsp_dma.o(i.DMA_USART2RxConfig)
    i.DMA_USART3RxConfig                     0x0800106c   Section        0  bsp_dma.o(i.DMA_USART3RxConfig)
    i.DR16_Init                              0x080010ec   Section        0  dr16.o(i.DR16_Init)
    i.DR16_getMessage                        0x08001118   Section        0  dr16.o(i.DR16_getMessage)
    DR16_getMessage                          0x08001119   Thumb Code   120  dr16.o(i.DR16_getMessage)
    i.DebugMon_Handler                       0x08001194   Section        0  stm32f4xx_it.o(i.DebugMon_Handler)
    i.Dynamixel1_setSyncMsg                  0x08001198   Section        0  servo.o(i.Dynamixel1_setSyncMsg)
    i.Dynamixel_getMassage                   0x080012d4   Section        0  servo.o(i.Dynamixel_getMassage)
    i.GPIO_Init                              0x0800132c   Section        0  stm32f4xx_gpio.o(i.GPIO_Init)
    i.GPIO_PinAFConfig                       0x080013ce   Section        0  stm32f4xx_gpio.o(i.GPIO_PinAFConfig)
    i.GPIO_WriteBit                          0x080013ee   Section        0  stm32f4xx_gpio.o(i.GPIO_WriteBit)
    i.HardFault_Handler                      0x080013f8   Section        0  stm32f4xx_it.o(i.HardFault_Handler)
    i.I2C_Cmd                                0x080013fa   Section        0  stm32f4xx_i2c.o(i.I2C_Cmd)
    i.I2C_DeInit                             0x08001410   Section        0  stm32f4xx_i2c.o(i.I2C_DeInit)
    i.I2C_Init                               0x08001454   Section        0  stm32f4xx_i2c.o(i.I2C_Init)
    i.KEY_Init                               0x0800150c   Section        0  key.o(i.KEY_Init)
    i.LED_Init                               0x08001538   Section        0  led.o(i.LED_Init)
    i.M2006_getMessage                       0x080015a8   Section        0  motor.o(i.M2006_getMessage)
    M2006_getMessage                         0x080015a9   Thumb Code    60  motor.o(i.M2006_getMessage)
    i.M2006_setCurrent                       0x080015e8   Section        0  motor.o(i.M2006_setCurrent)
    M2006_setCurrent                         0x080015e9   Thumb Code    76  motor.o(i.M2006_setCurrent)
    i.M3508_getMessage                       0x0800163c   Section        0  motor.o(i.M3508_getMessage)
    M3508_getMessage                         0x0800163d   Thumb Code    60  motor.o(i.M3508_getMessage)
    i.M3508_setCurrent                       0x0800167c   Section        0  motor.o(i.M3508_setCurrent)
    M3508_setCurrent                         0x0800167d   Thumb Code    68  motor.o(i.M3508_setCurrent)
    i.M6020_getMessage                       0x080016c8   Section        0  motor.o(i.M6020_getMessage)
    M6020_getMessage                         0x080016c9   Thumb Code    60  motor.o(i.M6020_getMessage)
    i.M6020_setCurrent                       0x08001708   Section        0  motor.o(i.M6020_setCurrent)
    M6020_setCurrent                         0x08001709   Thumb Code    76  motor.o(i.M6020_setCurrent)
    i.M6020_setLimitAngle                    0x0800175c   Section        0  motor.o(i.M6020_setLimitAngle)
    M6020_setLimitAngle                      0x0800175d   Thumb Code   166  motor.o(i.M6020_setLimitAngle)
    i.M6020_setTargetAngle                   0x08001808   Section        0  motor.o(i.M6020_setTargetAngle)
    M6020_setTargetAngle                     0x08001809   Thumb Code   144  motor.o(i.M6020_setTargetAngle)
    i.M6623_getMessage                       0x080018a4   Section        0  motor.o(i.M6623_getMessage)
    M6623_getMessage                         0x080018a5   Thumb Code    44  motor.o(i.M6623_getMessage)
    i.MemManage_Handler                      0x080018d4   Section        0  stm32f4xx_it.o(i.MemManage_Handler)
    i.MotorParamInit                         0x080018d8   Section        0  motor.o(i.MotorParamInit)
    i.NMI_Handler                            0x080019f4   Section        0  stm32f4xx_it.o(i.NMI_Handler)
    i.NVIC_Init                              0x080019f8   Section        0  misc.o(i.NVIC_Init)
    i.NVIC_PriorityGroupConfig               0x08001a5c   Section        0  misc.o(i.NVIC_PriorityGroupConfig)
    i.PID_StructInit                         0x08001a70   Section        0  pid.o(i.PID_StructInit)
    i.RCC_AHB1PeriphClockCmd                 0x08001a88   Section        0  stm32f4xx_rcc.o(i.RCC_AHB1PeriphClockCmd)
    i.RCC_APB1PeriphClockCmd                 0x08001aa0   Section        0  stm32f4xx_rcc.o(i.RCC_APB1PeriphClockCmd)
    i.RCC_APB1PeriphResetCmd                 0x08001ab8   Section        0  stm32f4xx_rcc.o(i.RCC_APB1PeriphResetCmd)
    i.RCC_APB2PeriphClockCmd                 0x08001ad0   Section        0  stm32f4xx_rcc.o(i.RCC_APB2PeriphClockCmd)
    i.RCC_GetClocksFreq                      0x08001ae8   Section        0  stm32f4xx_rcc.o(i.RCC_GetClocksFreq)
    i.SetSysClock                            0x08001b7c   Section        0  system_stm32f4xx.o(i.SetSysClock)
    SetSysClock                              0x08001b7d   Thumb Code   190  system_stm32f4xx.o(i.SetSysClock)
    i.SysTick_Handler                        0x08001c4c   Section        0  port.o(i.SysTick_Handler)
    i.SystemInit                             0x08001c78   Section        0  system_stm32f4xx.o(i.SystemInit)
    i.USART1_IRQHandler                      0x08001cd4   Section        0  stm32f4xx_it.o(i.USART1_IRQHandler)
    i.USART2_IRQHandler                      0x08001d40   Section        0  stm32f4xx_it.o(i.USART2_IRQHandler)
    i.USART3_IRQHandler                      0x08001da8   Section        0  stm32f4xx_it.o(i.USART3_IRQHandler)
    i.USART_ClearFlag                        0x08001e1c   Section        0  stm32f4xx_usart.o(i.USART_ClearFlag)
    i.USART_Cmd                              0x08001e22   Section        0  stm32f4xx_usart.o(i.USART_Cmd)
    i.USART_DMACmd                           0x08001e36   Section        0  stm32f4xx_usart.o(i.USART_DMACmd)
    i.USART_GetFlagStatus                    0x08001e46   Section        0  stm32f4xx_usart.o(i.USART_GetFlagStatus)
    i.USART_GetITStatus                      0x08001e54   Section        0  stm32f4xx_usart.o(i.USART_GetITStatus)
    i.USART_ITConfig                         0x08001e92   Section        0  stm32f4xx_usart.o(i.USART_ITConfig)
    i.USART_Init                             0x08001ec4   Section        0  stm32f4xx_usart.o(i.USART_Init)
    i.USART_SendData                         0x08001f70   Section        0  stm32f4xx_usart.o(i.USART_SendData)
    i.USART_sendChar                         0x08001f78   Section        0  bsp_usart.o(i.USART_sendChar)
    i.UsageFault_Handler                     0x08001f8e   Section        0  stm32f4xx_it.o(i.UsageFault_Handler)
    i.UsartTaskCreate                        0x08001f90   Section        0  task_usart.o(i.UsartTaskCreate)
    i.__scatterload_copy                     0x08002078   Section       14  handlers.o(i.__scatterload_copy)
    i.__scatterload_null                     0x08002086   Section        2  handlers.o(i.__scatterload_null)
    i.__scatterload_zeroinit                 0x08002088   Section       14  handlers.o(i.__scatterload_zeroinit)
    i.free                                   0x08002098   Section        0  malloc.o(i.free)
    i.main                                   0x080020e8   Section        0  main.o(i.main)
    i.malloc                                 0x0800211c   Section        0  malloc.o(i.malloc)
    i.pidParamInit                           0x08002188   Section        0  pid.o(i.pidParamInit)
    pidParamInit                             0x08002189   Thumb Code    14  pid.o(i.pidParamInit)
    i.pidReset                               0x08002196   Section        0  pid.o(i.pidReset)
    pidReset                                 0x08002197   Thumb Code     6  pid.o(i.pidReset)
    i.prvAddCurrentTaskToDelayedList         0x0800219c   Section        0  tasks.o(i.prvAddCurrentTaskToDelayedList)
    prvAddCurrentTaskToDelayedList           0x0800219d   Thumb Code   102  tasks.o(i.prvAddCurrentTaskToDelayedList)
    i.prvAddNewTaskToReadyList               0x0800220c   Section        0  tasks.o(i.prvAddNewTaskToReadyList)
    prvAddNewTaskToReadyList                 0x0800220d   Thumb Code   196  tasks.o(i.prvAddNewTaskToReadyList)
    i.prvCheckForValidListAndQueue           0x080022dc   Section        0  timers.o(i.prvCheckForValidListAndQueue)
    prvCheckForValidListAndQueue             0x080022dd   Thumb Code    62  timers.o(i.prvCheckForValidListAndQueue)
    i.prvCopyDataFromQueue                   0x0800232c   Section        0  queue.o(i.prvCopyDataFromQueue)
    prvCopyDataFromQueue                     0x0800232d   Thumb Code    38  queue.o(i.prvCopyDataFromQueue)
    i.prvCopyDataToQueue                     0x08002352   Section        0  queue.o(i.prvCopyDataToQueue)
    prvCopyDataToQueue                       0x08002353   Thumb Code   108  queue.o(i.prvCopyDataToQueue)
    i.prvDeleteTCB                           0x080023be   Section        0  tasks.o(i.prvDeleteTCB)
    prvDeleteTCB                             0x080023bf   Thumb Code    20  tasks.o(i.prvDeleteTCB)
    i.prvHeapInit                            0x080023d4   Section        0  heap_4.o(i.prvHeapInit)
    prvHeapInit                              0x080023d5   Thumb Code    66  heap_4.o(i.prvHeapInit)
    i.prvIdleTask                            0x08002420   Section        0  tasks.o(i.prvIdleTask)
    prvIdleTask                              0x08002421   Thumb Code    82  tasks.o(i.prvIdleTask)
    i.prvInitialiseNewTask                   0x08002480   Section        0  tasks.o(i.prvInitialiseNewTask)
    prvInitialiseNewTask                     0x08002481   Thumb Code   156  tasks.o(i.prvInitialiseNewTask)
    i.prvInsertBlockIntoFreeList             0x0800251c   Section        0  heap_4.o(i.prvInsertBlockIntoFreeList)
    prvInsertBlockIntoFreeList               0x0800251d   Thumb Code    72  heap_4.o(i.prvInsertBlockIntoFreeList)
    i.prvInsertTimerInActiveList             0x08002568   Section        0  timers.o(i.prvInsertTimerInActiveList)
    prvInsertTimerInActiveList               0x08002569   Thumb Code    52  timers.o(i.prvInsertTimerInActiveList)
    i.prvIsQueueEmpty                        0x080025a0   Section        0  queue.o(i.prvIsQueueEmpty)
    prvIsQueueEmpty                          0x080025a1   Thumb Code    28  queue.o(i.prvIsQueueEmpty)
    i.prvProcessReceivedCommands             0x080025bc   Section        0  timers.o(i.prvProcessReceivedCommands)
    prvProcessReceivedCommands               0x080025bd   Thumb Code   178  timers.o(i.prvProcessReceivedCommands)
    i.prvProcessTimerOrBlockTask             0x08002674   Section        0  timers.o(i.prvProcessTimerOrBlockTask)
    prvProcessTimerOrBlockTask               0x08002675   Thumb Code   172  timers.o(i.prvProcessTimerOrBlockTask)
    i.prvResetNextTaskUnblockTime            0x08002728   Section        0  tasks.o(i.prvResetNextTaskUnblockTime)
    prvResetNextTaskUnblockTime              0x08002729   Thumb Code    26  tasks.o(i.prvResetNextTaskUnblockTime)
    i.prvSampleTimeNow                       0x08002748   Section        0  timers.o(i.prvSampleTimeNow)
    prvSampleTimeNow                         0x08002749   Thumb Code    36  timers.o(i.prvSampleTimeNow)
    i.prvSwitchTimerLists                    0x08002770   Section        0  timers.o(i.prvSwitchTimerLists)
    prvSwitchTimerLists                      0x08002771   Thumb Code   102  timers.o(i.prvSwitchTimerLists)
    i.prvTaskExitError                       0x080027dc   Section        0  port.o(i.prvTaskExitError)
    prvTaskExitError                         0x080027dd   Thumb Code    36  port.o(i.prvTaskExitError)
    i.prvTimerTask                           0x08002804   Section        0  timers.o(i.prvTimerTask)
    prvTimerTask                             0x08002805   Thumb Code    32  timers.o(i.prvTimerTask)
    i.prvUnlockQueue                         0x08002828   Section        0  queue.o(i.prvUnlockQueue)
    prvUnlockQueue                           0x08002829   Thumb Code   106  queue.o(i.prvUnlockQueue)
    i.pvPortMalloc                           0x08002894   Section        0  heap_4.o(i.pvPortMalloc)
    i.pxPortInitialiseStack                  0x0800296c   Section        0  port.o(i.pxPortInitialiseStack)
    i.uxListRemove                           0x08002998   Section        0  list.o(i.uxListRemove)
    i.vListInitialise                        0x080029be   Section        0  list.o(i.vListInitialise)
    i.vListInitialiseItem                    0x080029d4   Section        0  list.o(i.vListInitialiseItem)
    i.vListInsert                            0x080029da   Section        0  list.o(i.vListInsert)
    i.vListInsertEnd                         0x08002a0a   Section        0  list.o(i.vListInsertEnd)
    i.vPortEnterCritical                     0x08002a24   Section        0  port.o(i.vPortEnterCritical)
    i.vPortExitCritical                      0x08002a64   Section        0  port.o(i.vPortExitCritical)
    i.vPortFree                              0x08002a8c   Section        0  heap_4.o(i.vPortFree)
    i.vPortSetupTimerInterrupt               0x08002ae8   Section        0  port.o(i.vPortSetupTimerInterrupt)
    i.vPortValidateInterruptPriority         0x08002b0c   Section        0  port.o(i.vPortValidateInterruptPriority)
    i.vQueueAddToRegistry                    0x08002b60   Section        0  queue.o(i.vQueueAddToRegistry)
    i.vQueueWaitForMessageRestricted         0x08002b88   Section        0  queue.o(i.vQueueWaitForMessageRestricted)
    i.vTaskCan1Receive                       0x08002bcc   Section        0  task_can.o(i.vTaskCan1Receive)
    vTaskCan1Receive                         0x08002bcd   Thumb Code   146  task_can.o(i.vTaskCan1Receive)
    i.vTaskCan2Receive                       0x08002c70   Section        0  task_can.o(i.vTaskCan2Receive)
    vTaskCan2Receive                         0x08002c71   Thumb Code    30  task_can.o(i.vTaskCan2Receive)
    i.vTaskCanSend                           0x08002c98   Section        0  task_can.o(i.vTaskCanSend)
    vTaskCanSend                             0x08002c99   Thumb Code    50  task_can.o(i.vTaskCanSend)
    i.vTaskCtrlChassis                       0x08002cd8   Section        0  task_ctrl.o(i.vTaskCtrlChassis)
    vTaskCtrlChassis                         0x08002cd9   Thumb Code    16  task_ctrl.o(i.vTaskCtrlChassis)
    i.vTaskCtrlGimbal                        0x08002ce8   Section        0  task_ctrl.o(i.vTaskCtrlGimbal)
    vTaskCtrlGimbal                          0x08002ce9   Thumb Code    16  task_ctrl.o(i.vTaskCtrlGimbal)
    i.vTaskCtrlJoint                         0x08002cf8   Section        0  task_ctrl.o(i.vTaskCtrlJoint)
    vTaskCtrlJoint                           0x08002cf9   Thumb Code   120  task_ctrl.o(i.vTaskCtrlJoint)
    i.vTaskDelay                             0x08002d70   Section        0  tasks.o(i.vTaskDelay)
    i.vTaskDelayUntil                        0x08002dbc   Section        0  tasks.o(i.vTaskDelayUntil)
    i.vTaskDelete                            0x08002e48   Section        0  tasks.o(i.vTaskDelete)
    i.vTaskInternalSetTimeOutState           0x08002ef4   Section        0  tasks.o(i.vTaskInternalSetTimeOutState)
    i.vTaskLED0                              0x08002f04   Section        0  task_init.o(i.vTaskLED0)
    vTaskLED0                                0x08002f05   Thumb Code   142  task_init.o(i.vTaskLED0)
    i.vTaskLED6                              0x08002f9c   Section        0  task_init.o(i.vTaskLED6)
    vTaskLED6                                0x08002f9d   Thumb Code     8  task_init.o(i.vTaskLED6)
    i.vTaskMissedYield                       0x08002fa4   Section        0  tasks.o(i.vTaskMissedYield)
    i.vTaskPlaceOnEventList                  0x08002fb0   Section        0  tasks.o(i.vTaskPlaceOnEventList)
    i.vTaskPlaceOnEventListRestricted        0x08002fe0   Section        0  tasks.o(i.vTaskPlaceOnEventListRestricted)
    i.vTaskStart                             0x08003018   Section        0  task_init.o(i.vTaskStart)
    i.vTaskStartScheduler                    0x080030c8   Section        0  tasks.o(i.vTaskStartScheduler)
    i.vTaskSuspendAll                        0x08003138   Section        0  tasks.o(i.vTaskSuspendAll)
    i.vTaskSwitchContext                     0x08003148   Section        0  tasks.o(i.vTaskSwitchContext)
    i.vTaskUsart1Receive                     0x080031a4   Section        0  task_usart.o(i.vTaskUsart1Receive)
    vTaskUsart1Receive                       0x080031a5   Thumb Code    38  task_usart.o(i.vTaskUsart1Receive)
    i.vTaskUsart2Receive                     0x080031d8   Section        0  task_usart.o(i.vTaskUsart2Receive)
    vTaskUsart2Receive                       0x080031d9   Thumb Code    26  task_usart.o(i.vTaskUsart2Receive)
    i.vTaskUsart3Receive                     0x080031f8   Section        0  task_usart.o(i.vTaskUsart3Receive)
    vTaskUsart3Receive                       0x080031f9   Thumb Code    20  task_usart.o(i.vTaskUsart3Receive)
    i.vTaskUsartSend                         0x08003210   Section        0  task_usart.o(i.vTaskUsartSend)
    vTaskUsartSend                           0x08003211   Thumb Code   110  task_usart.o(i.vTaskUsartSend)
    i.xPortStartScheduler                    0x0800328c   Section        0  port.o(i.xPortStartScheduler)
    i.xQueueGenericCreate                    0x08003380   Section        0  queue.o(i.xQueueGenericCreate)
    i.xQueueGenericReset                     0x080033d4   Section        0  queue.o(i.xQueueGenericReset)
    i.xQueueGenericSend                      0x0800345c   Section        0  queue.o(i.xQueueGenericSend)
    i.xQueueGenericSendFromISR               0x080035bc   Section        0  queue.o(i.xQueueGenericSendFromISR)
    i.xQueueReceive                          0x08003678   Section        0  queue.o(i.xQueueReceive)
    i.xTaskCheckForTimeOut                   0x080037b0   Section        0  tasks.o(i.xTaskCheckForTimeOut)
    i.xTaskCreate                            0x08003824   Section        0  tasks.o(i.xTaskCreate)
    i.xTaskGetSchedulerState                 0x0800387c   Section        0  tasks.o(i.xTaskGetSchedulerState)
    i.xTaskGetTickCount                      0x08003898   Section        0  tasks.o(i.xTaskGetTickCount)
    i.xTaskIncrementTick                     0x080038a4   Section        0  tasks.o(i.xTaskIncrementTick)
    i.xTaskPriorityDisinherit                0x0800396c   Section        0  tasks.o(i.xTaskPriorityDisinherit)
    i.xTaskRemoveFromEventList               0x08003a04   Section        0  tasks.o(i.xTaskRemoveFromEventList)
    i.xTaskResumeAll                         0x08003a78   Section        0  tasks.o(i.xTaskResumeAll)
    i.xTimerCreateTimerTask                  0x08003b3c   Section        0  timers.o(i.xTimerCreateTimerTask)
    i.xTimerGenericCommand                   0x08003b88   Section        0  timers.o(i.xTimerGenericCommand)
    .data                                    0x20000000   Section       12  task_init.o(.data)
    TaskLED0Handler                          0x20000004   Data           4  task_init.o(.data)
    TaskLED6Handler                          0x20000008   Data           4  task_init.o(.data)
    .data                                    0x2000000c   Section       12  task_ctrl.o(.data)
    xHandleCtrlChassis                       0x2000000c   Data           4  task_ctrl.o(.data)
    xHandleCtrlGimbal                        0x20000010   Data           4  task_ctrl.o(.data)
    xHandleCtrlJoint                         0x20000014   Data           4  task_ctrl.o(.data)
    .data                                    0x20000018   Section       32  task_usart.o(.data)
    xHandleUsart1Receive                     0x20000018   Data           4  task_usart.o(.data)
    xHandleUsart2Receive                     0x2000001c   Data           4  task_usart.o(.data)
    xHandleUsart3Receive                     0x20000020   Data           4  task_usart.o(.data)
    xHandleUsartsend                         0x20000024   Data           4  task_usart.o(.data)
    .data                                    0x20000038   Section       28  task_can.o(.data)
    xHandleCan1Receive                       0x20000044   Data           4  task_can.o(.data)
    xHandleCan2Receive                       0x20000048   Data           4  task_can.o(.data)
    xHandleCanSend                           0x2000004c   Data           4  task_can.o(.data)
    .data                                    0x20000054   Section        2  motor.o(.data)
    targetAngle                              0x20000054   Data           2  motor.o(.data)
    .data                                    0x20000056   Section        6  servo.o(.data)
    .data                                    0x2000005c   Section       60  tasks.o(.data)
    uxDeletedTasksWaitingCleanUp             0x20000060   Data           4  tasks.o(.data)
    uxCurrentNumberOfTasks                   0x20000064   Data           4  tasks.o(.data)
    xTickCount                               0x20000068   Data           4  tasks.o(.data)
    uxTopReadyPriority                       0x2000006c   Data           4  tasks.o(.data)
    xSchedulerRunning                        0x20000070   Data           4  tasks.o(.data)
    uxPendedTicks                            0x20000074   Data           4  tasks.o(.data)
    xYieldPending                            0x20000078   Data           4  tasks.o(.data)
    xNumOfOverflows                          0x2000007c   Data           4  tasks.o(.data)
    uxTaskNumber                             0x20000080   Data           4  tasks.o(.data)
    xNextTaskUnblockTime                     0x20000084   Data           4  tasks.o(.data)
    xIdleTaskHandle                          0x20000088   Data           4  tasks.o(.data)
    uxSchedulerSuspended                     0x2000008c   Data           4  tasks.o(.data)
    pxDelayedTaskList                        0x20000090   Data           4  tasks.o(.data)
    pxOverflowDelayedTaskList                0x20000094   Data           4  tasks.o(.data)
    .data                                    0x20000098   Section       20  timers.o(.data)
    xTimerQueue                              0x20000098   Data           4  timers.o(.data)
    xTimerTaskHandle                         0x2000009c   Data           4  timers.o(.data)
    xLastTime                                0x200000a0   Data           4  timers.o(.data)
    pxCurrentTimerList                       0x200000a4   Data           4  timers.o(.data)
    pxOverflowTimerList                      0x200000a8   Data           4  timers.o(.data)
    .data                                    0x200000ac   Section       24  heap_4.o(.data)
    pxEnd                                    0x200000ac   Data           4  heap_4.o(.data)
    xFreeBytesRemaining                      0x200000b0   Data           4  heap_4.o(.data)
    xMinimumEverFreeBytesRemaining           0x200000b4   Data           4  heap_4.o(.data)
    xBlockAllocatedBit                       0x200000b8   Data           4  heap_4.o(.data)
    xStart                                   0x200000bc   Data           8  heap_4.o(.data)
    .data                                    0x200000c4   Section       12  port.o(.data)
    ucMaxSysCallPriority                     0x200000c4   Data           1  port.o(.data)
    uxCriticalNesting                        0x200000c8   Data           4  port.o(.data)
    ulMaxPRIGROUPValue                       0x200000cc   Data           4  port.o(.data)
    .data                                    0x200000d0   Section       16  stm32f4xx_rcc.o(.data)
    APBAHBPrescTable                         0x200000d0   Data          16  stm32f4xx_rcc.o(.data)
    .data                                    0x200000e0   Section       20  system_stm32f4xx.o(.data)
    .data                                    0x200000f4   Section        4  mvars.o(.data)
    .data                                    0x200000f8   Section        4  mvars.o(.data)
    .bss                                     0x200000fc   Section       28  dr16.o(.bss)
    .bss                                     0x20000118   Section     1292  motor.o(.bss)
    canSendData                              0x20000118   Data          24  motor.o(.bss)
    canSendData                              0x20000130   Data          24  motor.o(.bss)
    canSendData                              0x20000148   Data          24  motor.o(.bss)
    .bss                                     0x20000624   Section       72  bsp_usart.o(.bss)
    .bss                                     0x2000066c   Section       64  queue.o(.bss)
    .bss                                     0x200006ac   Section      200  tasks.o(.bss)
    pxReadyTasksLists                        0x200006ac   Data         100  tasks.o(.bss)
    xDelayedTaskList1                        0x20000710   Data          20  tasks.o(.bss)
    xDelayedTaskList2                        0x20000724   Data          20  tasks.o(.bss)
    xPendingReadyList                        0x20000738   Data          20  tasks.o(.bss)
    xTasksWaitingTermination                 0x2000074c   Data          20  tasks.o(.bss)
    xSuspendedTaskList                       0x20000760   Data          20  tasks.o(.bss)
    .bss                                     0x20000774   Section       40  timers.o(.bss)
    xActiveTimerList1                        0x20000774   Data          20  timers.o(.bss)
    xActiveTimerList2                        0x20000788   Data          20  timers.o(.bss)
    .bss                                     0x2000079c   Section    76800  heap_4.o(.bss)
    ucHeap                                   0x2000079c   Data       76800  heap_4.o(.bss)
    HEAP                                     0x200133a0   Section      512  startup_stm32f427_437xx.o(HEAP)
    STACK                                    0x200135a0   Section     1024  startup_stm32f427_437xx.o(STACK)

    Global Symbols

    Symbol Name                              Value     Ov Type        Size  Object(Section)

    BuildAttributes$$THM_ISAv4$E$P$D$K$B$S$7EM$VFPi3$EXTD16$VFPS$VFMA$PE$A:L22UL41UL21$X:L11$S22US41US21$IEEE1$IW$USESV6$~STKCKD$USESV7$~SHL$OTIME$ROPI$IEEEX$EBA8$MICROLIB$REQ8$PRES8$EABIv2 0x00000000   Number         0  anon$$obj.o ABSOLUTE
    __ARM_use_no_argv                        0x00000000   Number         0  main.o ABSOLUTE
    __use_no_errno                           0x00000000   Number         0  useno.o ABSOLUTE
    __use_no_exception_handling              0x00000000   Number         0  useno.o ABSOLUTE
    __use_no_fp                              0x00000000   Number         0  useno.o ABSOLUTE
    __use_no_heap                            0x00000000   Number         0  useno.o ABSOLUTE
    __use_no_heap_region                     0x00000000   Number         0  useno.o ABSOLUTE
    __use_no_semihosting                     0x00000000   Number         0  useno.o ABSOLUTE
    __use_no_semihosting_swi                 0x00000000   Number         0  useno.o ABSOLUTE
    __use_no_signal_handling                 0x00000000   Number         0  useno.o ABSOLUTE
    _printf_a                                0x00000000   Number         0  stubs.o ABSOLUTE
    _printf_c                                0x00000000   Number         0  stubs.o ABSOLUTE
    _printf_charcount                        0x00000000   Number         0  stubs.o ABSOLUTE
    _printf_d                                0x00000000   Number         0  stubs.o ABSOLUTE
    _printf_e                                0x00000000   Number         0  stubs.o ABSOLUTE
    _printf_f                                0x00000000   Number         0  stubs.o ABSOLUTE
    _printf_flags                            0x00000000   Number         0  stubs.o ABSOLUTE
    _printf_fp_dec                           0x00000000   Number         0  stubs.o ABSOLUTE
    _printf_fp_hex                           0x00000000   Number         0  stubs.o ABSOLUTE
    _printf_g                                0x00000000   Number         0  stubs.o ABSOLUTE
    _printf_i                                0x00000000   Number         0  stubs.o ABSOLUTE
    _printf_int_dec                          0x00000000   Number         0  stubs.o ABSOLUTE
    _printf_l                                0x00000000   Number         0  stubs.o ABSOLUTE
    _printf_lc                               0x00000000   Number         0  stubs.o ABSOLUTE
    _printf_ll                               0x00000000   Number         0  stubs.o ABSOLUTE
    _printf_lld                              0x00000000   Number         0  stubs.o ABSOLUTE
    _printf_lli                              0x00000000   Number         0  stubs.o ABSOLUTE
    _printf_llo                              0x00000000   Number         0  stubs.o ABSOLUTE
    _printf_llu                              0x00000000   Number         0  stubs.o ABSOLUTE
    _printf_llx                              0x00000000   Number         0  stubs.o ABSOLUTE
    _printf_longlong_dec                     0x00000000   Number         0  stubs.o ABSOLUTE
    _printf_longlong_hex                     0x00000000   Number         0  stubs.o ABSOLUTE
    _printf_longlong_oct                     0x00000000   Number         0  stubs.o ABSOLUTE
    _printf_ls                               0x00000000   Number         0  stubs.o ABSOLUTE
    _printf_mbtowc                           0x00000000   Number         0  stubs.o ABSOLUTE
    _printf_n                                0x00000000   Number         0  stubs.o ABSOLUTE
    _printf_o                                0x00000000   Number         0  stubs.o ABSOLUTE
    _printf_p                                0x00000000   Number         0  stubs.o ABSOLUTE
    _printf_percent                          0x00000000   Number         0  stubs.o ABSOLUTE
    _printf_pre_padding                      0x00000000   Number         0  stubs.o ABSOLUTE
    _printf_return_value                     0x00000000   Number         0  stubs.o ABSOLUTE
    _printf_s                                0x00000000   Number         0  stubs.o ABSOLUTE
    _printf_sizespec                         0x00000000   Number         0  stubs.o ABSOLUTE
    _printf_str                              0x00000000   Number         0  stubs.o ABSOLUTE
    _printf_truncate_signed                  0x00000000   Number         0  stubs.o ABSOLUTE
    _printf_truncate_unsigned                0x00000000   Number         0  stubs.o ABSOLUTE
    _printf_u                                0x00000000   Number         0  stubs.o ABSOLUTE
    _printf_wc                               0x00000000   Number         0  stubs.o ABSOLUTE
    _printf_wctomb                           0x00000000   Number         0  stubs.o ABSOLUTE
    _printf_widthprec                        0x00000000   Number         0  stubs.o ABSOLUTE
    _printf_x                                0x00000000   Number         0  stubs.o ABSOLUTE
    __cpp_initialize__aeabi_                  - Undefined Weak Reference
    __cxa_finalize                            - Undefined Weak Reference
    __decompress                              - Undefined Weak Reference
    _clock_init                               - Undefined Weak Reference
    _microlib_exit                            - Undefined Weak Reference
    __Vectors_Size                           0x000001ac   Number         0  startup_stm32f427_437xx.o ABSOLUTE
    __Vectors                                0x08000000   Data           4  startup_stm32f427_437xx.o(RESET)
    __Vectors_End                            0x080001ac   Data           0  startup_stm32f427_437xx.o(RESET)
    __main                                   0x080001ad   Thumb Code     0  entry.o(.ARM.Collect$$$$00000000)
    _main_stk                                0x080001ad   Thumb Code     0  entry2.o(.ARM.Collect$$$$00000001)
    _main_scatterload                        0x080001b1   Thumb Code     0  entry5.o(.ARM.Collect$$$$00000004)
    __main_after_scatterload                 0x080001b5   Thumb Code     0  entry5.o(.ARM.Collect$$$$00000004)
    _main_clock                              0x080001b5   Thumb Code     0  entry7b.o(.ARM.Collect$$$$00000008)
    _main_cpp_init                           0x080001b5   Thumb Code     0  entry8b.o(.ARM.Collect$$$$0000000A)
    _main_init                               0x080001b5   Thumb Code     0  entry9a.o(.ARM.Collect$$$$0000000B)
    __rt_final_cpp                           0x080001bd   Thumb Code     0  entry10a.o(.ARM.Collect$$$$0000000D)
    __rt_final_exit                          0x080001bd   Thumb Code     0  entry11a.o(.ARM.Collect$$$$0000000F)
    SVC_Handler                              0x080001c1   Thumb Code    28  port.o(.emb_text)
    __asm___6_port_c_39a90d8d__prvStartFirstTask 0x080001e1   Thumb Code    36  port.o(.emb_text)
    __asm___6_port_c_39a90d8d__prvEnableVFP  0x08000209   Thumb Code    16  port.o(.emb_text)
    PendSV_Handler                           0x0800021d   Thumb Code    88  port.o(.emb_text)
    vPortGetIPSR                             0x08000279   Thumb Code     6  port.o(.emb_text)
    Reset_Handler                            0x08000281   Thumb Code     8  startup_stm32f427_437xx.o(.text)
    ADC_IRQHandler                           0x0800029b   Thumb Code     0  startup_stm32f427_437xx.o(.text)
    CAN1_RX1_IRQHandler                      0x0800029b   Thumb Code     0  startup_stm32f427_437xx.o(.text)
    CAN1_SCE_IRQHandler                      0x0800029b   Thumb Code     0  startup_stm32f427_437xx.o(.text)
    CAN1_TX_IRQHandler                       0x0800029b   Thumb Code     0  startup_stm32f427_437xx.o(.text)
    CAN2_RX1_IRQHandler                      0x0800029b   Thumb Code     0  startup_stm32f427_437xx.o(.text)
    CAN2_SCE_IRQHandler                      0x0800029b   Thumb Code     0  startup_stm32f427_437xx.o(.text)
    CAN2_TX_IRQHandler                       0x0800029b   Thumb Code     0  startup_stm32f427_437xx.o(.text)
    CRYP_IRQHandler                          0x0800029b   Thumb Code     0  startup_stm32f427_437xx.o(.text)
    DCMI_IRQHandler                          0x0800029b   Thumb Code     0  startup_stm32f427_437xx.o(.text)
    DMA1_Stream0_IRQHandler                  0x0800029b   Thumb Code     0  startup_stm32f427_437xx.o(.text)
    DMA1_Stream1_IRQHandler                  0x0800029b   Thumb Code     0  startup_stm32f427_437xx.o(.text)
    DMA1_Stream2_IRQHandler                  0x0800029b   Thumb Code     0  startup_stm32f427_437xx.o(.text)
    DMA1_Stream3_IRQHandler                  0x0800029b   Thumb Code     0  startup_stm32f427_437xx.o(.text)
    DMA1_Stream4_IRQHandler                  0x0800029b   Thumb Code     0  startup_stm32f427_437xx.o(.text)
    DMA1_Stream5_IRQHandler                  0x0800029b   Thumb Code     0  startup_stm32f427_437xx.o(.text)
    DMA1_Stream6_IRQHandler                  0x0800029b   Thumb Code     0  startup_stm32f427_437xx.o(.text)
    DMA1_Stream7_IRQHandler                  0x0800029b   Thumb Code     0  startup_stm32f427_437xx.o(.text)
    DMA2D_IRQHandler                         0x0800029b   Thumb Code     0  startup_stm32f427_437xx.o(.text)
    DMA2_Stream0_IRQHandler                  0x0800029b   Thumb Code     0  startup_stm32f427_437xx.o(.text)
    DMA2_Stream1_IRQHandler                  0x0800029b   Thumb Code     0  startup_stm32f427_437xx.o(.text)
    DMA2_Stream2_IRQHandler                  0x0800029b   Thumb Code     0  startup_stm32f427_437xx.o(.text)
    DMA2_Stream3_IRQHandler                  0x0800029b   Thumb Code     0  startup_stm32f427_437xx.o(.text)
    DMA2_Stream4_IRQHandler                  0x0800029b   Thumb Code     0  startup_stm32f427_437xx.o(.text)
    DMA2_Stream5_IRQHandler                  0x0800029b   Thumb Code     0  startup_stm32f427_437xx.o(.text)
    DMA2_Stream6_IRQHandler                  0x0800029b   Thumb Code     0  startup_stm32f427_437xx.o(.text)
    DMA2_Stream7_IRQHandler                  0x0800029b   Thumb Code     0  startup_stm32f427_437xx.o(.text)
    ETH_IRQHandler                           0x0800029b   Thumb Code     0  startup_stm32f427_437xx.o(.text)
    ETH_WKUP_IRQHandler                      0x0800029b   Thumb Code     0  startup_stm32f427_437xx.o(.text)
    EXTI0_IRQHandler                         0x0800029b   Thumb Code     0  startup_stm32f427_437xx.o(.text)
    EXTI15_10_IRQHandler                     0x0800029b   Thumb Code     0  startup_stm32f427_437xx.o(.text)
    EXTI1_IRQHandler                         0x0800029b   Thumb Code     0  startup_stm32f427_437xx.o(.text)
    EXTI2_IRQHandler                         0x0800029b   Thumb Code     0  startup_stm32f427_437xx.o(.text)
    EXTI3_IRQHandler                         0x0800029b   Thumb Code     0  startup_stm32f427_437xx.o(.text)
    EXTI4_IRQHandler                         0x0800029b   Thumb Code     0  startup_stm32f427_437xx.o(.text)
    EXTI9_5_IRQHandler                       0x0800029b   Thumb Code     0  startup_stm32f427_437xx.o(.text)
    FLASH_IRQHandler                         0x0800029b   Thumb Code     0  startup_stm32f427_437xx.o(.text)
    FMC_IRQHandler                           0x0800029b   Thumb Code     0  startup_stm32f427_437xx.o(.text)
    FPU_IRQHandler                           0x0800029b   Thumb Code     0  startup_stm32f427_437xx.o(.text)
    HASH_RNG_IRQHandler                      0x0800029b   Thumb Code     0  startup_stm32f427_437xx.o(.text)
    I2C1_ER_IRQHandler                       0x0800029b   Thumb Code     0  startup_stm32f427_437xx.o(.text)
    I2C1_EV_IRQHandler                       0x0800029b   Thumb Code     0  startup_stm32f427_437xx.o(.text)
    I2C2_ER_IRQHandler                       0x0800029b   Thumb Code     0  startup_stm32f427_437xx.o(.text)
    I2C2_EV_IRQHandler                       0x0800029b   Thumb Code     0  startup_stm32f427_437xx.o(.text)
    I2C3_ER_IRQHandler                       0x0800029b   Thumb Code     0  startup_stm32f427_437xx.o(.text)
    I2C3_EV_IRQHandler                       0x0800029b   Thumb Code     0  startup_stm32f427_437xx.o(.text)
    OTG_FS_IRQHandler                        0x0800029b   Thumb Code     0  startup_stm32f427_437xx.o(.text)
    OTG_FS_WKUP_IRQHandler                   0x0800029b   Thumb Code     0  startup_stm32f427_437xx.o(.text)
    OTG_HS_EP1_IN_IRQHandler                 0x0800029b   Thumb Code     0  startup_stm32f427_437xx.o(.text)
    OTG_HS_EP1_OUT_IRQHandler                0x0800029b   Thumb Code     0  startup_stm32f427_437xx.o(.text)
    OTG_HS_IRQHandler                        0x0800029b   Thumb Code     0  startup_stm32f427_437xx.o(.text)
    OTG_HS_WKUP_IRQHandler                   0x0800029b   Thumb Code     0  startup_stm32f427_437xx.o(.text)
    PVD_IRQHandler                           0x0800029b   Thumb Code     0  startup_stm32f427_437xx.o(.text)
    RCC_IRQHandler                           0x0800029b   Thumb Code     0  startup_stm32f427_437xx.o(.text)
    RTC_Alarm_IRQHandler                     0x0800029b   Thumb Code     0  startup_stm32f427_437xx.o(.text)
    RTC_WKUP_IRQHandler                      0x0800029b   Thumb Code     0  startup_stm32f427_437xx.o(.text)
    SAI1_IRQHandler                          0x0800029b   Thumb Code     0  startup_stm32f427_437xx.o(.text)
    SDIO_IRQHandler                          0x0800029b   Thumb Code     0  startup_stm32f427_437xx.o(.text)
    SPI1_IRQHandler                          0x0800029b   Thumb Code     0  startup_stm32f427_437xx.o(.text)
    SPI2_IRQHandler                          0x0800029b   Thumb Code     0  startup_stm32f427_437xx.o(.text)
    SPI3_IRQHandler                          0x0800029b   Thumb Code     0  startup_stm32f427_437xx.o(.text)
    SPI4_IRQHandler                          0x0800029b   Thumb Code     0  startup_stm32f427_437xx.o(.text)
    SPI5_IRQHandler                          0x0800029b   Thumb Code     0  startup_stm32f427_437xx.o(.text)
    SPI6_IRQHandler                          0x0800029b   Thumb Code     0  startup_stm32f427_437xx.o(.text)
    TAMP_STAMP_IRQHandler                    0x0800029b   Thumb Code     0  startup_stm32f427_437xx.o(.text)
    TIM1_BRK_TIM9_IRQHandler                 0x0800029b   Thumb Code     0  startup_stm32f427_437xx.o(.text)
    TIM1_CC_IRQHandler                       0x0800029b   Thumb Code     0  startup_stm32f427_437xx.o(.text)
    TIM1_TRG_COM_TIM11_IRQHandler            0x0800029b   Thumb Code     0  startup_stm32f427_437xx.o(.text)
    TIM1_UP_TIM10_IRQHandler                 0x0800029b   Thumb Code     0  startup_stm32f427_437xx.o(.text)
    TIM2_IRQHandler                          0x0800029b   Thumb Code     0  startup_stm32f427_437xx.o(.text)
    TIM3_IRQHandler                          0x0800029b   Thumb Code     0  startup_stm32f427_437xx.o(.text)
    TIM4_IRQHandler                          0x0800029b   Thumb Code     0  startup_stm32f427_437xx.o(.text)
    TIM5_IRQHandler                          0x0800029b   Thumb Code     0  startup_stm32f427_437xx.o(.text)
    TIM6_DAC_IRQHandler                      0x0800029b   Thumb Code     0  startup_stm32f427_437xx.o(.text)
    TIM7_IRQHandler                          0x0800029b   Thumb Code     0  startup_stm32f427_437xx.o(.text)
    TIM8_BRK_TIM12_IRQHandler                0x0800029b   Thumb Code     0  startup_stm32f427_437xx.o(.text)
    TIM8_CC_IRQHandler                       0x0800029b   Thumb Code     0  startup_stm32f427_437xx.o(.text)
    TIM8_TRG_COM_TIM14_IRQHandler            0x0800029b   Thumb Code     0  startup_stm32f427_437xx.o(.text)
    TIM8_UP_TIM13_IRQHandler                 0x0800029b   Thumb Code     0  startup_stm32f427_437xx.o(.text)
    UART4_IRQHandler                         0x0800029b   Thumb Code     0  startup_stm32f427_437xx.o(.text)
    UART5_IRQHandler                         0x0800029b   Thumb Code     0  startup_stm32f427_437xx.o(.text)
    UART7_IRQHandler                         0x0800029b   Thumb Code     0  startup_stm32f427_437xx.o(.text)
    UART8_IRQHandler                         0x0800029b   Thumb Code     0  startup_stm32f427_437xx.o(.text)
    USART6_IRQHandler                        0x0800029b   Thumb Code     0  startup_stm32f427_437xx.o(.text)
    WWDG_IRQHandler                          0x0800029b   Thumb Code     0  startup_stm32f427_437xx.o(.text)
    __aeabi_memcpy                           0x080002a5   Thumb Code    36  memcpya.o(.text)
    __aeabi_memcpy4                          0x080002a5   Thumb Code     0  memcpya.o(.text)
    __aeabi_memcpy8                          0x080002a5   Thumb Code     0  memcpya.o(.text)
    __aeabi_memset                           0x080002c9   Thumb Code    14  memseta.o(.text)
    __aeabi_memset4                          0x080002c9   Thumb Code     0  memseta.o(.text)
    __aeabi_memset8                          0x080002c9   Thumb Code     0  memseta.o(.text)
    __aeabi_memclr                           0x080002d7   Thumb Code     4  memseta.o(.text)
    __aeabi_memclr4                          0x080002d7   Thumb Code     0  memseta.o(.text)
    __aeabi_memclr8                          0x080002d7   Thumb Code     0  memseta.o(.text)
    memset                                   0x080002db   Thumb Code    18  memseta.o(.text)
    __scatterload                            0x080002ed   Thumb Code    28  init.o(.text)
    __scatterload_rt2                        0x080002ed   Thumb Code     0  init.o(.text)
    BSP_CAN1_Init                            0x08000311   Thumb Code   198  bsp_can.o(i.BSP_CAN1_Init)
    BSP_I2C2_Init                            0x080003e1   Thumb Code   130  bsp_i2c.o(i.BSP_I2C2_Init)
    BSP_NVIC_Init                            0x08000471   Thumb Code   274  bsp_nvic.o(i.BSP_NVIC_Init)
    BSP_USART1_Init                          0x080005a1   Thumb Code   166  bsp_usart.o(i.BSP_USART1_Init)
    BSP_USART2_Init                          0x08000655   Thumb Code   162  bsp_usart.o(i.BSP_USART2_Init)
    BSP_USART3_Init                          0x08000705   Thumb Code   166  bsp_usart.o(i.BSP_USART3_Init)
    BusFault_Handler                         0x080007b9   Thumb Code     2  stm32f4xx_it.o(i.BusFault_Handler)
    CAN1_RX0_IRQHandler                      0x080007bd   Thumb Code    78  stm32f4xx_it.o(i.CAN1_RX0_IRQHandler)
    CAN2_RX0_IRQHandler                      0x08000819   Thumb Code    78  stm32f4xx_it.o(i.CAN2_RX0_IRQHandler)
    CAN_ClearITPendingBit                    0x08000875   Thumb Code   116  stm32f4xx_can.o(i.CAN_ClearITPendingBit)
    CAN_FilterInit                           0x080008ed   Thumb Code   194  stm32f4xx_can.o(i.CAN_FilterInit)
    CAN_GetITStatus                          0x080009b9   Thumb Code   162  stm32f4xx_can.o(i.CAN_GetITStatus)
    CAN_ITConfig                             0x08000a61   Thumb Code    16  stm32f4xx_can.o(i.CAN_ITConfig)
    CAN_Init                                 0x08000a71   Thumb Code   232  stm32f4xx_can.o(i.CAN_Init)
    CAN_Receive                              0x08000b59   Thumb Code   144  stm32f4xx_can.o(i.CAN_Receive)
    CAN_Transmit                             0x08000be9   Thumb Code   164  stm32f4xx_can.o(i.CAN_Transmit)
    CanTaskCreate                            0x08000c8d   Thumb Code   104  task_can.o(i.CanTaskCreate)
    ControlTaskCreate                        0x08000d49   Thumb Code    64  task_ctrl.o(i.ControlTaskCreate)
    DMA_Cmd                                  0x08000dcd   Thumb Code    20  stm32f4xx_dma.o(i.DMA_Cmd)
    DMA_DeInit                               0x08000de1   Thumb Code   272  stm32f4xx_dma.o(i.DMA_DeInit)
    DMA_GetCmdStatus                         0x08000f05   Thumb Code    14  stm32f4xx_dma.o(i.DMA_GetCmdStatus)
    DMA_GetCurrDataCounter                   0x08000f13   Thumb Code     6  stm32f4xx_dma.o(i.DMA_GetCurrDataCounter)
    DMA_Init                                 0x08000f19   Thumb Code    80  stm32f4xx_dma.o(i.DMA_Init)
    DMA_USART1RxConfig                       0x08000f6d   Thumb Code   120  bsp_dma.o(i.DMA_USART1RxConfig)
    DMA_USART2RxConfig                       0x08000fed   Thumb Code   120  bsp_dma.o(i.DMA_USART2RxConfig)
    DMA_USART3RxConfig                       0x0800106d   Thumb Code   120  bsp_dma.o(i.DMA_USART3RxConfig)
    DR16_Init                                0x080010ed   Thumb Code    34  dr16.o(i.DR16_Init)
    DebugMon_Handler                         0x08001195   Thumb Code     2  stm32f4xx_it.o(i.DebugMon_Handler)
    Dynamixel1_setSyncMsg                    0x08001199   Thumb Code   312  servo.o(i.Dynamixel1_setSyncMsg)
    Dynamixel_getMassage                     0x080012d5   Thumb Code    82  servo.o(i.Dynamixel_getMassage)
    GPIO_Init                                0x0800132d   Thumb Code   162  stm32f4xx_gpio.o(i.GPIO_Init)
    GPIO_PinAFConfig                         0x080013cf   Thumb Code    32  stm32f4xx_gpio.o(i.GPIO_PinAFConfig)
    GPIO_WriteBit                            0x080013ef   Thumb Code    10  stm32f4xx_gpio.o(i.GPIO_WriteBit)
    HardFault_Handler                        0x080013f9   Thumb Code     2  stm32f4xx_it.o(i.HardFault_Handler)
    I2C_Cmd                                  0x080013fb   Thumb Code    20  stm32f4xx_i2c.o(i.I2C_Cmd)
    I2C_DeInit                               0x08001411   Thumb Code    56  stm32f4xx_i2c.o(i.I2C_DeInit)
    I2C_Init                                 0x08001455   Thumb Code   174  stm32f4xx_i2c.o(i.I2C_Init)
    KEY_Init                                 0x0800150d   Thumb Code    40  key.o(i.KEY_Init)
    LED_Init                                 0x08001539   Thumb Code   102  led.o(i.LED_Init)
    MemManage_Handler                        0x080018d5   Thumb Code     2  stm32f4xx_it.o(i.MemManage_Handler)
    MotorParamInit                           0x080018d9   Thumb Code   222  motor.o(i.MotorParamInit)
    NMI_Handler                              0x080019f5   Thumb Code     2  stm32f4xx_it.o(i.NMI_Handler)
    NVIC_Init                                0x080019f9   Thumb Code    96  misc.o(i.NVIC_Init)
    NVIC_PriorityGroupConfig                 0x08001a5d   Thumb Code    10  misc.o(i.NVIC_PriorityGroupConfig)
    PID_StructInit                           0x08001a71   Thumb Code    16  pid.o(i.PID_StructInit)
    RCC_AHB1PeriphClockCmd                   0x08001a89   Thumb Code    18  stm32f4xx_rcc.o(i.RCC_AHB1PeriphClockCmd)
    RCC_APB1PeriphClockCmd                   0x08001aa1   Thumb Code    18  stm32f4xx_rcc.o(i.RCC_APB1PeriphClockCmd)
    RCC_APB1PeriphResetCmd                   0x08001ab9   Thumb Code    18  stm32f4xx_rcc.o(i.RCC_APB1PeriphResetCmd)
    RCC_APB2PeriphClockCmd                   0x08001ad1   Thumb Code    18  stm32f4xx_rcc.o(i.RCC_APB2PeriphClockCmd)
    RCC_GetClocksFreq                        0x08001ae9   Thumb Code   132  stm32f4xx_rcc.o(i.RCC_GetClocksFreq)
    SysTick_Handler                          0x08001c4d   Thumb Code    38  port.o(i.SysTick_Handler)
    SystemInit                               0x08001c79   Thumb Code    74  system_stm32f4xx.o(i.SystemInit)
    USART1_IRQHandler                        0x08001cd5   Thumb Code    88  stm32f4xx_it.o(i.USART1_IRQHandler)
    USART2_IRQHandler                        0x08001d41   Thumb Code    82  stm32f4xx_it.o(i.USART2_IRQHandler)
    USART3_IRQHandler                        0x08001da9   Thumb Code    94  stm32f4xx_it.o(i.USART3_IRQHandler)
    USART_ClearFlag                          0x08001e1d   Thumb Code     6  stm32f4xx_usart.o(i.USART_ClearFlag)
    USART_Cmd                                0x08001e23   Thumb Code    20  stm32f4xx_usart.o(i.USART_Cmd)
    USART_DMACmd                             0x08001e37   Thumb Code    16  stm32f4xx_usart.o(i.USART_DMACmd)
    USART_GetFlagStatus                      0x08001e47   Thumb Code    14  stm32f4xx_usart.o(i.USART_GetFlagStatus)
    USART_GetITStatus                        0x08001e55   Thumb Code    62  stm32f4xx_usart.o(i.USART_GetITStatus)
    USART_ITConfig                           0x08001e93   Thumb Code    48  stm32f4xx_usart.o(i.USART_ITConfig)
    USART_Init                               0x08001ec5   Thumb Code   164  stm32f4xx_usart.o(i.USART_Init)
    USART_SendData                           0x08001f71   Thumb Code     8  stm32f4xx_usart.o(i.USART_SendData)
    USART_sendChar                           0x08001f79   Thumb Code    22  bsp_usart.o(i.USART_sendChar)
    UsageFault_Handler                       0x08001f8f   Thumb Code     2  stm32f4xx_it.o(i.UsageFault_Handler)
    UsartTaskCreate                          0x08001f91   Thumb Code   134  task_usart.o(i.UsartTaskCreate)
    __scatterload_copy                       0x08002079   Thumb Code    14  handlers.o(i.__scatterload_copy)
    __scatterload_null                       0x08002087   Thumb Code     2  handlers.o(i.__scatterload_null)
    __scatterload_zeroinit                   0x08002089   Thumb Code    14  handlers.o(i.__scatterload_zeroinit)
    free                                     0x08002099   Thumb Code    76  malloc.o(i.free)
    main                                     0x080020e9   Thumb Code    30  main.o(i.main)
    malloc                                   0x0800211d   Thumb Code    92  malloc.o(i.malloc)
    pvPortMalloc                             0x08002895   Thumb Code   210  heap_4.o(i.pvPortMalloc)
    pxPortInitialiseStack                    0x0800296d   Thumb Code    40  port.o(i.pxPortInitialiseStack)
    uxListRemove                             0x08002999   Thumb Code    38  list.o(i.uxListRemove)
    vListInitialise                          0x080029bf   Thumb Code    22  list.o(i.vListInitialise)
    vListInitialiseItem                      0x080029d5   Thumb Code     6  list.o(i.vListInitialiseItem)
    vListInsert                              0x080029db   Thumb Code    48  list.o(i.vListInsert)
    vListInsertEnd                           0x08002a0b   Thumb Code    24  list.o(i.vListInsertEnd)
    vPortEnterCritical                       0x08002a25   Thumb Code    54  port.o(i.vPortEnterCritical)
    vPortExitCritical                        0x08002a65   Thumb Code    34  port.o(i.vPortExitCritical)
    vPortFree                                0x08002a8d   Thumb Code    88  heap_4.o(i.vPortFree)
    vPortSetupTimerInterrupt                 0x08002ae9   Thumb Code    32  port.o(i.vPortSetupTimerInterrupt)
    vPortValidateInterruptPriority           0x08002b0d   Thumb Code    74  port.o(i.vPortValidateInterruptPriority)
    vQueueAddToRegistry                      0x08002b61   Thumb Code    34  queue.o(i.vQueueAddToRegistry)
    vQueueWaitForMessageRestricted           0x08002b89   Thumb Code    68  queue.o(i.vQueueWaitForMessageRestricted)
    vTaskDelay                               0x08002d71   Thumb Code    66  tasks.o(i.vTaskDelay)
    vTaskDelayUntil                          0x08002dbd   Thumb Code   132  tasks.o(i.vTaskDelayUntil)
    vTaskDelete                              0x08002e49   Thumb Code   158  tasks.o(i.vTaskDelete)
    vTaskInternalSetTimeOutState             0x08002ef5   Thumb Code    12  tasks.o(i.vTaskInternalSetTimeOutState)
    vTaskMissedYield                         0x08002fa5   Thumb Code     8  tasks.o(i.vTaskMissedYield)
    vTaskPlaceOnEventList                    0x08002fb1   Thumb Code    44  tasks.o(i.vTaskPlaceOnEventList)
    vTaskPlaceOnEventListRestricted          0x08002fe1   Thumb Code    52  tasks.o(i.vTaskPlaceOnEventListRestricted)
    vTaskStart                               0x08003019   Thumb Code   134  task_init.o(i.vTaskStart)
    vTaskStartScheduler                      0x080030c9   Thumb Code    94  tasks.o(i.vTaskStartScheduler)
    vTaskSuspendAll                          0x08003139   Thumb Code    10  tasks.o(i.vTaskSuspendAll)
    vTaskSwitchContext                       0x08003149   Thumb Code    82  tasks.o(i.vTaskSwitchContext)
    xPortStartScheduler                      0x0800328d   Thumb Code   222  port.o(i.xPortStartScheduler)
    xQueueGenericCreate                      0x08003381   Thumb Code    82  queue.o(i.xQueueGenericCreate)
    xQueueGenericReset                       0x080033d5   Thumb Code   132  queue.o(i.xQueueGenericReset)
    xQueueGenericSend                        0x0800345d   Thumb Code   346  queue.o(i.xQueueGenericSend)
    xQueueGenericSendFromISR                 0x080035bd   Thumb Code   188  queue.o(i.xQueueGenericSendFromISR)
    xQueueReceive                            0x08003679   Thumb Code   308  queue.o(i.xQueueReceive)
    xTaskCheckForTimeOut                     0x080037b1   Thumb Code   112  tasks.o(i.xTaskCheckForTimeOut)
    xTaskCreate                              0x08003825   Thumb Code    86  tasks.o(i.xTaskCreate)
    xTaskGetSchedulerState                   0x0800387d   Thumb Code    22  tasks.o(i.xTaskGetSchedulerState)
    xTaskGetTickCount                        0x08003899   Thumb Code     6  tasks.o(i.xTaskGetTickCount)
    xTaskIncrementTick                       0x080038a5   Thumb Code   192  tasks.o(i.xTaskIncrementTick)
    xTaskPriorityDisinherit                  0x0800396d   Thumb Code   144  tasks.o(i.xTaskPriorityDisinherit)
    xTaskRemoveFromEventList                 0x08003a05   Thumb Code   108  tasks.o(i.xTaskRemoveFromEventList)
    xTaskResumeAll                           0x08003a79   Thumb Code   182  tasks.o(i.xTaskResumeAll)
    xTimerCreateTimerTask                    0x08003b3d   Thumb Code    58  timers.o(i.xTimerCreateTimerTask)
    xTimerGenericCommand                     0x08003b89   Thumb Code    92  timers.o(i.xTimerGenericCommand)
    Region$$Table$$Base                      0x08003be8   Number         0  anon$$obj.o(Region$$Table)
    Region$$Table$$Limit                     0x08003c08   Number         0  anon$$obj.o(Region$$Table)
    StartTaskHandler                         0x20000000   Data           4  task_init.o(.data)
    xUsart1RxQueue                           0x20000028   Data           4  task_usart.o(.data)
    xUsart2RxQueue                           0x2000002c   Data           4  task_usart.o(.data)
    xUsart3RxQueue                           0x20000030   Data           4  task_usart.o(.data)
    xusartTxQueue                            0x20000034   Data           4  task_usart.o(.data)
    xCanSendQueue                            0x20000038   Data           4  task_can.o(.data)
    xCan1RxQueue                             0x2000003c   Data           4  task_can.o(.data)
    xCan2RxQueue                             0x20000040   Data           4  task_can.o(.data)
    ZGyroModuleAngle                         0x20000050   Data           4  task_can.o(.data)
    crc1                                     0x20000056   Data           1  servo.o(.data)
    j                                        0x20000057   Data           1  servo.o(.data)
    Angle                                    0x20000058   Data           2  servo.o(.data)
    crc                                      0x2000005a   Data           2  servo.o(.data)
    pxCurrentTCB                             0x2000005c   Data           4  tasks.o(.data)
    SystemCoreClock                          0x200000e0   Data           4  system_stm32f4xx.o(.data)
    AHBPrescTable                            0x200000e4   Data          16  system_stm32f4xx.o(.data)
    __microlib_freelist                      0x200000f4   Data           4  mvars.o(.data)
    __microlib_freelist_initialised          0x200000f8   Data           4  mvars.o(.data)
    DR16                                     0x200000fc   Data          28  dr16.o(.bss)
    Motor                                    0x20000160   Data        1220  motor.o(.bss)
    Usart1Buffer                             0x20000624   Data          20  bsp_usart.o(.bss)
    Usart2Buffer                             0x20000638   Data          26  bsp_usart.o(.bss)
    Usart3Buffer                             0x20000652   Data          26  bsp_usart.o(.bss)
    xQueueRegistry                           0x2000066c   Data          64  queue.o(.bss)
    __heap_base                              0x200133a0   Data           0  startup_stm32f427_437xx.o(HEAP)
    __heap_limit                             0x200135a0   Data           0  startup_stm32f427_437xx.o(HEAP)
    __initial_sp                             0x200139a0   Data           0  startup_stm32f427_437xx.o(STACK)



==============================================================================

Memory Map of the image

  Image Entry point : 0x080001ad

  Load Region LR_IROM1 (Base: 0x08000000, Size: 0x00003d04, Max: 0x00200000, ABSOLUTE)

    Execution Region ER_IROM1 (Exec base: 0x08000000, Load base: 0x08000000, Size: 0x00003c08, Max: 0x00200000, ABSOLUTE)

    Exec Addr    Load Addr    Size         Type   Attr      Idx    E Section Name        Object

    0x08000000   0x08000000   0x000001ac   Data   RO         2687    RESET               startup_stm32f427_437xx.o
    0x080001ac   0x080001ac   0x00000000   Code   RO         7803  * .ARM.Collect$$$$00000000  mc_w.l(entry.o)
    0x080001ac   0x080001ac   0x00000004   Code   RO         8154    .ARM.Collect$$$$00000001  mc_w.l(entry2.o)
    0x080001b0   0x080001b0   0x00000004   Code   RO         8157    .ARM.Collect$$$$00000004  mc_w.l(entry5.o)
    0x080001b4   0x080001b4   0x00000000   Code   RO         8159    .ARM.Collect$$$$00000008  mc_w.l(entry7b.o)
    0x080001b4   0x080001b4   0x00000000   Code   RO         8161    .ARM.Collect$$$$0000000A  mc_w.l(entry8b.o)
    0x080001b4   0x080001b4   0x00000008   Code   RO         8162    .ARM.Collect$$$$0000000B  mc_w.l(entry9a.o)
    0x080001bc   0x080001bc   0x00000000   Code   RO         8164    .ARM.Collect$$$$0000000D  mc_w.l(entry10a.o)
    0x080001bc   0x080001bc   0x00000000   Code   RO         8166    .ARM.Collect$$$$0000000F  mc_w.l(entry11a.o)
    0x080001bc   0x080001bc   0x00000004   Code   RO         8155    .ARM.Collect$$$$00002712  mc_w.l(entry2.o)
    0x080001c0   0x080001c0   0x000000be   Code   RO         2608    .emb_text           port.o
    0x0800027e   0x0800027e   0x00000002   PAD
    0x08000280   0x08000280   0x00000024   Code   RO         2688    .text               startup_stm32f427_437xx.o
    0x080002a4   0x080002a4   0x00000024   Code   RO         7808    .text               mc_w.l(memcpya.o)
    0x080002c8   0x080002c8   0x00000024   Code   RO         7812    .text               mc_w.l(memseta.o)
    0x080002ec   0x080002ec   0x00000024   Code   RO         8208    .text               mc_w.l(init.o)
    0x08000310   0x08000310   0x000000d0   Code   RO         1421    i.BSP_CAN1_Init     bsp_can.o
    0x080003e0   0x080003e0   0x00000090   Code   RO         1571    i.BSP_I2C2_Init     bsp_i2c.o
    0x08000470   0x08000470   0x00000130   Code   RO         1451    i.BSP_NVIC_Init     bsp_nvic.o
    0x080005a0   0x080005a0   0x000000b4   Code   RO         1343    i.BSP_USART1_Init   bsp_usart.o
    0x08000654   0x08000654   0x000000b0   Code   RO         1345    i.BSP_USART2_Init   bsp_usart.o
    0x08000704   0x08000704   0x000000b4   Code   RO         1346    i.BSP_USART3_Init   bsp_usart.o
    0x080007b8   0x080007b8   0x00000002   Code   RO          181    i.BusFault_Handler  stm32f4xx_it.o
    0x080007ba   0x080007ba   0x00000002   PAD
    0x080007bc   0x080007bc   0x0000005c   Code   RO          182    i.CAN1_RX0_IRQHandler  stm32f4xx_it.o
    0x08000818   0x08000818   0x0000005c   Code   RO          183    i.CAN2_RX0_IRQHandler  stm32f4xx_it.o
    0x08000874   0x08000874   0x00000078   Code   RO         2991    i.CAN_ClearITPendingBit  stm32f4xx_can.o
    0x080008ec   0x080008ec   0x000000cc   Code   RO         2995    i.CAN_FilterInit    stm32f4xx_can.o
    0x080009b8   0x080009b8   0x000000a8   Code   RO         2997    i.CAN_GetITStatus   stm32f4xx_can.o
    0x08000a60   0x08000a60   0x00000010   Code   RO         3001    i.CAN_ITConfig      stm32f4xx_can.o
    0x08000a70   0x08000a70   0x000000e8   Code   RO         3002    i.CAN_Init          stm32f4xx_can.o
    0x08000b58   0x08000b58   0x00000090   Code   RO         3005    i.CAN_Receive       stm32f4xx_can.o
    0x08000be8   0x08000be8   0x000000a4   Code   RO         3010    i.CAN_Transmit      stm32f4xx_can.o
    0x08000c8c   0x08000c8c   0x000000b0   Code   RO          491    i.CanTaskCreate     task_can.o
    0x08000d3c   0x08000d3c   0x0000000c   Code   RO         3013    i.CheckITStatus     stm32f4xx_can.o
    0x08000d48   0x08000d48   0x00000084   Code   RO          377    i.ControlTaskCreate  task_ctrl.o
    0x08000dcc   0x08000dcc   0x00000014   Code   RO         3509    i.DMA_Cmd           stm32f4xx_dma.o
    0x08000de0   0x08000de0   0x00000124   Code   RO         3510    i.DMA_DeInit        stm32f4xx_dma.o
    0x08000f04   0x08000f04   0x0000000e   Code   RO         3514    i.DMA_GetCmdStatus  stm32f4xx_dma.o
    0x08000f12   0x08000f12   0x00000006   Code   RO         3515    i.DMA_GetCurrDataCounter  stm32f4xx_dma.o
    0x08000f18   0x08000f18   0x00000054   Code   RO         3521    i.DMA_Init          stm32f4xx_dma.o
    0x08000f6c   0x08000f6c   0x00000080   Code   RO         1475    i.DMA_USART1RxConfig  bsp_dma.o
    0x08000fec   0x08000fec   0x00000080   Code   RO         1476    i.DMA_USART2RxConfig  bsp_dma.o
    0x0800106c   0x0800106c   0x00000080   Code   RO         1478    i.DMA_USART3RxConfig  bsp_dma.o
    0x080010ec   0x080010ec   0x0000002c   Code   RO          882    i.DR16_Init         dr16.o
    0x08001118   0x08001118   0x0000007c   Code   RO          883    i.DR16_getMessage   dr16.o
    0x08001194   0x08001194   0x00000002   Code   RO          184    i.DebugMon_Handler  stm32f4xx_it.o
    0x08001196   0x08001196   0x00000002   PAD
    0x08001198   0x08001198   0x0000013c   Code   RO         1090    i.Dynamixel1_setSyncMsg  servo.o
    0x080012d4   0x080012d4   0x00000058   Code   RO         1094    i.Dynamixel_getMassage  servo.o
    0x0800132c   0x0800132c   0x000000a2   Code   RO         4354    i.GPIO_Init         stm32f4xx_gpio.o
    0x080013ce   0x080013ce   0x00000020   Code   RO         4355    i.GPIO_PinAFConfig  stm32f4xx_gpio.o
    0x080013ee   0x080013ee   0x0000000a   Code   RO         4366    i.GPIO_WriteBit     stm32f4xx_gpio.o
    0x080013f8   0x080013f8   0x00000002   Code   RO          185    i.HardFault_Handler  stm32f4xx_it.o
    0x080013fa   0x080013fa   0x00000014   Code   RO         4648    i.I2C_Cmd           stm32f4xx_i2c.o
    0x0800140e   0x0800140e   0x00000002   PAD
    0x08001410   0x08001410   0x00000044   Code   RO         4651    i.I2C_DeInit        stm32f4xx_i2c.o
    0x08001454   0x08001454   0x000000b8   Code   RO         4663    i.I2C_Init          stm32f4xx_i2c.o
    0x0800150c   0x0800150c   0x0000002c   Code   RO          846    i.KEY_Init          key.o
    0x08001538   0x08001538   0x00000070   Code   RO          822    i.LED_Init          led.o
    0x080015a8   0x080015a8   0x00000040   Code   RO          917    i.M2006_getMessage  motor.o
    0x080015e8   0x080015e8   0x00000054   Code   RO          918    i.M2006_setCurrent  motor.o
    0x0800163c   0x0800163c   0x00000040   Code   RO          919    i.M3508_getMessage  motor.o
    0x0800167c   0x0800167c   0x0000004c   Code   RO          920    i.M3508_setCurrent  motor.o
    0x080016c8   0x080016c8   0x00000040   Code   RO          921    i.M6020_getMessage  motor.o
    0x08001708   0x08001708   0x00000054   Code   RO          922    i.M6020_setCurrent  motor.o
    0x0800175c   0x0800175c   0x000000ac   Code   RO          923    i.M6020_setLimitAngle  motor.o
    0x08001808   0x08001808   0x0000009c   Code   RO          924    i.M6020_setTargetAngle  motor.o
    0x080018a4   0x080018a4   0x00000030   Code   RO          925    i.M6623_getMessage  motor.o
    0x080018d4   0x080018d4   0x00000002   Code   RO          186    i.MemManage_Handler  stm32f4xx_it.o
    0x080018d6   0x080018d6   0x00000002   PAD
    0x080018d8   0x080018d8   0x0000011c   Code   RO          926    i.MotorParamInit    motor.o
    0x080019f4   0x080019f4   0x00000002   Code   RO          187    i.NMI_Handler       stm32f4xx_it.o
    0x080019f6   0x080019f6   0x00000002   PAD
    0x080019f8   0x080019f8   0x00000064   Code   RO         2695    i.NVIC_Init         misc.o
    0x08001a5c   0x08001a5c   0x00000014   Code   RO         2696    i.NVIC_PriorityGroupConfig  misc.o
    0x08001a70   0x08001a70   0x00000018   Code   RO          655    i.PID_StructInit    pid.o
    0x08001a88   0x08001a88   0x00000018   Code   RO         5292    i.RCC_AHB1PeriphClockCmd  stm32f4xx_rcc.o
    0x08001aa0   0x08001aa0   0x00000018   Code   RO         5301    i.RCC_APB1PeriphClockCmd  stm32f4xx_rcc.o
    0x08001ab8   0x08001ab8   0x00000018   Code   RO         5303    i.RCC_APB1PeriphResetCmd  stm32f4xx_rcc.o
    0x08001ad0   0x08001ad0   0x00000018   Code   RO         5304    i.RCC_APB2PeriphClockCmd  stm32f4xx_rcc.o
    0x08001ae8   0x08001ae8   0x00000094   Code   RO         5313    i.RCC_GetClocksFreq  stm32f4xx_rcc.o
    0x08001b7c   0x08001b7c   0x000000d0   Code   RO         7718    i.SetSysClock       system_stm32f4xx.o
    0x08001c4c   0x08001c4c   0x0000002c   Code   RO         2609    i.SysTick_Handler   port.o
    0x08001c78   0x08001c78   0x0000005c   Code   RO         7720    i.SystemInit        system_stm32f4xx.o
    0x08001cd4   0x08001cd4   0x0000006c   Code   RO          188    i.USART1_IRQHandler  stm32f4xx_it.o
    0x08001d40   0x08001d40   0x00000068   Code   RO          189    i.USART2_IRQHandler  stm32f4xx_it.o
    0x08001da8   0x08001da8   0x00000074   Code   RO          190    i.USART3_IRQHandler  stm32f4xx_it.o
    0x08001e1c   0x08001e1c   0x00000006   Code   RO         7220    i.USART_ClearFlag   stm32f4xx_usart.o
    0x08001e22   0x08001e22   0x00000014   Code   RO         7224    i.USART_Cmd         stm32f4xx_usart.o
    0x08001e36   0x08001e36   0x00000010   Code   RO         7225    i.USART_DMACmd      stm32f4xx_usart.o
    0x08001e46   0x08001e46   0x0000000e   Code   RO         7227    i.USART_GetFlagStatus  stm32f4xx_usart.o
    0x08001e54   0x08001e54   0x0000003e   Code   RO         7228    i.USART_GetITStatus  stm32f4xx_usart.o
    0x08001e92   0x08001e92   0x00000030   Code   RO         7230    i.USART_ITConfig    stm32f4xx_usart.o
    0x08001ec2   0x08001ec2   0x00000002   PAD
    0x08001ec4   0x08001ec4   0x000000ac   Code   RO         7231    i.USART_Init        stm32f4xx_usart.o
    0x08001f70   0x08001f70   0x00000008   Code   RO         7241    i.USART_SendData    stm32f4xx_usart.o
    0x08001f78   0x08001f78   0x00000016   Code   RO         1348    i.USART_sendChar    bsp_usart.o
    0x08001f8e   0x08001f8e   0x00000002   Code   RO          191    i.UsageFault_Handler  stm32f4xx_it.o
    0x08001f90   0x08001f90   0x000000e8   Code   RO          424    i.UsartTaskCreate   task_usart.o
    0x08002078   0x08002078   0x0000000e   Code   RO         8214    i.__scatterload_copy  mc_w.l(handlers.o)
    0x08002086   0x08002086   0x00000002   Code   RO         8215    i.__scatterload_null  mc_w.l(handlers.o)
    0x08002088   0x08002088   0x0000000e   Code   RO         8216    i.__scatterload_zeroinit  mc_w.l(handlers.o)
    0x08002096   0x08002096   0x00000002   PAD
    0x08002098   0x08002098   0x00000050   Code   RO         8077    i.free              mc_w.l(malloc.o)
    0x080020e8   0x080020e8   0x00000034   Code   RO            4    i.main              main.o
    0x0800211c   0x0800211c   0x0000006c   Code   RO         8078    i.malloc            mc_w.l(malloc.o)
    0x08002188   0x08002188   0x0000000e   Code   RO          657    i.pidParamInit      pid.o
    0x08002196   0x08002196   0x00000006   Code   RO          658    i.pidReset          pid.o
    0x0800219c   0x0800219c   0x00000070   Code   RO         2099    i.prvAddCurrentTaskToDelayedList  tasks.o
    0x0800220c   0x0800220c   0x000000d0   Code   RO         2100    i.prvAddNewTaskToReadyList  tasks.o
    0x080022dc   0x080022dc   0x00000050   Code   RO         2432    i.prvCheckForValidListAndQueue  timers.o
    0x0800232c   0x0800232c   0x00000026   Code   RO         1751    i.prvCopyDataFromQueue  queue.o
    0x08002352   0x08002352   0x0000006c   Code   RO         1752    i.prvCopyDataToQueue  queue.o
    0x080023be   0x080023be   0x00000014   Code   RO         2101    i.prvDeleteTCB      tasks.o
    0x080023d2   0x080023d2   0x00000002   PAD
    0x080023d4   0x080023d4   0x0000004c   Code   RO         2559    i.prvHeapInit       heap_4.o
    0x08002420   0x08002420   0x00000060   Code   RO         2102    i.prvIdleTask       tasks.o
    0x08002480   0x08002480   0x0000009c   Code   RO         2103    i.prvInitialiseNewTask  tasks.o
    0x0800251c   0x0800251c   0x0000004c   Code   RO         2560    i.prvInsertBlockIntoFreeList  heap_4.o
    0x08002568   0x08002568   0x00000038   Code   RO         2433    i.prvInsertTimerInActiveList  timers.o
    0x080025a0   0x080025a0   0x0000001c   Code   RO         1753    i.prvIsQueueEmpty   queue.o
    0x080025bc   0x080025bc   0x000000b8   Code   RO         2434    i.prvProcessReceivedCommands  timers.o
    0x08002674   0x08002674   0x000000b4   Code   RO         2435    i.prvProcessTimerOrBlockTask  timers.o
    0x08002728   0x08002728   0x00000020   Code   RO         2105    i.prvResetNextTaskUnblockTime  tasks.o
    0x08002748   0x08002748   0x00000028   Code   RO         2436    i.prvSampleTimeNow  timers.o
    0x08002770   0x08002770   0x0000006c   Code   RO         2437    i.prvSwitchTimerLists  timers.o
    0x080027dc   0x080027dc   0x00000028   Code   RO         2610    i.prvTaskExitError  port.o
    0x08002804   0x08002804   0x00000024   Code   RO         2438    i.prvTimerTask      timers.o
    0x08002828   0x08002828   0x0000006a   Code   RO         1754    i.prvUnlockQueue    queue.o
    0x08002892   0x08002892   0x00000002   PAD
    0x08002894   0x08002894   0x000000d8   Code   RO         2561    i.pvPortMalloc      heap_4.o
    0x0800296c   0x0800296c   0x0000002c   Code   RO         2611    i.pxPortInitialiseStack  port.o
    0x08002998   0x08002998   0x00000026   Code   RO         1711    i.uxListRemove      list.o
    0x080029be   0x080029be   0x00000016   Code   RO         1712    i.vListInitialise   list.o
    0x080029d4   0x080029d4   0x00000006   Code   RO         1713    i.vListInitialiseItem  list.o
    0x080029da   0x080029da   0x00000030   Code   RO         1714    i.vListInsert       list.o
    0x08002a0a   0x08002a0a   0x00000018   Code   RO         1715    i.vListInsertEnd    list.o
    0x08002a22   0x08002a22   0x00000002   PAD
    0x08002a24   0x08002a24   0x00000040   Code   RO         2613    i.vPortEnterCritical  port.o
    0x08002a64   0x08002a64   0x00000028   Code   RO         2614    i.vPortExitCritical  port.o
    0x08002a8c   0x08002a8c   0x0000005c   Code   RO         2562    i.vPortFree         heap_4.o
    0x08002ae8   0x08002ae8   0x00000024   Code   RO         2615    i.vPortSetupTimerInterrupt  port.o
    0x08002b0c   0x08002b0c   0x00000054   Code   RO         2616    i.vPortValidateInterruptPriority  port.o
    0x08002b60   0x08002b60   0x00000028   Code   RO         1760    i.vQueueAddToRegistry  queue.o
    0x08002b88   0x08002b88   0x00000044   Code   RO         1764    i.vQueueWaitForMessageRestricted  queue.o
    0x08002bcc   0x08002bcc   0x000000a4   Code   RO          492    i.vTaskCan1Receive  task_can.o
    0x08002c70   0x08002c70   0x00000028   Code   RO          493    i.vTaskCan2Receive  task_can.o
    0x08002c98   0x08002c98   0x00000040   Code   RO          494    i.vTaskCanSend      task_can.o
    0x08002cd8   0x08002cd8   0x00000010   Code   RO          378    i.vTaskCtrlChassis  task_ctrl.o
    0x08002ce8   0x08002ce8   0x00000010   Code   RO          379    i.vTaskCtrlGimbal   task_ctrl.o
    0x08002cf8   0x08002cf8   0x00000078   Code   RO          380    i.vTaskCtrlJoint    task_ctrl.o
    0x08002d70   0x08002d70   0x0000004c   Code   RO         2115    i.vTaskDelay        tasks.o
    0x08002dbc   0x08002dbc   0x0000008c   Code   RO         2116    i.vTaskDelayUntil   tasks.o
    0x08002e48   0x08002e48   0x000000ac   Code   RO         2117    i.vTaskDelete       tasks.o
    0x08002ef4   0x08002ef4   0x00000010   Code   RO         2120    i.vTaskInternalSetTimeOutState  tasks.o
    0x08002f04   0x08002f04   0x00000098   Code   RO          302    i.vTaskLED0         task_init.o
    0x08002f9c   0x08002f9c   0x00000008   Code   RO          303    i.vTaskLED6         task_init.o
    0x08002fa4   0x08002fa4   0x0000000c   Code   RO         2121    i.vTaskMissedYield  tasks.o
    0x08002fb0   0x08002fb0   0x00000030   Code   RO         2123    i.vTaskPlaceOnEventList  tasks.o
    0x08002fe0   0x08002fe0   0x00000038   Code   RO         2124    i.vTaskPlaceOnEventListRestricted  tasks.o
    0x08003018   0x08003018   0x000000b0   Code   RO          304    i.vTaskStart        task_init.o
    0x080030c8   0x080030c8   0x00000070   Code   RO         2132    i.vTaskStartScheduler  tasks.o
    0x08003138   0x08003138   0x00000010   Code   RO         2134    i.vTaskSuspendAll   tasks.o
    0x08003148   0x08003148   0x0000005c   Code   RO         2135    i.vTaskSwitchContext  tasks.o
    0x080031a4   0x080031a4   0x00000034   Code   RO          426    i.vTaskUsart1Receive  task_usart.o
    0x080031d8   0x080031d8   0x00000020   Code   RO          427    i.vTaskUsart2Receive  task_usart.o
    0x080031f8   0x080031f8   0x00000018   Code   RO          428    i.vTaskUsart3Receive  task_usart.o
    0x08003210   0x08003210   0x0000007c   Code   RO          429    i.vTaskUsartSend    task_usart.o
    0x0800328c   0x0800328c   0x000000f4   Code   RO         2617    i.xPortStartScheduler  port.o
    0x08003380   0x08003380   0x00000052   Code   RO         1767    i.xQueueGenericCreate  queue.o
    0x080033d2   0x080033d2   0x00000002   PAD
    0x080033d4   0x080033d4   0x00000088   Code   RO         1768    i.xQueueGenericReset  queue.o
    0x0800345c   0x0800345c   0x00000160   Code   RO         1769    i.xQueueGenericSend  queue.o
    0x080035bc   0x080035bc   0x000000bc   Code   RO         1770    i.xQueueGenericSendFromISR  queue.o
    0x08003678   0x08003678   0x00000138   Code   RO         1777    i.xQueueReceive     queue.o
    0x080037b0   0x080037b0   0x00000074   Code   RO         2136    i.xTaskCheckForTimeOut  tasks.o
    0x08003824   0x08003824   0x00000056   Code   RO         2137    i.xTaskCreate       tasks.o
    0x0800387a   0x0800387a   0x00000002   PAD
    0x0800387c   0x0800387c   0x0000001c   Code   RO         2141    i.xTaskGetSchedulerState  tasks.o
    0x08003898   0x08003898   0x0000000c   Code   RO         2142    i.xTaskGetTickCount  tasks.o
    0x080038a4   0x080038a4   0x000000c8   Code   RO         2144    i.xTaskIncrementTick  tasks.o
    0x0800396c   0x0800396c   0x00000098   Code   RO         2147    i.xTaskPriorityDisinherit  tasks.o
    0x08003a04   0x08003a04   0x00000074   Code   RO         2149    i.xTaskRemoveFromEventList  tasks.o
    0x08003a78   0x08003a78   0x000000c4   Code   RO         2150    i.xTaskResumeAll    tasks.o
    0x08003b3c   0x08003b3c   0x0000004c   Code   RO         2444    i.xTimerCreateTimerTask  timers.o
    0x08003b88   0x08003b88   0x00000060   Code   RO         2445    i.xTimerGenericCommand  timers.o
    0x08003be8   0x08003be8   0x00000020   Data   RO         8212    Region$$Table       anon$$obj.o


    Execution Region RW_IRAM1 (Exec base: 0x20000000, Load base: 0x08003c08, Size: 0x000139a0, Max: 0x00030000, ABSOLUTE)

    Exec Addr    Load Addr    Size         Type   Attr      Idx    E Section Name        Object

    0x20000000   0x08003c08   0x0000000c   Data   RW          305    .data               task_init.o
    0x2000000c   0x08003c14   0x0000000c   Data   RW          381    .data               task_ctrl.o
    0x20000018   0x08003c20   0x00000020   Data   RW          430    .data               task_usart.o
    0x20000038   0x08003c40   0x0000001c   Data   RW          495    .data               task_can.o
    0x20000054   0x08003c5c   0x00000002   Data   RW          930    .data               motor.o
    0x20000056   0x08003c5e   0x00000006   Data   RW         1096    .data               servo.o
    0x2000005c   0x08003c64   0x0000003c   Data   RW         2153    .data               tasks.o
    0x20000098   0x08003ca0   0x00000014   Data   RW         2451    .data               timers.o
    0x200000ac   0x08003cb4   0x00000018   Data   RW         2567    .data               heap_4.o
    0x200000c4   0x08003ccc   0x0000000c   Data   RW         2618    .data               port.o
    0x200000d0   0x08003cd8   0x00000010   Data   RW         5345    .data               stm32f4xx_rcc.o
    0x200000e0   0x08003ce8   0x00000014   Data   RW         7721    .data               system_stm32f4xx.o
    0x200000f4   0x08003cfc   0x00000004   Data   RW         8178    .data               mc_w.l(mvars.o)
    0x200000f8   0x08003d00   0x00000004   Data   RW         8179    .data               mc_w.l(mvars.o)
    0x200000fc        -       0x0000001c   Zero   RW          884    .bss                dr16.o
    0x20000118        -       0x0000050c   Zero   RW          927    .bss                motor.o
    0x20000624        -       0x00000048   Zero   RW         1351    .bss                bsp_usart.o
    0x2000066c        -       0x00000040   Zero   RW         1781    .bss                queue.o
    0x200006ac        -       0x000000c8   Zero   RW         2152    .bss                tasks.o
    0x20000774        -       0x00000028   Zero   RW         2450    .bss                timers.o
    0x2000079c        -       0x00012c00   Zero   RW         2566    .bss                heap_4.o
    0x2001339c   0x08003d04   0x00000004   PAD
    0x200133a0        -       0x00000200   Zero   RW         2686    HEAP                startup_stm32f427_437xx.o
    0x200135a0        -       0x00000400   Zero   RW         2685    STACK               startup_stm32f427_437xx.o


==============================================================================

Image component sizes


      Code (inc. data)   RO Data    RW Data    ZI Data      Debug   Object Name

       208         10          0          0          0        772   bsp_can.o
       384         24          0          0          0       2227   bsp_dma.o
       144         14          0          0          0        644   bsp_i2c.o
       304         30          0          0          0        692   bsp_nvic.o
       558         42          0          0         72       4713   bsp_usart.o
       168         14          0          0         28       2155   dr16.o
         0          0          0          0          0      11912   event_groups.o
       460         24          0         24      76800       4591   heap_4.o
        44          4          0          0          0        523   key.o
       112         10          0          0          0        583   led.o
       138          0          0          0          0       3374   list.o
        52         22          0          0          0     311059   main.o
       120         14          0          0          0       1739   misc.o
      1096        120          0          2       1292       8090   motor.o
        44          8          0          0          0       2460   pid.o
       786         82          0         12          0      11693   port.o
      1458         20          0          0         64      13730   queue.o
       404         10          0          6          0       3286   servo.o
        36          8        428          0       1536        952   startup_stm32f427_437xx.o
      1060         20          0          0          0       7478   stm32f4xx_can.o
       416         24          0          0          0       4946   stm32f4xx_dma.o
       204          0          0          0          0       2679   stm32f4xx_gpio.o
       272         22          0          0          0       2802   stm32f4xx_i2c.o
       524         92          0          0          0      11143   stm32f4xx_it.o
       244         40          0         16          0       5864   stm32f4xx_rcc.o
       346          8          0          0          0       6802   stm32f4xx_usart.o
       300         36          0         20          0       2273   system_stm32f4xx.o
       444        114          0         28          0       3023   task_can.o
       284         68          0         12          0       2400   task_ctrl.o
       336         52          0         12          0       3504   task_init.o
       464        136          0         32          0       3291   task_usart.o
      2270        178          0         60        200      23364   tasks.o
       856         82          0         20         40      17343   timers.o

    ----------------------------------------------------------------------
     14560       1328        460        244      80036     482107   Object Totals
         0          0         32          0          0          0   (incl. Generated)
        24          0          0          0          4          0   (incl. Padding)

    ----------------------------------------------------------------------

      Code (inc. data)   RO Data    RW Data    ZI Data      Debug   Library Member Name

         0          0          0          0          0          0   entry.o
         0          0          0          0          0          0   entry10a.o
         0          0          0          0          0          0   entry11a.o
         8          4          0          0          0          0   entry2.o
         4          0          0          0          0          0   entry5.o
         0          0          0          0          0          0   entry7b.o
         0          0          0          0          0          0   entry8b.o
         8          4          0          0          0          0   entry9a.o
        30          0          0          0          0          0   handlers.o
        36          8          0          0          0         68   init.o
       188         20          0          0          0        160   malloc.o
        36          0          0          0          0         68   memcpya.o
        36          0          0          0          0        108   memseta.o
         0          0          0          8          0          0   mvars.o

    ----------------------------------------------------------------------
       348         36          0          8          0        404   Library Totals
         2          0          0          0          0          0   (incl. Padding)

    ----------------------------------------------------------------------

      Code (inc. data)   RO Data    RW Data    ZI Data      Debug   Library Name

       346         36          0          8          0        404   mc_w.l

    ----------------------------------------------------------------------
       348         36          0          8          0        404   Library Totals

    ----------------------------------------------------------------------

==============================================================================


      Code (inc. data)   RO Data    RW Data    ZI Data      Debug   

     14908       1364        460        252      80036     467759   Grand Totals
     14908       1364        460        252      80036     467759   ELF Image Totals
     14908       1364        460        252          0          0   ROM Totals

==============================================================================

    Total RO  Size (Code + RO Data)                15368 (  15.01kB)
    Total RW  Size (RW Data + ZI Data)             80288 (  78.41kB)
    Total ROM Size (Code + RO Data + RW Data)      15620 (  15.25kB)

==============================================================================

